Component: ARM Compiler 5.06 update 7 (build 960) Tool: armlink [4d3601]

==============================================================================

Section Cross References

    startup_stm32f103xb.o(RESET) refers to startup_stm32f103xb.o(STACK) for __initial_sp
    startup_stm32f103xb.o(RESET) refers to startup_stm32f103xb.o(.text) for Reset_Handler
    startup_stm32f103xb.o(RESET) refers to stm32f1xx_it.o(i.NMI_Handler) for NMI_Handler
    startup_stm32f103xb.o(RESET) refers to stm32f1xx_it.o(i.HardFault_Handler) for HardFault_Handler
    startup_stm32f103xb.o(RESET) refers to stm32f1xx_it.o(i.MemManage_Handler) for MemManage_Handler
    startup_stm32f103xb.o(RESET) refers to stm32f1xx_it.o(i.BusFault_Handler) for BusFault_Handler
    startup_stm32f103xb.o(RESET) refers to stm32f1xx_it.o(i.UsageFault_Handler) for UsageFault_Handler
    startup_stm32f103xb.o(RESET) refers to stm32f1xx_it.o(i.SVC_Handler) for SVC_Handler
    startup_stm32f103xb.o(RESET) refers to stm32f1xx_it.o(i.DebugMon_Handler) for DebugMon_Handler
    startup_stm32f103xb.o(RESET) refers to stm32f1xx_it.o(i.PendSV_Handler) for PendSV_Handler
    startup_stm32f103xb.o(RESET) refers to stm32f1xx_it.o(i.SysTick_Handler) for SysTick_Handler
    startup_stm32f103xb.o(RESET) refers to stm32f1xx_it.o(i.PVD_IRQHandler) for PVD_IRQHandler
    startup_stm32f103xb.o(RESET) refers to stm32f1xx_it.o(i.FLASH_IRQHandler) for FLASH_IRQHandler
    startup_stm32f103xb.o(RESET) refers to stm32f1xx_it.o(i.RCC_IRQHandler) for RCC_IRQHandler
    startup_stm32f103xb.o(RESET) refers to stm32f1xx_it.o(i.DMA1_Channel5_IRQHandler) for DMA1_Channel5_IRQHandler
    startup_stm32f103xb.o(RESET) refers to stm32f1xx_it.o(i.ADC1_2_IRQHandler) for ADC1_2_IRQHandler
    startup_stm32f103xb.o(RESET) refers to stm32f1xx_it.o(i.EXTI9_5_IRQHandler) for EXTI9_5_IRQHandler
    startup_stm32f103xb.o(RESET) refers to stm32f1xx_it.o(i.TIM2_IRQHandler) for TIM2_IRQHandler
    startup_stm32f103xb.o(RESET) refers to stm32f1xx_it.o(i.TIM4_IRQHandler) for TIM4_IRQHandler
    startup_stm32f103xb.o(RESET) refers to stm32f1xx_it.o(i.USART1_IRQHandler) for USART1_IRQHandler
    startup_stm32f103xb.o(.text) refers to system_stm32f1xx.o(i.SystemInit) for SystemInit
    startup_stm32f103xb.o(.text) refers to entry.o(.ARM.Collect$$$$00000000) for __main
    flash_page.o(i.Convert_To_Str) refers to strlen.o(.text) for strlen
    flash_page.o(i.Flash_Write_Data) refers to stm32f1xx_hal_flash.o(i.HAL_FLASH_Unlock) for HAL_FLASH_Unlock
    flash_page.o(i.Flash_Write_Data) refers to flash_page.o(i.GetPage) for GetPage
    flash_page.o(i.Flash_Write_Data) refers to stm32f1xx_hal_flash_ex.o(i.HAL_FLASHEx_Erase) for HAL_FLASHEx_Erase
    flash_page.o(i.Flash_Write_Data) refers to stm32f1xx_hal_flash.o(i.HAL_FLASH_GetError) for HAL_FLASH_GetError
    flash_page.o(i.Flash_Write_Data) refers to stm32f1xx_hal_flash.o(i.HAL_FLASH_Program) for HAL_FLASH_Program
    flash_page.o(i.Flash_Write_Data) refers to stm32f1xx_hal_flash.o(i.HAL_FLASH_Lock) for HAL_FLASH_Lock
    flash_page.o(i.Flash_Write_Data) refers to flash_page.o(.bss) for EraseInitStruct
    scheduller.o(i.Periodic_task) refers to stm32f1xx_hal.o(i.HAL_GetTick) for HAL_GetTick
    usart_comm.o(i.copyCalibFlashToRam) refers to flash_page.o(i.Flash_Read_Data) for Flash_Read_Data
    usart_comm.o(i.copyCalibFlashToRam) refers to general_def.o(.bss) for calibFlashBlock
    usart_comm.o(i.copyCalibRamToUart) refers to general_def.o(.bss) for calibFlashBlock
    usart_comm.o(i.copyCalibRamToUart) refers to usart_comm.o(.bss) for UART1_rxBuffer
    usart_comm.o(i.copyCalibUartToRam) refers to usart_comm.o(.bss) for UART1_rxBuffer
    usart_comm.o(i.copyCalibUartToRam) refers to general_def.o(.bss) for calibFlashBlock
    usart_comm.o(i.initializeCalibOnRAM) refers to general_def.o(.constdata) for Initial_Calibration
    usart_comm.o(i.initializeCalibOnRAM) refers to general_def.o(.bss) for calibFlashBlock
    usart_comm.o(i.receiveData) refers to usart_comm.o(i.saveCalibRamToFlash) for saveCalibRamToFlash
    usart_comm.o(i.receiveData) refers to usart_comm.o(i.transmitCalibToUART) for transmitCalibToUART
    usart_comm.o(i.receiveData) refers to usart_comm.o(i.copyCalibUartToRam) for copyCalibUartToRam
    usart_comm.o(i.receiveData) refers to usart_comm.o(.data) for receptstatus
    usart_comm.o(i.receiveData) refers to usart_comm.o(.bss) for UART1_rxBuffer
    usart_comm.o(i.saveCalibRamToFlash) refers to flash_page.o(i.Flash_Write_Data) for Flash_Write_Data
    usart_comm.o(i.saveCalibRamToFlash) refers to general_def.o(.bss) for calibFlashBlock
    usart_comm.o(i.systemInitialization) refers to usart_comm.o(i.copyCalibFlashToRam) for copyCalibFlashToRam
    usart_comm.o(i.systemInitialization) refers to usart_comm.o(i.initializeCalibOnRAM) for initializeCalibOnRAM
    usart_comm.o(i.systemInitialization) refers to usart_comm.o(i.saveCalibRamToFlash) for saveCalibRamToFlash
[...]
    Removing stm32f1xx_hal_uart.o(i.HAL_UART_Transmit_IT), (88 bytes).
    Removing stm32f1xx_hal_uart.o(i.HAL_UART_TxCpltCallback), (2 bytes).
    Removing stm32f1xx_hal_uart.o(i.UART_DMARxAbortCallback), (52 bytes).
    Removing stm32f1xx_hal_uart.o(i.UART_DMARxOnlyAbortCallback), (24 bytes).
    Removing stm32f1xx_hal_uart.o(i.UART_DMATxAbortCallback), (52 bytes).
    Removing stm32f1xx_hal_uart.o(i.UART_DMATxOnlyAbortCallback), (24 bytes).
    Removing stm32f1xx_hal_uart.o(i.UART_WaitOnFlagUntilTimeout), (108 bytes).
    Removing system_stm32f1xx.o(.rev16_text), (4 bytes).
    Removing system_stm32f1xx.o(.revsh_text), (4 bytes).
    Removing system_stm32f1xx.o(.rrx_text), (6 bytes).
    Removing system_stm32f1xx.o(i.SystemCoreClockUpdate), (164 bytes).

392 unused section(s) (total 28010 bytes) removed from the image.

==============================================================================

Image Symbol Table

    Local Symbols

    Symbol Name                              Value     Ov Type        Size  Object(Section)

    ../Drivers/STM32F1xx_HAL_Driver/Src/stm32f1xx_hal.c 0x00000000   Number         0  stm32f1xx_hal.o ABSOLUTE
    ../Drivers/STM32F1xx_HAL_Driver/Src/stm32f1xx_hal_adc.c 0x00000000   Number         0  stm32f1xx_hal_adc.o ABSOLUTE
    ../Drivers/STM32F1xx_HAL_Driver/Src/stm32f1xx_hal_adc_ex.c 0x00000000   Number         0  stm32f1xx_hal_adc_ex.o ABSOLUTE
    ../Drivers/STM32F1xx_HAL_Driver/Src/stm32f1xx_hal_cortex.c 0x00000000   Number         0  stm32f1xx_hal_cortex.o ABSOLUTE
    ../Drivers/STM32F1xx_HAL_Driver/Src/stm32f1xx_hal_dma.c 0x00000000   Number         0  stm32f1xx_hal_dma.o ABSOLUTE
    ../Drivers/STM32F1xx_HAL_Driver/Src/stm32f1xx_hal_exti.c 0x00000000   Number         0  stm32f1xx_hal_exti.o ABSOLUTE
    ../Drivers/STM32F1xx_HAL_Driver/Src/stm32f1xx_hal_flash.c 0x00000000   Number         0  stm32f1xx_hal_flash.o ABSOLUTE
    ../Drivers/STM32F1xx_HAL_Driver/Src/stm32f1xx_hal_flash_ex.c 0x00000000   Number         0  stm32f1xx_hal_flash_ex.o ABSOLUTE
    ../Drivers/STM32F1xx_HAL_Driver/Src/stm32f1xx_hal_gpio.c 0x00000000   Number         0  stm32f1xx_hal_gpio.o ABSOLUTE
    ../Drivers/STM32F1xx_HAL_Driver/Src/stm32f1xx_hal_gpio_ex.c 0x00000000   Number         0  stm32f1xx_hal_gpio_ex.o ABSOLUTE
    ../Drivers/STM32F1xx_HAL_Driver/Src/stm32f1xx_hal_pwr.c 0x00000000   Number         0  stm32f1xx_hal_pwr.o ABSOLUTE
    ../Drivers/STM32F1xx_HAL_Driver/Src/stm32f1xx_hal_rcc.c 0x00000000   Number         0  stm32f1xx_hal_rcc.o ABSOLUTE
    ../Drivers/STM32F1xx_HAL_Driver/Src/stm32f1xx_hal_rcc_ex.c 0x00000000   Number         0  stm32f1xx_hal_rcc_ex.o ABSOLUTE
    ../Drivers/STM32F1xx_HAL_Driver/Src/stm32f1xx_hal_tim.c 0x00000000   Number         0  stm32f1xx_hal_tim.o ABSOLUTE
    ../Drivers/STM32F1xx_HAL_Driver/Src/stm32f1xx_hal_tim_ex.c 0x00000000   Number         0  stm32f1xx_hal_tim_ex.o ABSOLUTE
    ../Drivers/STM32F1xx_HAL_Driver/Src/stm32f1xx_hal_uart.c 0x00000000   Number         0  stm32f1xx_hal_uart.o ABSOLUTE
    ../Src/main.c                            0x00000000   Number         0  main.o ABSOLUTE
    ../Src/stm32f1xx_hal_msp.c               0x00000000   Number         0  stm32f1xx_hal_msp.o ABSOLUTE
    ../Src/stm32f1xx_it.c                    0x00000000   Number         0  stm32f1xx_it.o ABSOLUTE
    ../Src/system_stm32f1xx.c                0x00000000   Number         0  system_stm32f1xx.o ABSOLUTE
    ../clib/microlib/init/entry.s            0x00000000   Number         0  entry11b.o ABSOLUTE
    ../clib/microlib/init/entry.s            0x00000000   Number         0  entry.o ABSOLUTE
    ../clib/microlib/init/entry.s            0x00000000   Number         0  entry11a.o ABSOLUTE
    ../clib/microlib/init/entry.s            0x00000000   Number         0  entry7b.o ABSOLUTE
    ../clib/microlib/init/entry.s            0x00000000   Number         0  entry10b.o ABSOLUTE
    ../clib/microlib/init/entry.s            0x00000000   Number         0  entry8a.o ABSOLUTE
    ../clib/microlib/init/entry.s            0x00000000   Number         0  entry10a.o ABSOLUTE
    ../clib/microlib/init/entry.s            0x00000000   Number         0  entry9a.o ABSOLUTE
    ../clib/microlib/init/entry.s            0x00000000   Number         0  entry9b.o ABSOLUTE
    ../clib/microlib/init/entry.s            0x00000000   Number         0  entry8b.o ABSOLUTE
    ../clib/microlib/init/entry.s            0x00000000   Number         0  entry7a.o ABSOLUTE
    ../clib/microlib/init/entry.s            0x00000000   Number         0  entry2.o ABSOLUTE
    ../clib/microlib/init/entry.s            0x00000000   Number         0  entry5.o ABSOLUTE
    ../clib/microlib/init/entry.s            0x00000000   Number         0  entry12b.o ABSOLUTE
    ../clib/microlib/init/entry.s            0x00000000   Number         0  entry12a.o ABSOLUTE
    ../clib/microlib/longlong.c              0x00000000   Number         0  llushr.o ABSOLUTE
    ../clib/microlib/string/memset.c         0x00000000   Number         0  memseta.o ABSOLUTE
    ../clib/microlib/string/strlen.c         0x00000000   Number         0  strlen.o ABSOLUTE
    ..\Drivers\STM32F1xx_HAL_Driver\Src\stm32f1xx_hal.c 0x00000000   Number         0  stm32f1xx_hal.o ABSOLUTE
    ..\Drivers\STM32F1xx_HAL_Driver\Src\stm32f1xx_hal_adc.c 0x00000000   Number         0  stm32f1xx_hal_adc.o ABSOLUTE
    ..\Drivers\STM32F1xx_HAL_Driver\Src\stm32f1xx_hal_adc_ex.c 0x00000000   Number         0  stm32f1xx_hal_adc_ex.o ABSOLUTE
    ..\Drivers\STM32F1xx_HAL_Driver\Src\stm32f1xx_hal_cortex.c 0x00000000   Number         0  stm32f1xx_hal_cortex.o ABSOLUTE
    ..\Drivers\STM32F1xx_HAL_Driver\Src\stm32f1xx_hal_dma.c 0x00000000   Number         0  stm32f1xx_hal_dma.o ABSOLUTE
    ..\Drivers\STM32F1xx_HAL_Driver\Src\stm32f1xx_hal_exti.c 0x00000000   Number         0  stm32f1xx_hal_exti.o ABSOLUTE
    ..\Drivers\STM32F1xx_HAL_Driver\Src\stm32f1xx_hal_flash.c 0x00000000   Number         0  stm32f1xx_hal_flash.o ABSOLUTE
    ..\Drivers\STM32F1xx_HAL_Driver\Src\stm32f1xx_hal_flash_ex.c 0x00000000   Number         0  stm32f1xx_hal_flash_ex.o ABSOLUTE
    ..\Drivers\STM32F1xx_HAL_Driver\Src\stm32f1xx_hal_gpio.c 0x00000000   Number         0  stm32f1xx_hal_gpio.o ABSOLUTE
    ..\Drivers\STM32F1xx_HAL_Driver\Src\stm32f1xx_hal_gpio_ex.c 0x00000000   Number         0  stm32f1xx_hal_gpio_ex.o ABSOLUTE
    ..\Drivers\STM32F1xx_HAL_Driver\Src\stm32f1xx_hal_pwr.c 0x00000000   Number         0  stm32f1xx_hal_pwr.o ABSOLUTE
    ..\Drivers\STM32F1xx_HAL_Driver\Src\stm32f1xx_hal_rcc.c 0x00000000   Number         0  stm32f1xx_hal_rcc.o ABSOLUTE
    ..\Drivers\STM32F1xx_HAL_Driver\Src\stm32f1xx_hal_rcc_ex.c 0x00000000   Number         0  stm32f1xx_hal_rcc_ex.o ABSOLUTE
    ..\Drivers\STM32F1xx_HAL_Driver\Src\stm32f1xx_hal_tim.c 0x00000000   Number         0  stm32f1xx_hal_tim.o ABSOLUTE
    ..\Drivers\STM32F1xx_HAL_Driver\Src\stm32f1xx_hal_tim_ex.c 0x00000000   Number         0  stm32f1xx_hal_tim_ex.o ABSOLUTE
    ..\Drivers\STM32F1xx_HAL_Driver\Src\stm32f1xx_hal_uart.c 0x00000000   Number         0  stm32f1xx_hal_uart.o ABSOLUTE
    ..\Src\FlASH_PAGE.c                      0x00000000   Number         0  flash_page.o ABSOLUTE
    ..\Src\GENERAL_DEF.c                     0x00000000   Number         0  general_def.o ABSOLUTE
    ..\Src\IO_CONTROL.c                      0x00000000   Number         0  io_control.o ABSOLUTE
    ..\Src\MATH_LIB.c                        0x00000000   Number         0  math_lib.o ABSOLUTE
    ..\Src\SCHEDULLER.c                      0x00000000   Number         0  scheduller.o ABSOLUTE
    ..\Src\TIMER_FUNC.c                      0x00000000   Number         0  timer_func.o ABSOLUTE
    ..\Src\USART_COMM.c                      0x00000000   Number         0  usart_comm.o ABSOLUTE
    ..\Src\main.c                            0x00000000   Number         0  main.o ABSOLUTE
    ..\Src\stm32f1xx_hal_msp.c               0x00000000   Number         0  stm32f1xx_hal_msp.o ABSOLUTE
    ..\Src\stm32f1xx_it.c                    0x00000000   Number         0  stm32f1xx_it.o ABSOLUTE
    ..\Src\system_stm32f1xx.c                0x00000000   Number         0  system_stm32f1xx.o ABSOLUTE
    ..\\Src\\FlASH_PAGE.c                    0x00000000   Number         0  flash_page.o ABSOLUTE
    ..\\Src\\GENERAL_DEF.c                   0x00000000   Number         0  general_def.o ABSOLUTE
    ..\\Src\\IO_CONTROL.c                    0x00000000   Number         0  io_control.o ABSOLUTE
    ..\\Src\\MATH_LIB.c                      0x00000000   Number         0  math_lib.o ABSOLUTE
    ..\\Src\\SCHEDULLER.c                    0x00000000   Number         0  scheduller.o ABSOLUTE
    ..\\Src\\TIMER_FUNC.c                    0x00000000   Number         0  timer_func.o ABSOLUTE
    ..\\Src\\USART_COMM.c                    0x00000000   Number         0  usart_comm.o ABSOLUTE
    dc.s                                     0x00000000   Number         0  dc.o ABSOLUTE
    handlers.s                               0x00000000   Number         0  handlers.o ABSOLUTE
    init.s                                   0x00000000   Number         0  init.o ABSOLUTE
    startup_stm32f103xb.s                    0x00000000   Number         0  startup_stm32f103xb.o ABSOLUTE
    RESET                                    0x08000000   Section      236  startup_stm32f103xb.o(RESET)
    .ARM.Collect$$$$00000000                 0x080000ec   Section        0  entry.o(.ARM.Collect$$$$00000000)
    .ARM.Collect$$$$00000001                 0x080000ec   Section        4  entry2.o(.ARM.Collect$$$$00000001)
    .ARM.Collect$$$$00000004                 0x080000f0   Section        4  entry5.o(.ARM.Collect$$$$00000004)
    .ARM.Collect$$$$00000008                 0x080000f4   Section        0  entry7b.o(.ARM.Collect$$$$00000008)
    .ARM.Collect$$$$0000000A                 0x080000f4   Section        0  entry8b.o(.ARM.Collect$$$$0000000A)
    .ARM.Collect$$$$0000000B                 0x080000f4   Section        8  entry9a.o(.ARM.Collect$$$$0000000B)
    .ARM.Collect$$$$0000000E                 0x080000fc   Section        4  entry12b.o(.ARM.Collect$$$$0000000E)
    .ARM.Collect$$$$0000000F                 0x08000100   Section        0  entry10a.o(.ARM.Collect$$$$0000000F)
    .ARM.Collect$$$$00000011                 0x08000100   Section        0  entry11a.o(.ARM.Collect$$$$00000011)
    .ARM.Collect$$$$00002712                 0x08000100   Section        4  entry2.o(.ARM.Collect$$$$00002712)
    __lit__00000000                          0x08000100   Data           4  entry2.o(.ARM.Collect$$$$00002712)
    .text                                    0x08000104   Section       36  startup_stm32f103xb.o(.text)
    .text                                    0x08000128   Section        0  llushr.o(.text)
    .text                                    0x08000148   Section        0  memseta.o(.text)
    .text                                    0x0800016c   Section       36  init.o(.text)
    i.ADC1_2_IRQHandler                      0x08000190   Section        0  stm32f1xx_it.o(i.ADC1_2_IRQHandler)
    i.ADC_ConversionStop_Disable             0x080001a8   Section        0  stm32f1xx_hal_adc.o(i.ADC_ConversionStop_Disable)
    i.BusFault_Handler                       0x080001fa   Section        0  stm32f1xx_it.o(i.BusFault_Handler)
    i.Cut_Igntion                            0x08000200   Section        0  main.o(i.Cut_Igntion)
    i.DMA1_Channel5_IRQHandler               0x08000228   Section        0  stm32f1xx_it.o(i.DMA1_Channel5_IRQHandler)
    i.DMA_SetConfig                          0x08000238   Section        0  stm32f1xx_hal_dma.o(i.DMA_SetConfig)
    DMA_SetConfig                            0x08000239   Thumb Code    44  stm32f1xx_hal_dma.o(i.DMA_SetConfig)
    i.DebugMon_Handler                       0x08000264   Section        0  stm32f1xx_it.o(i.DebugMon_Handler)
    i.EXTI9_5_IRQHandler                     0x08000266   Section        0  stm32f1xx_it.o(i.EXTI9_5_IRQHandler)
    i.Engine_STOP_test                       0x08000274   Section        0  main.o(i.Engine_STOP_test)
    i.Error_Handler                          0x080002b0   Section        0  main.o(i.Error_Handler)
    i.FLASH_IRQHandler                       0x080002b2   Section        0  stm32f1xx_it.o(i.FLASH_IRQHandler)
    i.FLASH_MassErase                        0x080002bc   Section        0  stm32f1xx_hal_flash_ex.o(i.FLASH_MassErase)
    FLASH_MassErase                          0x080002bd   Thumb Code    30  stm32f1xx_hal_flash_ex.o(i.FLASH_MassErase)
    i.FLASH_PageErase                        0x080002e4   Section        0  stm32f1xx_hal_flash_ex.o(i.FLASH_PageErase)
    i.FLASH_Program_HalfWord                 0x0800030c   Section        0  stm32f1xx_hal_flash.o(i.FLASH_Program_HalfWord)
    FLASH_Program_HalfWord                   0x0800030d   Thumb Code    22  stm32f1xx_hal_flash.o(i.FLASH_Program_HalfWord)
    i.FLASH_SetErrorCode                     0x0800032c   Section        0  stm32f1xx_hal_flash.o(i.FLASH_SetErrorCode)
    FLASH_SetErrorCode                       0x0800032d   Thumb Code   124  stm32f1xx_hal_flash.o(i.FLASH_SetErrorCode)
    i.FLASH_WaitForLastOperation             0x080003b0   Section        0  stm32f1xx_hal_flash.o(i.FLASH_WaitForLastOperation)
    i.Falling_Edge_Event                     0x08000420   Section        0  main.o(i.Falling_Edge_Event)
    i.Filter16bits                           0x08000468   Section        0  math_lib.o(i.Filter16bits)
    i.Flash_Read_Data                        0x0800047e   Section        0  flash_page.o(i.Flash_Read_Data)
    i.Flash_Write_Data                       0x0800049c   Section        0  flash_page.o(i.Flash_Write_Data)
    i.GetPage                                0x08000520   Section        0  flash_page.o(i.GetPage)
    GetPage                                  0x08000521   Thumb Code    46  flash_page.o(i.GetPage)
    i.HAL_ADCEx_InjectedConvCpltCallback     0x08000554   Section        0  stm32f1xx_hal_adc_ex.o(i.HAL_ADCEx_InjectedConvCpltCallback)
    i.HAL_ADC_ConfigChannel                  0x08000558   Section        0  stm32f1xx_hal_adc.o(i.HAL_ADC_ConfigChannel)
    i.HAL_ADC_ConvCpltCallback               0x080006b8   Section        0  stm32f1xx_hal_adc.o(i.HAL_ADC_ConvCpltCallback)
    i.HAL_ADC_IRQHandler                     0x080006ba   Section        0  stm32f1xx_hal_adc.o(i.HAL_ADC_IRQHandler)
    i.HAL_ADC_Init                           0x080007dc   Section        0  stm32f1xx_hal_adc.o(i.HAL_ADC_Init)
    i.HAL_ADC_LevelOutOfWindowCallback       0x08000920   Section        0  stm32f1xx_hal_adc.o(i.HAL_ADC_LevelOutOfWindowCallback)
    i.HAL_ADC_MspInit                        0x08000924   Section        0  stm32f1xx_hal_msp.o(i.HAL_ADC_MspInit)
    i.HAL_DMA_Abort_IT                       0x08000a08   Section        0  stm32f1xx_hal_dma.o(i.HAL_DMA_Abort_IT)
    i.HAL_DMA_IRQHandler                     0x08000ab8   Section        0  stm32f1xx_hal_dma.o(i.HAL_DMA_IRQHandler)
    i.HAL_DMA_Init                           0x08000c54   Section        0  stm32f1xx_hal_dma.o(i.HAL_DMA_Init)
    i.HAL_DMA_Start_IT                       0x08000cbc   Section        0  stm32f1xx_hal_dma.o(i.HAL_DMA_Start_IT)
    i.HAL_FLASHEx_Erase                      0x08000d58   Section        0  stm32f1xx_hal_flash_ex.o(i.HAL_FLASHEx_Erase)
    i.HAL_FLASH_EndOfOperationCallback       0x08000e08   Section        0  stm32f1xx_hal_flash.o(i.HAL_FLASH_EndOfOperationCallback)
    i.HAL_FLASH_GetError                     0x08000e0c   Section        0  stm32f1xx_hal_flash.o(i.HAL_FLASH_GetError)
    i.HAL_FLASH_IRQHandler                   0x08000e18   Section        0  stm32f1xx_hal_flash.o(i.HAL_FLASH_IRQHandler)
    i.HAL_FLASH_Lock                         0x08000f98   Section        0  stm32f1xx_hal_flash.o(i.HAL_FLASH_Lock)
    i.HAL_FLASH_OperationErrorCallback       0x08000fac   Section        0  stm32f1xx_hal_flash.o(i.HAL_FLASH_OperationErrorCallback)
    i.HAL_FLASH_Program                      0x08000fb0   Section        0  stm32f1xx_hal_flash.o(i.HAL_FLASH_Program)
    i.HAL_FLASH_Unlock                       0x08001060   Section        0  stm32f1xx_hal_flash.o(i.HAL_FLASH_Unlock)
    i.HAL_GPIO_EXTI_Callback                 0x08001090   Section        0  stm32f1xx_hal_gpio.o(i.HAL_GPIO_EXTI_Callback)
    i.HAL_GPIO_EXTI_IRQHandler               0x08001094   Section        0  stm32f1xx_hal_gpio.o(i.HAL_GPIO_EXTI_IRQHandler)
    i.HAL_GPIO_Init                          0x080010b0   Section        0  stm32f1xx_hal_gpio.o(i.HAL_GPIO_Init)
    i.HAL_GPIO_TogglePin                     0x080013d0   Section        0  stm32f1xx_hal_gpio.o(i.HAL_GPIO_TogglePin)
    i.HAL_GPIO_WritePin                      0x080013de   Section        0  stm32f1xx_hal_gpio.o(i.HAL_GPIO_WritePin)
    i.HAL_GetTick                            0x080013ec   Section        0  stm32f1xx_hal.o(i.HAL_GetTick)
    i.HAL_IncTick                            0x080013f8   Section        0  stm32f1xx_hal.o(i.HAL_IncTick)
    i.HAL_Init                               0x08001410   Section        0  stm32f1xx_hal.o(i.HAL_Init)
    i.HAL_InitTick                           0x08001438   Section        0  stm32f1xx_hal.o(i.HAL_InitTick)
    i.HAL_MspInit                            0x08001484   Section        0  stm32f1xx_hal_msp.o(i.HAL_MspInit)
    i.HAL_NVIC_EnableIRQ                     0x08001510   Section        0  stm32f1xx_hal_cortex.o(i.HAL_NVIC_EnableIRQ)
    i.HAL_NVIC_SetPriority                   0x08001530   Section        0  stm32f1xx_hal_cortex.o(i.HAL_NVIC_SetPriority)
    i.HAL_NVIC_SetPriorityGrouping           0x080015ac   Section        0  stm32f1xx_hal_cortex.o(i.HAL_NVIC_SetPriorityGrouping)
    i.HAL_PWR_PVDCallback                    0x080015d4   Section        0  stm32f1xx_hal_pwr.o(i.HAL_PWR_PVDCallback)
    i.HAL_PWR_PVD_IRQHandler                 0x080015d8   Section        0  stm32f1xx_hal_pwr.o(i.HAL_PWR_PVD_IRQHandler)
    i.HAL_RCCEx_PeriphCLKConfig              0x080015f8   Section        0  stm32f1xx_hal_rcc_ex.o(i.HAL_RCCEx_PeriphCLKConfig)
    i.HAL_RCC_ClockConfig                    0x08001728   Section        0  stm32f1xx_hal_rcc.o(i.HAL_RCC_ClockConfig)
    i.HAL_RCC_GetHCLKFreq                    0x080018b4   Section        0  stm32f1xx_hal_rcc.o(i.HAL_RCC_GetHCLKFreq)
    i.HAL_RCC_GetPCLK1Freq                   0x080018c0   Section        0  stm32f1xx_hal_rcc.o(i.HAL_RCC_GetPCLK1Freq)
    i.HAL_RCC_GetPCLK2Freq                   0x080018e0   Section        0  stm32f1xx_hal_rcc.o(i.HAL_RCC_GetPCLK2Freq)
    i.HAL_RCC_GetSysClockFreq                0x08001900   Section        0  stm32f1xx_hal_rcc.o(i.HAL_RCC_GetSysClockFreq)
    i.HAL_RCC_OscConfig                      0x08001994   Section        0  stm32f1xx_hal_rcc.o(i.HAL_RCC_OscConfig)
    i.HAL_SYSTICK_Config                     0x08001df8   Section        0  stm32f1xx_hal_cortex.o(i.HAL_SYSTICK_Config)
    i.HAL_TIMEx_BreakCallback                0x08001e2c   Section        0  stm32f1xx_hal_tim_ex.o(i.HAL_TIMEx_BreakCallback)
    i.HAL_TIMEx_CommutCallback               0x08001e2e   Section        0  stm32f1xx_hal_tim_ex.o(i.HAL_TIMEx_CommutCallback)
    i.HAL_TIMEx_MasterConfigSynchronization  0x08001e30   Section        0  stm32f1xx_hal_tim_ex.o(i.HAL_TIMEx_MasterConfigSynchronization)
    i.HAL_TIM_Base_Init                      0x08001e84   Section        0  stm32f1xx_hal_tim.o(i.HAL_TIM_Base_Init)
    i.HAL_TIM_Base_MspInit                   0x08001eb8   Section        0  stm32f1xx_hal_msp.o(i.HAL_TIM_Base_MspInit)
    i.HAL_TIM_ConfigClockSource              0x08001f8c   Section        0  stm32f1xx_hal_tim.o(i.HAL_TIM_ConfigClockSource)
    i.HAL_TIM_IC_CaptureCallback             0x08002094   Section        0  main.o(i.HAL_TIM_IC_CaptureCallback)
    i.HAL_TIM_IC_ConfigChannel               0x080020be   Section        0  stm32f1xx_hal_tim.o(i.HAL_TIM_IC_ConfigChannel)
    i.HAL_TIM_IC_Init                        0x0800219e   Section        0  stm32f1xx_hal_tim.o(i.HAL_TIM_IC_Init)
    i.HAL_TIM_IC_MspInit                     0x080021d2   Section        0  stm32f1xx_hal_tim.o(i.HAL_TIM_IC_MspInit)
    i.HAL_TIM_IC_Start_IT                    0x080021d4   Section        0  stm32f1xx_hal_tim.o(i.HAL_TIM_IC_Start_IT)
    i.HAL_TIM_IRQHandler                     0x0800224c   Section        0  stm32f1xx_hal_tim.o(i.HAL_TIM_IRQHandler)
    i.HAL_TIM_OC_ConfigChannel               0x080023e2   Section        0  stm32f1xx_hal_tim.o(i.HAL_TIM_OC_ConfigChannel)
    i.HAL_TIM_OC_DelayElapsedCallback        0x08002458   Section        0  main.o(i.HAL_TIM_OC_DelayElapsedCallback)
    i.HAL_TIM_OC_Init                        0x080024b4   Section        0  stm32f1xx_hal_tim.o(i.HAL_TIM_OC_Init)
    i.HAL_TIM_OC_MspInit                     0x080024e8   Section        0  stm32f1xx_hal_tim.o(i.HAL_TIM_OC_MspInit)
    i.HAL_TIM_OC_Start_IT                    0x080024ec   Section        0  stm32f1xx_hal_tim.o(i.HAL_TIM_OC_Start_IT)
    i.HAL_TIM_OC_Stop_IT                     0x08002584   Section        0  stm32f1xx_hal_tim.o(i.HAL_TIM_OC_Stop_IT)
    i.HAL_TIM_PWM_PulseFinishedCallback      0x08002644   Section        0  stm32f1xx_hal_tim.o(i.HAL_TIM_PWM_PulseFinishedCallback)
    i.HAL_TIM_PeriodElapsedCallback          0x08002648   Section        0  main.o(i.HAL_TIM_PeriodElapsedCallback)
    i.HAL_TIM_ReadCapturedValue              0x08002660   Section        0  stm32f1xx_hal_tim.o(i.HAL_TIM_ReadCapturedValue)
    i.HAL_TIM_TriggerCallback                0x08002692   Section        0  stm32f1xx_hal_tim.o(i.HAL_TIM_TriggerCallback)
    i.HAL_UART_ErrorCallback                 0x08002694   Section        0  main.o(i.HAL_UART_ErrorCallback)
    i.HAL_UART_IRQHandler                    0x080026a8   Section        0  stm32f1xx_hal_uart.o(i.HAL_UART_IRQHandler)
    i.HAL_UART_Init                          0x080027f4   Section        0  stm32f1xx_hal_uart.o(i.HAL_UART_Init)
    i.HAL_UART_MspInit                       0x08002868   Section        0  stm32f1xx_hal_msp.o(i.HAL_UART_MspInit)
    i.HAL_UART_Receive_DMA                   0x08002938   Section        0  stm32f1xx_hal_uart.o(i.HAL_UART_Receive_DMA)
    i.HAL_UART_RxCpltCallback                0x080029fc   Section        0  main.o(i.HAL_UART_RxCpltCallback)
    i.HAL_UART_RxHalfCpltCallback            0x08002a20   Section        0  stm32f1xx_hal_uart.o(i.HAL_UART_RxHalfCpltCallback)
    i.HAL_UART_Transmit_DMA                  0x08002a24   Section        0  stm32f1xx_hal_uart.o(i.HAL_UART_Transmit_DMA)
    i.HAL_UART_TxCpltCallback                0x08002ac0   Section        0  main.o(i.HAL_UART_TxCpltCallback)
    i.HAL_UART_TxHalfCpltCallback            0x08002acc   Section        0  stm32f1xx_hal_uart.o(i.HAL_UART_TxHalfCpltCallback)
    i.HardFault_Handler                      0x08002ace   Section        0  stm32f1xx_it.o(i.HardFault_Handler)
    i.Hardware_Test                          0x08002ad4   Section        0  io_control.o(i.Hardware_Test)
    i.Ignition_nTime                         0x08002b40   Section        0  main.o(i.Ignition_nTime)
    i.MX_ADC1_Init                           0x08002b64   Section        0  main.o(i.MX_ADC1_Init)
    MX_ADC1_Init                             0x08002b65   Thumb Code    82  main.o(i.MX_ADC1_Init)
    i.MX_ADC2_Init                           0x08002bc0   Section        0  main.o(i.MX_ADC2_Init)
    MX_ADC2_Init                             0x08002bc1   Thumb Code    82  main.o(i.MX_ADC2_Init)
    i.MX_DMA_Init                            0x08002c1c   Section        0  main.o(i.MX_DMA_Init)
    MX_DMA_Init                              0x08002c1d   Thumb Code    48  main.o(i.MX_DMA_Init)
    i.MX_GPIO_Init                           0x08002c50   Section        0  main.o(i.MX_GPIO_Init)
    MX_GPIO_Init                             0x08002c51   Thumb Code   428  main.o(i.MX_GPIO_Init)
    i.MX_TIM2_Init                           0x08002e10   Section        0  main.o(i.MX_TIM2_Init)
    MX_TIM2_Init                             0x08002e11   Thumb Code   180  main.o(i.MX_TIM2_Init)
    i.MX_TIM4_Init                           0x08002ec8   Section        0  main.o(i.MX_TIM4_Init)
    MX_TIM4_Init                             0x08002ec9   Thumb Code   206  main.o(i.MX_TIM4_Init)
    i.MX_USART1_UART_Init                    0x08002fa0   Section        0  main.o(i.MX_USART1_UART_Init)
    MX_USART1_UART_Init                      0x08002fa1   Thumb Code    46  main.o(i.MX_USART1_UART_Init)
    i.MemManage_Handler                      0x08002fd8   Section        0  stm32f1xx_it.o(i.MemManage_Handler)
    i.NMI_Handler                            0x08002fdc   Section        0  stm32f1xx_it.o(i.NMI_Handler)
    i.PVD_IRQHandler                         0x08002fde   Section        0  stm32f1xx_it.o(i.PVD_IRQHandler)
    i.PendSV_Handler                         0x08002fe6   Section        0  stm32f1xx_it.o(i.PendSV_Handler)
    i.Periodic_task                          0x08002fe8   Section        0  scheduller.o(i.Periodic_task)
    i.Pulse_Generator_Scheduler              0x08003024   Section        0  main.o(i.Pulse_Generator_Scheduler)
    i.RCC_Delay                              0x080030c8   Section        0  stm32f1xx_hal_rcc.o(i.RCC_Delay)
    RCC_Delay                                0x080030c9   Thumb Code    36  stm32f1xx_hal_rcc.o(i.RCC_Delay)
    i.RCC_IRQHandler                         0x080030f0   Section        0  stm32f1xx_it.o(i.RCC_IRQHandler)
    i.Rising_Edge_Event                      0x080030f4   Section        0  main.o(i.Rising_Edge_Event)
    i.SVC_Handler                            0x08003150   Section        0  stm32f1xx_it.o(i.SVC_Handler)
    i.Set_Ouput_InterruptionTest             0x08003154   Section        0  io_control.o(i.Set_Ouput_InterruptionTest)
    i.Set_Ouput_Inversor                     0x08003164   Section        0  io_control.o(i.Set_Ouput_Inversor)
    i.Set_Ouput_Trigger                      0x08003188   Section        0  io_control.o(i.Set_Ouput_Trigger)
    i.Set_Pulse_Program                      0x080031ac   Section        0  main.o(i.Set_Pulse_Program)
    i.Statistics                             0x08003334   Section        0  math_lib.o(i.Statistics)
    i.SysTick_Handler                        0x08003374   Section        0  stm32f1xx_it.o(i.SysTick_Handler)
    i.SystemClock_Config                     0x0800337c   Section        0  main.o(i.SystemClock_Config)
    i.SystemInit                             0x08003400   Section        0  system_stm32f1xx.o(i.SystemInit)
    i.TIM2_IRQHandler                        0x08003458   Section        0  stm32f1xx_it.o(i.TIM2_IRQHandler)
    i.TIM4_IRQHandler                        0x08003468   Section        0  stm32f1xx_it.o(i.TIM4_IRQHandler)
    i.TIM_Base_SetConfig                     0x08003478   Section        0  stm32f1xx_hal_tim.o(i.TIM_Base_SetConfig)
    i.TIM_CCxChannelCmd                      0x080034ec   Section        0  stm32f1xx_hal_tim.o(i.TIM_CCxChannelCmd)
    i.TIM_ETR_SetConfig                      0x0800350e   Section        0  stm32f1xx_hal_tim.o(i.TIM_ETR_SetConfig)
    i.TIM_ITRx_SetConfig                     0x08003524   Section        0  stm32f1xx_hal_tim.o(i.TIM_ITRx_SetConfig)
    TIM_ITRx_SetConfig                       0x08003525   Thumb Code    18  stm32f1xx_hal_tim.o(i.TIM_ITRx_SetConfig)
    i.TIM_OC1_SetConfig                      0x08003538   Section        0  stm32f1xx_hal_tim.o(i.TIM_OC1_SetConfig)
    TIM_OC1_SetConfig                        0x08003539   Thumb Code    90  stm32f1xx_hal_tim.o(i.TIM_OC1_SetConfig)
    i.TIM_OC2_SetConfig                      0x08003598   Section        0  stm32f1xx_hal_tim.o(i.TIM_OC2_SetConfig)
    i.TIM_OC3_SetConfig                      0x08003600   Section        0  stm32f1xx_hal_tim.o(i.TIM_OC3_SetConfig)
    TIM_OC3_SetConfig                        0x08003601   Thumb Code    98  stm32f1xx_hal_tim.o(i.TIM_OC3_SetConfig)
    i.TIM_OC4_SetConfig                      0x08003668   Section        0  stm32f1xx_hal_tim.o(i.TIM_OC4_SetConfig)
    TIM_OC4_SetConfig                        0x08003669   Thumb Code    68  stm32f1xx_hal_tim.o(i.TIM_OC4_SetConfig)
    i.TIM_TI1_ConfigInputStage               0x080036b0   Section        0  stm32f1xx_hal_tim.o(i.TIM_TI1_ConfigInputStage)
    TIM_TI1_ConfigInputStage                 0x080036b1   Thumb Code    38  stm32f1xx_hal_tim.o(i.TIM_TI1_ConfigInputStage)
    i.TIM_TI1_SetConfig                      0x080036d8   Section        0  stm32f1xx_hal_tim.o(i.TIM_TI1_SetConfig)
    i.TIM_TI2_ConfigInputStage               0x08003740   Section        0  stm32f1xx_hal_tim.o(i.TIM_TI2_ConfigInputStage)
    TIM_TI2_ConfigInputStage                 0x08003741   Thumb Code    40  stm32f1xx_hal_tim.o(i.TIM_TI2_ConfigInputStage)
    i.TIM_TI2_SetConfig                      0x08003768   Section        0  stm32f1xx_hal_tim.o(i.TIM_TI2_SetConfig)
    TIM_TI2_SetConfig                        0x08003769   Thumb Code    58  stm32f1xx_hal_tim.o(i.TIM_TI2_SetConfig)
    i.TIM_TI3_SetConfig                      0x080037a2   Section        0  stm32f1xx_hal_tim.o(i.TIM_TI3_SetConfig)
    TIM_TI3_SetConfig                        0x080037a3   Thumb Code    56  stm32f1xx_hal_tim.o(i.TIM_TI3_SetConfig)
    i.TIM_TI4_SetConfig                      0x080037da   Section        0  stm32f1xx_hal_tim.o(i.TIM_TI4_SetConfig)
    TIM_TI4_SetConfig                        0x080037db   Thumb Code    60  stm32f1xx_hal_tim.o(i.TIM_TI4_SetConfig)
    i.Task_Fast                              0x08003816   Section        0  main.o(i.Task_Fast)
    i.Task_Medium                            0x08003820   Section        0  main.o(i.Task_Medium)
    i.Task_Slow                              0x08003840   Section        0  main.o(i.Task_Slow)
    i.Toggle_LED_Blue                        0x08003848   Section        0  io_control.o(i.Toggle_LED_Blue)
    i.Toggle_LED_Green                       0x0800385c   Section        0  io_control.o(i.Toggle_LED_Green)
    i.Toggle_LED_Red                         0x08003870   Section        0  io_control.o(i.Toggle_LED_Red)
    i.Toggle_LED_Yellow                      0x08003884   Section        0  io_control.o(i.Toggle_LED_Yellow)
    i.Treat_Int                              0x08003898   Section        0  main.o(i.Treat_Int)
    i.TurnOffAllPulseInt                     0x0800390c   Section        0  main.o(i.TurnOffAllPulseInt)
    i.UART_DMAAbortOnError                   0x08003934   Section        0  stm32f1xx_hal_uart.o(i.UART_DMAAbortOnError)
    UART_DMAAbortOnError                     0x08003935   Thumb Code    20  stm32f1xx_hal_uart.o(i.UART_DMAAbortOnError)
    i.UART_DMAError                          0x08003948   Section        0  stm32f1xx_hal_uart.o(i.UART_DMAError)
    UART_DMAError                            0x08003949   Thumb Code    80  stm32f1xx_hal_uart.o(i.UART_DMAError)
    i.UART_DMAReceiveCplt                    0x08003998   Section        0  stm32f1xx_hal_uart.o(i.UART_DMAReceiveCplt)
    UART_DMAReceiveCplt                      0x08003999   Thumb Code    70  stm32f1xx_hal_uart.o(i.UART_DMAReceiveCplt)
    i.UART_DMARxHalfCplt                     0x080039de   Section        0  stm32f1xx_hal_uart.o(i.UART_DMARxHalfCplt)
    UART_DMARxHalfCplt                       0x080039df   Thumb Code    14  stm32f1xx_hal_uart.o(i.UART_DMARxHalfCplt)
    i.UART_DMATransmitCplt                   0x080039ec   Section        0  stm32f1xx_hal_uart.o(i.UART_DMATransmitCplt)
    UART_DMATransmitCplt                     0x080039ed   Thumb Code    54  stm32f1xx_hal_uart.o(i.UART_DMATransmitCplt)
    i.UART_DMATxHalfCplt                     0x08003a22   Section        0  stm32f1xx_hal_uart.o(i.UART_DMATxHalfCplt)
    UART_DMATxHalfCplt                       0x08003a23   Thumb Code    14  stm32f1xx_hal_uart.o(i.UART_DMATxHalfCplt)
    i.UART_EndRxTransfer                     0x08003a30   Section        0  stm32f1xx_hal_uart.o(i.UART_EndRxTransfer)
    UART_EndRxTransfer                       0x08003a31   Thumb Code    32  stm32f1xx_hal_uart.o(i.UART_EndRxTransfer)
    i.UART_EndTransmit_IT                    0x08003a50   Section        0  stm32f1xx_hal_uart.o(i.UART_EndTransmit_IT)
    UART_EndTransmit_IT                      0x08003a51   Thumb Code    32  stm32f1xx_hal_uart.o(i.UART_EndTransmit_IT)
    i.UART_EndTxTransfer                     0x08003a70   Section        0  stm32f1xx_hal_uart.o(i.UART_EndTxTransfer)
    UART_EndTxTransfer                       0x08003a71   Thumb Code    20  stm32f1xx_hal_uart.o(i.UART_EndTxTransfer)
    i.UART_Receive_IT                        0x08003a84   Section        0  stm32f1xx_hal_uart.o(i.UART_Receive_IT)
    UART_Receive_IT                          0x08003a85   Thumb Code   166  stm32f1xx_hal_uart.o(i.UART_Receive_IT)
    i.UART_SetConfig                         0x08003b2c   Section        0  stm32f1xx_hal_uart.o(i.UART_SetConfig)
    UART_SetConfig                           0x08003b2d   Thumb Code   412  stm32f1xx_hal_uart.o(i.UART_SetConfig)
    i.UART_Transmit_IT                       0x08003ccc   Section        0  stm32f1xx_hal_uart.o(i.UART_Transmit_IT)
    UART_Transmit_IT                         0x08003ccd   Thumb Code   104  stm32f1xx_hal_uart.o(i.UART_Transmit_IT)
    i.USART1_IRQHandler                      0x08003d34   Section        0  stm32f1xx_it.o(i.USART1_IRQHandler)
    i.UsageFault_Handler                     0x08003d44   Section        0  stm32f1xx_it.o(i.UsageFault_Handler)
    i.__NVIC_GetPriorityGrouping             0x08003d48   Section        0  stm32f1xx_hal_cortex.o(i.__NVIC_GetPriorityGrouping)
    __NVIC_GetPriorityGrouping               0x08003d49   Thumb Code    10  stm32f1xx_hal_cortex.o(i.__NVIC_GetPriorityGrouping)
    i.__NVIC_SetPriority                     0x08003d58   Section        0  stm32f1xx_hal_cortex.o(i.__NVIC_SetPriority)
    __NVIC_SetPriority                       0x08003d59   Thumb Code    32  stm32f1xx_hal_cortex.o(i.__NVIC_SetPriority)
    i.__scatterload_copy                     0x08003d80   Section       14  handlers.o(i.__scatterload_copy)
    i.__scatterload_null                     0x08003d8e   Section        2  handlers.o(i.__scatterload_null)
    i.__scatterload_zeroinit                 0x08003d90   Section       14  handlers.o(i.__scatterload_zeroinit)
    i.binarySearch                           0x08003d9e   Section        0  math_lib.o(i.binarySearch)
    i.copyCalibFlashToRam                    0x08003de0   Section        0  usart_comm.o(i.copyCalibFlashToRam)
    i.copyCalibUartToRam                     0x08003df4   Section        0  usart_comm.o(i.copyCalibUartToRam)
    i.initializeCalibOnRAM                   0x08003e14   Section        0  usart_comm.o(i.initializeCalibOnRAM)
    i.linearInterpolation                    0x08003e30   Section        0  math_lib.o(i.linearInterpolation)
    i.main                                   0x08003eac   Section        0  main.o(i.main)
    i.predictionCalc                         0x08003f60   Section        0  math_lib.o(i.predictionCalc)
    i.receiveData                            0x08004004   Section        0  usart_comm.o(i.receiveData)
    i.saveCalibRamToFlash                    0x08004088   Section        0  usart_comm.o(i.saveCalibRamToFlash)
    i.systemInitialization                   0x080040a0   Section        0  usart_comm.o(i.systemInitialization)
    i.transmitCalibToUART                    0x080040cc   Section        0  usart_comm.o(i.transmitCalibToUART)
    i.transmitSystemInfo                     0x08004128   Section        0  usart_comm.o(i.transmitSystemInfo)
    .constdata                               0x08004228   Section       44  general_def.o(.constdata)
    .constdata                               0x08004254   Section       24  system_stm32f1xx.o(.constdata)
    .data                                    0x20000000   Section        3  usart_comm.o(.data)
    .data                                    0x20000004   Section       29  main.o(.data)
    program                                  0x20000004   Data           1  main.o(.data)
    initial_value                            0x20000008   Data           4  main.o(.data)
    advance                                  0x2000000c   Data           1  main.o(.data)
    Event1                                   0x20000010   Data           4  main.o(.data)
    Event2                                   0x20000014   Data           4  main.o(.data)
    Event3                                   0x20000018   Data           4  main.o(.data)
    Event4                                   0x2000001c   Data           4  main.o(.data)
    k                                        0x20000020   Data           1  main.o(.data)
    .data                                    0x20000021   Section        2  io_control.o(.data)
    task                                     0x20000021   Data           1  io_control.o(.data)
    divisor                                  0x20000022   Data           1  io_control.o(.data)
    .data                                    0x20000024   Section       24  math_lib.o(.data)
    errt                                     0x20000024   Data           4  math_lib.o(.data)
    dts                                      0x20000028   Data           4  math_lib.o(.data)
    dtpred                                   0x2000002c   Data           4  math_lib.o(.data)
    tddts                                    0x20000030   Data           4  math_lib.o(.data)
    tddtpred                                 0x20000034   Data           4  math_lib.o(.data)
    t2dddts                                  0x20000038   Data           4  math_lib.o(.data)
    .data                                    0x2000003c   Section        9  stm32f1xx_hal.o(.data)
    .data                                    0x20000048   Section        4  system_stm32f1xx.o(.data)
    .bss                                     0x2000004c   Section       16  flash_page.o(.bss)
    EraseInitStruct                          0x2000004c   Data          16  flash_page.o(.bss)
    .bss                                     0x2000005c   Section       24  scheduller.o(.bss)
    .bss                                     0x20000074   Section      180  general_def.o(.bss)
    .bss                                     0x20000128   Section      103  usart_comm.o(.bss)
    .bss                                     0x20000190   Section      356  main.o(.bss)
    .bss                                     0x200002f8   Section       32  stm32f1xx_hal_flash.o(.bss)
    STACK                                    0x20000318   Section     1024  startup_stm32f103xb.o(STACK)

    Global Symbols

    Symbol Name                              Value     Ov Type        Size  Object(Section)

    BuildAttributes$$THM_ISAv4$P$D$K$B$S$PE$A:L22UL41UL21$X:L11$S22US41US21$IEEE1$IW$USESV6$~STKCKD$USESV7$~SHL$OSPACE$EBA8$MICROLIB$REQ8$PRES8$EABIv2 0x00000000   Number         0  anon$$obj.o ABSOLUTE
    __ARM_use_no_argv                        0x00000000   Number         0  main.o ABSOLUTE
    __arm_fini_                               - Undefined Weak Reference
    __cpp_initialize__aeabi_                  - Undefined Weak Reference
    __cxa_finalize                            - Undefined Weak Reference
    __decompress                              - Undefined Weak Reference
    _clock_init                               - Undefined Weak Reference
    _microlib_exit                            - Undefined Weak Reference
    __Vectors_Size                           0x000000ec   Number         0  startup_stm32f103xb.o ABSOLUTE
    __Vectors                                0x08000000   Data           4  startup_stm32f103xb.o(RESET)
    __Vectors_End                            0x080000ec   Data           0  startup_stm32f103xb.o(RESET)
    __main                                   0x080000ed   Thumb Code     0  entry.o(.ARM.Collect$$$$00000000)
    _main_stk                                0x080000ed   Thumb Code     0  entry2.o(.ARM.Collect$$$$00000001)
    _main_scatterload                        0x080000f1   Thumb Code     0  entry5.o(.ARM.Collect$$$$00000004)
    __main_after_scatterload                 0x080000f5   Thumb Code     0  entry5.o(.ARM.Collect$$$$00000004)
    _main_clock                              0x080000f5   Thumb Code     0  entry7b.o(.ARM.Collect$$$$00000008)
    _main_cpp_init                           0x080000f5   Thumb Code     0  entry8b.o(.ARM.Collect$$$$0000000A)
    _main_init                               0x080000f5   Thumb Code     0  entry9a.o(.ARM.Collect$$$$0000000B)
    __rt_lib_shutdown_fini                   0x080000fd   Thumb Code     0  entry12b.o(.ARM.Collect$$$$0000000E)
    __rt_final_cpp                           0x08000101   Thumb Code     0  entry10a.o(.ARM.Collect$$$$0000000F)
    __rt_final_exit                          0x08000101   Thumb Code     0  entry11a.o(.ARM.Collect$$$$00000011)
    Reset_Handler                            0x08000105   Thumb Code     8  startup_stm32f103xb.o(.text)
    CAN1_RX1_IRQHandler                      0x0800011f   Thumb Code     0  startup_stm32f103xb.o(.text)
    CAN1_SCE_IRQHandler                      0x0800011f   Thumb Code     0  startup_stm32f103xb.o(.text)
    DMA1_Channel1_IRQHandler                 0x0800011f   Thumb Code     0  startup_stm32f103xb.o(.text)
    DMA1_Channel2_IRQHandler                 0x0800011f   Thumb Code     0  startup_stm32f103xb.o(.text)
    DMA1_Channel3_IRQHandler                 0x0800011f   Thumb Code     0  startup_stm32f103xb.o(.text)
    DMA1_Channel4_IRQHandler                 0x0800011f   Thumb Code     0  startup_stm32f103xb.o(.text)
    DMA1_Channel6_IRQHandler                 0x0800011f   Thumb Code     0  startup_stm32f103xb.o(.text)
    DMA1_Channel7_IRQHandler                 0x0800011f   Thumb Code     0  startup_stm32f103xb.o(.text)
    EXTI0_IRQHandler                         0x0800011f   Thumb Code     0  startup_stm32f103xb.o(.text)
    EXTI15_10_IRQHandler                     0x0800011f   Thumb Code     0  startup_stm32f103xb.o(.text)
    EXTI1_IRQHandler                         0x0800011f   Thumb Code     0  startup_stm32f103xb.o(.text)
    EXTI2_IRQHandler                         0x0800011f   Thumb Code     0  startup_stm32f103xb.o(.text)
    EXTI3_IRQHandler                         0x0800011f   Thumb Code     0  startup_stm32f103xb.o(.text)
    EXTI4_IRQHandler                         0x0800011f   Thumb Code     0  startup_stm32f103xb.o(.text)
    I2C1_ER_IRQHandler                       0x0800011f   Thumb Code     0  startup_stm32f103xb.o(.text)
    I2C1_EV_IRQHandler                       0x0800011f   Thumb Code     0  startup_stm32f103xb.o(.text)
    I2C2_ER_IRQHandler                       0x0800011f   Thumb Code     0  startup_stm32f103xb.o(.text)
    I2C2_EV_IRQHandler                       0x0800011f   Thumb Code     0  startup_stm32f103xb.o(.text)
    RTC_Alarm_IRQHandler                     0x0800011f   Thumb Code     0  startup_stm32f103xb.o(.text)
    RTC_IRQHandler                           0x0800011f   Thumb Code     0  startup_stm32f103xb.o(.text)
    SPI1_IRQHandler                          0x0800011f   Thumb Code     0  startup_stm32f103xb.o(.text)
    SPI2_IRQHandler                          0x0800011f   Thumb Code     0  startup_stm32f103xb.o(.text)
    TAMPER_IRQHandler                        0x0800011f   Thumb Code     0  startup_stm32f103xb.o(.text)
    TIM1_BRK_IRQHandler                      0x0800011f   Thumb Code     0  startup_stm32f103xb.o(.text)
    TIM1_CC_IRQHandler                       0x0800011f   Thumb Code     0  startup_stm32f103xb.o(.text)
    TIM1_TRG_COM_IRQHandler                  0x0800011f   Thumb Code     0  startup_stm32f103xb.o(.text)
    TIM1_UP_IRQHandler                       0x0800011f   Thumb Code     0  startup_stm32f103xb.o(.text)
    TIM3_IRQHandler                          0x0800011f   Thumb Code     0  startup_stm32f103xb.o(.text)
    USART2_IRQHandler                        0x0800011f   Thumb Code     0  startup_stm32f103xb.o(.text)
    USART3_IRQHandler                        0x0800011f   Thumb Code     0  startup_stm32f103xb.o(.text)
    USBWakeUp_IRQHandler                     0x0800011f   Thumb Code     0  startup_stm32f103xb.o(.text)
    USB_HP_CAN1_TX_IRQHandler                0x0800011f   Thumb Code     0  startup_stm32f103xb.o(.text)
    USB_LP_CAN1_RX0_IRQHandler               0x0800011f   Thumb Code     0  startup_stm32f103xb.o(.text)
    WWDG_IRQHandler                          0x0800011f   Thumb Code     0  startup_stm32f103xb.o(.text)
    __aeabi_llsr                             0x08000129   Thumb Code    32  llushr.o(.text)
    _ll_ushift_r                             0x08000129   Thumb Code     0  llushr.o(.text)
    __aeabi_memset                           0x08000149   Thumb Code    14  memseta.o(.text)
    __aeabi_memset4                          0x08000149   Thumb Code     0  memseta.o(.text)
    __aeabi_memset8                          0x08000149   Thumb Code     0  memseta.o(.text)
    __aeabi_memclr                           0x08000157   Thumb Code     4  memseta.o(.text)
    __aeabi_memclr4                          0x08000157   Thumb Code     0  memseta.o(.text)
    __aeabi_memclr8                          0x08000157   Thumb Code     0  memseta.o(.text)
    _memset$wrapper                          0x0800015b   Thumb Code    18  memseta.o(.text)
    __scatterload                            0x0800016d   Thumb Code    28  init.o(.text)
    __scatterload_rt2                        0x0800016d   Thumb Code     0  init.o(.text)
    ADC1_2_IRQHandler                        0x08000191   Thumb Code    16  stm32f1xx_it.o(i.ADC1_2_IRQHandler)
    ADC_ConversionStop_Disable               0x080001a9   Thumb Code    82  stm32f1xx_hal_adc.o(i.ADC_ConversionStop_Disable)
    BusFault_Handler                         0x080001fb   Thumb Code     4  stm32f1xx_it.o(i.BusFault_Handler)
    Cut_Igntion                              0x08000201   Thumb Code    32  main.o(i.Cut_Igntion)
    DMA1_Channel5_IRQHandler                 0x08000229   Thumb Code    10  stm32f1xx_it.o(i.DMA1_Channel5_IRQHandler)
    DebugMon_Handler                         0x08000265   Thumb Code     2  stm32f1xx_it.o(i.DebugMon_Handler)
    EXTI9_5_IRQHandler                       0x08000267   Thumb Code    12  stm32f1xx_it.o(i.EXTI9_5_IRQHandler)
    Engine_STOP_test                         0x08000275   Thumb Code    48  main.o(i.Engine_STOP_test)
    Error_Handler                            0x080002b1   Thumb Code     2  main.o(i.Error_Handler)
    FLASH_IRQHandler                         0x080002b3   Thumb Code     8  stm32f1xx_it.o(i.FLASH_IRQHandler)
    FLASH_PageErase                          0x080002e5   Thumb Code    32  stm32f1xx_hal_flash_ex.o(i.FLASH_PageErase)
    FLASH_WaitForLastOperation               0x080003b1   Thumb Code   106  stm32f1xx_hal_flash.o(i.FLASH_WaitForLastOperation)
    Falling_Edge_Event                       0x08000421   Thumb Code    58  main.o(i.Falling_Edge_Event)
    Filter16bits                             0x08000469   Thumb Code    22  math_lib.o(i.Filter16bits)
    Flash_Read_Data                          0x0800047f   Thumb Code    28  flash_page.o(i.Flash_Read_Data)
    Flash_Write_Data                         0x0800049d   Thumb Code   126  flash_page.o(i.Flash_Write_Data)
    HAL_ADCEx_InjectedConvCpltCallback       0x08000555   Thumb Code     2  stm32f1xx_hal_adc_ex.o(i.HAL_ADCEx_InjectedConvCpltCallback)
    HAL_ADC_ConfigChannel                    0x08000559   Thumb Code   338  stm32f1xx_hal_adc.o(i.HAL_ADC_ConfigChannel)
    HAL_ADC_ConvCpltCallback                 0x080006b9   Thumb Code     2  stm32f1xx_hal_adc.o(i.HAL_ADC_ConvCpltCallback)
    HAL_ADC_IRQHandler                       0x080006bb   Thumb Code   290  stm32f1xx_hal_adc.o(i.HAL_ADC_IRQHandler)
    HAL_ADC_Init                             0x080007dd   Thumb Code   314  stm32f1xx_hal_adc.o(i.HAL_ADC_Init)
    HAL_ADC_LevelOutOfWindowCallback         0x08000921   Thumb Code     2  stm32f1xx_hal_adc.o(i.HAL_ADC_LevelOutOfWindowCallback)
    HAL_ADC_MspInit                          0x08000925   Thumb Code   210  stm32f1xx_hal_msp.o(i.HAL_ADC_MspInit)
    HAL_DMA_Abort_IT                         0x08000a09   Thumb Code   172  stm32f1xx_hal_dma.o(i.HAL_DMA_Abort_IT)
    HAL_DMA_IRQHandler                       0x08000ab9   Thumb Code   408  stm32f1xx_hal_dma.o(i.HAL_DMA_IRQHandler)
    HAL_DMA_Init                             0x08000c55   Thumb Code   100  stm32f1xx_hal_dma.o(i.HAL_DMA_Init)
    HAL_DMA_Start_IT                         0x08000cbd   Thumb Code   156  stm32f1xx_hal_dma.o(i.HAL_DMA_Start_IT)
    HAL_FLASHEx_Erase                        0x08000d59   Thumb Code   168  stm32f1xx_hal_flash_ex.o(i.HAL_FLASHEx_Erase)
    HAL_FLASH_EndOfOperationCallback         0x08000e09   Thumb Code     2  stm32f1xx_hal_flash.o(i.HAL_FLASH_EndOfOperationCallback)
    HAL_FLASH_GetError                       0x08000e0d   Thumb Code     6  stm32f1xx_hal_flash.o(i.HAL_FLASH_GetError)
    HAL_FLASH_IRQHandler                     0x08000e19   Thumb Code   376  stm32f1xx_hal_flash.o(i.HAL_FLASH_IRQHandler)
    HAL_FLASH_Lock                           0x08000f99   Thumb Code    16  stm32f1xx_hal_flash.o(i.HAL_FLASH_Lock)
    HAL_FLASH_OperationErrorCallback         0x08000fad   Thumb Code     2  stm32f1xx_hal_flash.o(i.HAL_FLASH_OperationErrorCallback)
    HAL_FLASH_Program                        0x08000fb1   Thumb Code   168  stm32f1xx_hal_flash.o(i.HAL_FLASH_Program)
    HAL_FLASH_Unlock                         0x08001061   Thumb Code    36  stm32f1xx_hal_flash.o(i.HAL_FLASH_Unlock)
    HAL_GPIO_EXTI_Callback                   0x08001091   Thumb Code     2  stm32f1xx_hal_gpio.o(i.HAL_GPIO_EXTI_Callback)
    HAL_GPIO_EXTI_IRQHandler                 0x08001095   Thumb Code    24  stm32f1xx_hal_gpio.o(i.HAL_GPIO_EXTI_IRQHandler)
    HAL_GPIO_Init                            0x080010b1   Thumb Code   766  stm32f1xx_hal_gpio.o(i.HAL_GPIO_Init)
    HAL_GPIO_TogglePin                       0x080013d1   Thumb Code    14  stm32f1xx_hal_gpio.o(i.HAL_GPIO_TogglePin)
    HAL_GPIO_WritePin                        0x080013df   Thumb Code    12  stm32f1xx_hal_gpio.o(i.HAL_GPIO_WritePin)
    HAL_GetTick                              0x080013ed   Thumb Code     6  stm32f1xx_hal.o(i.HAL_GetTick)
    HAL_IncTick                              0x080013f9   Thumb Code    16  stm32f1xx_hal.o(i.HAL_IncTick)
    HAL_Init                                 0x08001411   Thumb Code    34  stm32f1xx_hal.o(i.HAL_Init)
    HAL_InitTick                             0x08001439   Thumb Code    64  stm32f1xx_hal.o(i.HAL_InitTick)
    HAL_MspInit                              0x08001485   Thumb Code   130  stm32f1xx_hal_msp.o(i.HAL_MspInit)
    HAL_NVIC_EnableIRQ                       0x08001511   Thumb Code    32  stm32f1xx_hal_cortex.o(i.HAL_NVIC_EnableIRQ)
    HAL_NVIC_SetPriority                     0x08001531   Thumb Code   124  stm32f1xx_hal_cortex.o(i.HAL_NVIC_SetPriority)
    HAL_NVIC_SetPriorityGrouping             0x080015ad   Thumb Code    32  stm32f1xx_hal_cortex.o(i.HAL_NVIC_SetPriorityGrouping)
    HAL_PWR_PVDCallback                      0x080015d5   Thumb Code     2  stm32f1xx_hal_pwr.o(i.HAL_PWR_PVDCallback)
    HAL_PWR_PVD_IRQHandler                   0x080015d9   Thumb Code    26  stm32f1xx_hal_pwr.o(i.HAL_PWR_PVD_IRQHandler)
    HAL_RCCEx_PeriphCLKConfig                0x080015f9   Thumb Code   290  stm32f1xx_hal_rcc_ex.o(i.HAL_RCCEx_PeriphCLKConfig)
    HAL_RCC_ClockConfig                      0x08001729   Thumb Code   376  stm32f1xx_hal_rcc.o(i.HAL_RCC_ClockConfig)
    HAL_RCC_GetHCLKFreq                      0x080018b5   Thumb Code     6  stm32f1xx_hal_rcc.o(i.HAL_RCC_GetHCLKFreq)
    HAL_RCC_GetPCLK1Freq                     0x080018c1   Thumb Code    22  stm32f1xx_hal_rcc.o(i.HAL_RCC_GetPCLK1Freq)
    HAL_RCC_GetPCLK2Freq                     0x080018e1   Thumb Code    22  stm32f1xx_hal_rcc.o(i.HAL_RCC_GetPCLK2Freq)
    HAL_RCC_GetSysClockFreq                  0x08001901   Thumb Code   116  stm32f1xx_hal_rcc.o(i.HAL_RCC_GetSysClockFreq)
    HAL_RCC_OscConfig                        0x08001995   Thumb Code  1114  stm32f1xx_hal_rcc.o(i.HAL_RCC_OscConfig)
    HAL_SYSTICK_Config                       0x08001df9   Thumb Code    52  stm32f1xx_hal_cortex.o(i.HAL_SYSTICK_Config)
    HAL_TIMEx_BreakCallback                  0x08001e2d   Thumb Code     2  stm32f1xx_hal_tim_ex.o(i.HAL_TIMEx_BreakCallback)
    HAL_TIMEx_CommutCallback                 0x08001e2f   Thumb Code     2  stm32f1xx_hal_tim_ex.o(i.HAL_TIMEx_CommutCallback)
    HAL_TIMEx_MasterConfigSynchronization    0x08001e31   Thumb Code    84  stm32f1xx_hal_tim_ex.o(i.HAL_TIMEx_MasterConfigSynchronization)
    HAL_TIM_Base_Init                        0x08001e85   Thumb Code    52  stm32f1xx_hal_tim.o(i.HAL_TIM_Base_Init)
    HAL_TIM_Base_MspInit                     0x08001eb9   Thumb Code   194  stm32f1xx_hal_msp.o(i.HAL_TIM_Base_MspInit)
    HAL_TIM_ConfigClockSource                0x08001f8d   Thumb Code   264  stm32f1xx_hal_tim.o(i.HAL_TIM_ConfigClockSource)
    HAL_TIM_IC_CaptureCallback               0x08002095   Thumb Code    42  main.o(i.HAL_TIM_IC_CaptureCallback)
    HAL_TIM_IC_ConfigChannel                 0x080020bf   Thumb Code   224  stm32f1xx_hal_tim.o(i.HAL_TIM_IC_ConfigChannel)
    HAL_TIM_IC_Init                          0x0800219f   Thumb Code    52  stm32f1xx_hal_tim.o(i.HAL_TIM_IC_Init)
    HAL_TIM_IC_MspInit                       0x080021d3   Thumb Code     2  stm32f1xx_hal_tim.o(i.HAL_TIM_IC_MspInit)
    HAL_TIM_IC_Start_IT                      0x080021d5   Thumb Code   120  stm32f1xx_hal_tim.o(i.HAL_TIM_IC_Start_IT)
    HAL_TIM_IRQHandler                       0x0800224d   Thumb Code   406  stm32f1xx_hal_tim.o(i.HAL_TIM_IRQHandler)
    HAL_TIM_OC_ConfigChannel                 0x080023e3   Thumb Code   116  stm32f1xx_hal_tim.o(i.HAL_TIM_OC_ConfigChannel)
    HAL_TIM_OC_DelayElapsedCallback          0x08002459   Thumb Code    86  main.o(i.HAL_TIM_OC_DelayElapsedCallback)
    HAL_TIM_OC_Init                          0x080024b5   Thumb Code    52  stm32f1xx_hal_tim.o(i.HAL_TIM_OC_Init)
    HAL_TIM_OC_MspInit                       0x080024e9   Thumb Code     2  stm32f1xx_hal_tim.o(i.HAL_TIM_OC_MspInit)
    HAL_TIM_OC_Start_IT                      0x080024ed   Thumb Code   148  stm32f1xx_hal_tim.o(i.HAL_TIM_OC_Start_IT)
    HAL_TIM_OC_Stop_IT                       0x08002585   Thumb Code   188  stm32f1xx_hal_tim.o(i.HAL_TIM_OC_Stop_IT)
    HAL_TIM_PWM_PulseFinishedCallback        0x08002645   Thumb Code     2  stm32f1xx_hal_tim.o(i.HAL_TIM_PWM_PulseFinishedCallback)
    HAL_TIM_PeriodElapsedCallback            0x08002649   Thumb Code    20  main.o(i.HAL_TIM_PeriodElapsedCallback)
    HAL_TIM_ReadCapturedValue                0x08002661   Thumb Code    50  stm32f1xx_hal_tim.o(i.HAL_TIM_ReadCapturedValue)
    HAL_TIM_TriggerCallback                  0x08002693   Thumb Code     2  stm32f1xx_hal_tim.o(i.HAL_TIM_TriggerCallback)
    HAL_UART_ErrorCallback                   0x08002695   Thumb Code    14  main.o(i.HAL_UART_ErrorCallback)
    HAL_UART_IRQHandler                      0x080026a9   Thumb Code   326  stm32f1xx_hal_uart.o(i.HAL_UART_IRQHandler)
    HAL_UART_Init                            0x080027f5   Thumb Code   114  stm32f1xx_hal_uart.o(i.HAL_UART_Init)
    HAL_UART_MspInit                         0x08002869   Thumb Code   188  stm32f1xx_hal_msp.o(i.HAL_UART_MspInit)
    HAL_UART_Receive_DMA                     0x08002939   Thumb Code   182  stm32f1xx_hal_uart.o(i.HAL_UART_Receive_DMA)
    HAL_UART_RxCpltCallback                  0x080029fd   Thumb Code    22  main.o(i.HAL_UART_RxCpltCallback)
    HAL_UART_RxHalfCpltCallback              0x08002a21   Thumb Code     2  stm32f1xx_hal_uart.o(i.HAL_UART_RxHalfCpltCallback)
    HAL_UART_Transmit_DMA                    0x08002a25   Thumb Code   142  stm32f1xx_hal_uart.o(i.HAL_UART_Transmit_DMA)
    HAL_UART_TxCpltCallback                  0x08002ac1   Thumb Code     8  main.o(i.HAL_UART_TxCpltCallback)
    HAL_UART_TxHalfCpltCallback              0x08002acd   Thumb Code     2  stm32f1xx_hal_uart.o(i.HAL_UART_TxHalfCpltCallback)
    HardFault_Handler                        0x08002acf   Thumb Code     4  stm32f1xx_it.o(i.HardFault_Handler)
    Hardware_Test                            0x08002ad5   Thumb Code    98  io_control.o(i.Hardware_Test)
    Ignition_nTime                           0x08002b41   Thumb Code    26  main.o(i.Ignition_nTime)
    MemManage_Handler                        0x08002fd9   Thumb Code     4  stm32f1xx_it.o(i.MemManage_Handler)
    NMI_Handler                              0x08002fdd   Thumb Code     2  stm32f1xx_it.o(i.NMI_Handler)
    PVD_IRQHandler                           0x08002fdf   Thumb Code     8  stm32f1xx_it.o(i.PVD_IRQHandler)
    PendSV_Handler                           0x08002fe7   Thumb Code     2  stm32f1xx_it.o(i.PendSV_Handler)
    Periodic_task                            0x08002fe9   Thumb Code    60  scheduller.o(i.Periodic_task)
    Pulse_Generator_Scheduler                0x08003025   Thumb Code   150  main.o(i.Pulse_Generator_Scheduler)
    RCC_IRQHandler                           0x080030f1   Thumb Code     2  stm32f1xx_it.o(i.RCC_IRQHandler)
    Rising_Edge_Event                        0x080030f5   Thumb Code    74  main.o(i.Rising_Edge_Event)
    SVC_Handler                              0x08003151   Thumb Code     2  stm32f1xx_it.o(i.SVC_Handler)
    Set_Ouput_InterruptionTest               0x08003155   Thumb Code    12  io_control.o(i.Set_Ouput_InterruptionTest)
    Set_Ouput_Inversor                       0x08003165   Thumb Code    32  io_control.o(i.Set_Ouput_Inversor)
    Set_Ouput_Trigger                        0x08003189   Thumb Code    32  io_control.o(i.Set_Ouput_Trigger)
    Set_Pulse_Program                        0x080031ad   Thumb Code   350  main.o(i.Set_Pulse_Program)
    Statistics                               0x08003335   Thumb Code    58  math_lib.o(i.Statistics)
    SysTick_Handler                          0x08003375   Thumb Code     8  stm32f1xx_it.o(i.SysTick_Handler)
    SystemClock_Config                       0x0800337d   Thumb Code   132  main.o(i.SystemClock_Config)
    SystemInit                               0x08003401   Thumb Code    70  system_stm32f1xx.o(i.SystemInit)
    TIM2_IRQHandler                          0x08003459   Thumb Code    10  stm32f1xx_it.o(i.TIM2_IRQHandler)
    TIM4_IRQHandler                          0x08003469   Thumb Code    10  stm32f1xx_it.o(i.TIM4_IRQHandler)
    TIM_Base_SetConfig                       0x08003479   Thumb Code   104  stm32f1xx_hal_tim.o(i.TIM_Base_SetConfig)
    TIM_CCxChannelCmd                        0x080034ed   Thumb Code    34  stm32f1xx_hal_tim.o(i.TIM_CCxChannelCmd)
    TIM_ETR_SetConfig                        0x0800350f   Thumb Code    22  stm32f1xx_hal_tim.o(i.TIM_ETR_SetConfig)
    TIM_OC2_SetConfig                        0x08003599   Thumb Code   100  stm32f1xx_hal_tim.o(i.TIM_OC2_SetConfig)
    TIM_TI1_SetConfig                        0x080036d9   Thumb Code    90  stm32f1xx_hal_tim.o(i.TIM_TI1_SetConfig)
    Task_Fast                                0x08003817   Thumb Code     8  main.o(i.Task_Fast)
    Task_Medium                              0x08003821   Thumb Code    26  main.o(i.Task_Medium)
    Task_Slow                                0x08003841   Thumb Code     8  main.o(i.Task_Slow)
    Toggle_LED_Blue                          0x08003849   Thumb Code    14  io_control.o(i.Toggle_LED_Blue)
    Toggle_LED_Green                         0x0800385d   Thumb Code    14  io_control.o(i.Toggle_LED_Green)
    Toggle_LED_Red                           0x08003871   Thumb Code    14  io_control.o(i.Toggle_LED_Red)
    Toggle_LED_Yellow                        0x08003885   Thumb Code    14  io_control.o(i.Toggle_LED_Yellow)
    Treat_Int                                0x08003899   Thumb Code   108  main.o(i.Treat_Int)
    TurnOffAllPulseInt                       0x0800390d   Thumb Code    36  main.o(i.TurnOffAllPulseInt)
    USART1_IRQHandler                        0x08003d35   Thumb Code    10  stm32f1xx_it.o(i.USART1_IRQHandler)
    UsageFault_Handler                       0x08003d45   Thumb Code     4  stm32f1xx_it.o(i.UsageFault_Handler)
    __scatterload_copy                       0x08003d81   Thumb Code    14  handlers.o(i.__scatterload_copy)
    __scatterload_null                       0x08003d8f   Thumb Code     2  handlers.o(i.__scatterload_null)
    __scatterload_zeroinit                   0x08003d91   Thumb Code    14  handlers.o(i.__scatterload_zeroinit)
    binarySearch                             0x08003d9f   Thumb Code    64  math_lib.o(i.binarySearch)
    copyCalibFlashToRam                      0x08003de1   Thumb Code    12  usart_comm.o(i.copyCalibFlashToRam)
    copyCalibUartToRam                       0x08003df5   Thumb Code    22  usart_comm.o(i.copyCalibUartToRam)
    initializeCalibOnRAM                     0x08003e15   Thumb Code    20  usart_comm.o(i.initializeCalibOnRAM)
    linearInterpolation                      0x08003e31   Thumb Code   122  math_lib.o(i.linearInterpolation)
    main                                     0x08003ead   Thumb Code   146  main.o(i.main)
    predictionCalc                           0x08003f61   Thumb Code   136  math_lib.o(i.predictionCalc)
    receiveData                              0x08004005   Thumb Code   120  usart_comm.o(i.receiveData)
    saveCalibRamToFlash                      0x08004089   Thumb Code    14  usart_comm.o(i.saveCalibRamToFlash)
    systemInitialization                     0x080040a1   Thumb Code    32  usart_comm.o(i.systemInitialization)
    transmitCalibToUART                      0x080040cd   Thumb Code    76  usart_comm.o(i.transmitCalibToUART)
    transmitSystemInfo                       0x08004129   Thumb Code   240  usart_comm.o(i.transmitSystemInfo)
    Initial_Calibration                      0x08004228   Data          44  general_def.o(.constdata)
    AHBPrescTable                            0x08004254   Data          16  system_stm32f1xx.o(.constdata)
    APBPrescTable                            0x08004264   Data           8  system_stm32f1xx.o(.constdata)
    Region$$Table$$Base                      0x0800426c   Number         0  anon$$obj.o(Region$$Table)
    Region$$Table$$Limit                     0x0800428c   Number         0  anon$$obj.o(Region$$Table)
    flgTransmition                           0x20000000   Data           1  usart_comm.o(.data)
    transmstatus                             0x20000001   Data           1  usart_comm.o(.data)
    receptstatus                             0x20000002   Data           1  usart_comm.o(.data)
    uwTick                                   0x2000003c   Data           4  stm32f1xx_hal.o(.data)
    uwTickPrio                               0x20000040   Data           4  stm32f1xx_hal.o(.data)
    uwTickFreq                               0x20000044   Data           1  stm32f1xx_hal.o(.data)
    SystemCoreClock                          0x20000048   Data           4  system_stm32f1xx.o(.data)
    array_sched_var                          0x2000005c   Data          24  scheduller.o(.bss)
    calibFlashBlock                          0x20000074   Data          44  general_def.o(.bss)
    scenario                                 0x200000a0   Data          64  general_def.o(.bss)
    request                                  0x200000e0   Data          36  general_def.o(.bss)
    Pulse_Program                            0x20000104   Data          36  general_def.o(.bss)
    UART1_txBuffer                           0x20000128   Data          46  usart_comm.o(.bss)
    UART1_rxBuffer                           0x20000156   Data          46  usart_comm.o(.bss)
    UART1_rxBufferAlt                        0x20000184   Data          11  usart_comm.o(.bss)
    hadc1                                    0x20000190   Data          48  main.o(.bss)
    hadc2                                    0x200001c0   Data          48  main.o(.bss)
    htim2                                    0x200001f0   Data          64  main.o(.bss)
    htim4                                    0x20000230   Data          64  main.o(.bss)
    huart1                                   0x20000270   Data          64  main.o(.bss)
    hdma_usart1_rx                           0x200002b0   Data          68  main.o(.bss)
    pFlash                                   0x200002f8   Data          32  stm32f1xx_hal_flash.o(.bss)
    __initial_sp                             0x20000718   Data           0  startup_stm32f103xb.o(STACK)



==============================================================================

Memory Map of the image

  Image Entry point : 0x080000ed

  Load Region LR_IROM1 (Base: 0x08000000, Size: 0x000042d8, Max: 0x00010000, ABSOLUTE)

    Execution Region ER_IROM1 (Exec base: 0x08000000, Load base: 0x08000000, Size: 0x0000428c, Max: 0x00010000, ABSOLUTE)

    Exec Addr    Load Addr    Size         Type   Attr      Idx    E Section Name        Object

    0x08000000   0x08000000   0x000000ec   Data   RO            3    RESET               startup_stm32f103xb.o
    0x080000ec   0x080000ec   0x00000000   Code   RO         3531  * .ARM.Collect$$$$00000000  mc_w.l(entry.o)
    0x080000ec   0x080000ec   0x00000004   Code   RO         3540    .ARM.Collect$$$$00000001  mc_w.l(entry2.o)
    0x080000f0   0x080000f0   0x00000004   Code   RO         3543    .ARM.Collect$$$$00000004  mc_w.l(entry5.o)
    0x080000f4   0x080000f4   0x00000000   Code   RO         3545    .ARM.Collect$$$$00000008  mc_w.l(entry7b.o)
    0x080000f4   0x080000f4   0x00000000   Code   RO         3547    .ARM.Collect$$$$0000000A  mc_w.l(entry8b.o)
    0x080000f4   0x080000f4   0x00000008   Code   RO         3548    .ARM.Collect$$$$0000000B  mc_w.l(entry9a.o)
    0x080000fc   0x080000fc   0x00000004   Code   RO         3555    .ARM.Collect$$$$0000000E  mc_w.l(entry12b.o)
    0x08000100   0x08000100   0x00000000   Code   RO         3550    .ARM.Collect$$$$0000000F  mc_w.l(entry10a.o)
    0x08000100   0x08000100   0x00000000   Code   RO         3552    .ARM.Collect$$$$00000011  mc_w.l(entry11a.o)
    0x08000100   0x08000100   0x00000004   Code   RO         3541    .ARM.Collect$$$$00002712  mc_w.l(entry2.o)
    0x08000104   0x08000104   0x00000024   Code   RO            4    .text               startup_stm32f103xb.o
    0x08000128   0x08000128   0x00000020   Code   RO         3534    .text               mc_w.l(llushr.o)
    0x08000148   0x08000148   0x00000024   Code   RO         3536    .text               mc_w.l(memseta.o)
    0x0800016c   0x0800016c   0x00000024   Code   RO         3556    .text               mc_w.l(init.o)
    0x08000190   0x08000190   0x00000018   Code   RO          497    i.ADC1_2_IRQHandler  stm32f1xx_it.o
    0x080001a8   0x080001a8   0x00000052   Code   RO          945    i.ADC_ConversionStop_Disable  stm32f1xx_hal_adc.o
    0x080001fa   0x080001fa   0x00000004   Code   RO          498    i.BusFault_Handler  stm32f1xx_it.o
    0x080001fe   0x080001fe   0x00000002   PAD
    0x08000200   0x08000200   0x00000028   Code   RO          293    i.Cut_Igntion       main.o
    0x08000228   0x08000228   0x00000010   Code   RO          499    i.DMA1_Channel5_IRQHandler  stm32f1xx_it.o
    0x08000238   0x08000238   0x0000002c   Code   RO         1604    i.DMA_SetConfig     stm32f1xx_hal_dma.o
    0x08000264   0x08000264   0x00000002   Code   RO          500    i.DebugMon_Handler  stm32f1xx_it.o
    0x08000266   0x08000266   0x0000000c   Code   RO          501    i.EXTI9_5_IRQHandler  stm32f1xx_it.o
    0x08000272   0x08000272   0x00000002   PAD
    0x08000274   0x08000274   0x0000003c   Code   RO          294    i.Engine_STOP_test  main.o
    0x080002b0   0x080002b0   0x00000002   Code   RO          295    i.Error_Handler     main.o
    0x080002b2   0x080002b2   0x00000008   Code   RO          502    i.FLASH_IRQHandler  stm32f1xx_it.o
    0x080002ba   0x080002ba   0x00000002   PAD
    0x080002bc   0x080002bc   0x00000028   Code   RO         2049    i.FLASH_MassErase   stm32f1xx_hal_flash_ex.o
    0x080002e4   0x080002e4   0x00000028   Code   RO         2058    i.FLASH_PageErase   stm32f1xx_hal_flash_ex.o
    0x0800030c   0x0800030c   0x00000020   Code   RO         1946    i.FLASH_Program_HalfWord  stm32f1xx_hal_flash.o
    0x0800032c   0x0800032c   0x00000084   Code   RO         1947    i.FLASH_SetErrorCode  stm32f1xx_hal_flash.o
    0x080003b0   0x080003b0   0x00000070   Code   RO         1948    i.FLASH_WaitForLastOperation  stm32f1xx_hal_flash.o
    0x08000420   0x08000420   0x00000048   Code   RO          296    i.Falling_Edge_Event  main.o
    0x08000468   0x08000468   0x00000016   Code   RO          842    i.Filter16bits      math_lib.o
    0x0800047e   0x0800047e   0x0000001c   Code   RO           14    i.Flash_Read_Data   flash_page.o
    0x0800049a   0x0800049a   0x00000002   PAD
    0x0800049c   0x0800049c   0x00000084   Code   RO           15    i.Flash_Write_Data  flash_page.o
    0x08000520   0x08000520   0x00000034   Code   RO           16    i.GetPage           flash_page.o
    0x08000554   0x08000554   0x00000002   Code   RO         1127    i.HAL_ADCEx_InjectedConvCpltCallback  stm32f1xx_hal_adc_ex.o
    0x08000556   0x08000556   0x00000002   PAD
    0x08000558   0x08000558   0x00000160   Code   RO          951    i.HAL_ADC_ConfigChannel  stm32f1xx_hal_adc.o
    0x080006b8   0x080006b8   0x00000002   Code   RO          952    i.HAL_ADC_ConvCpltCallback  stm32f1xx_hal_adc.o
    0x080006ba   0x080006ba   0x00000122   Code   RO          959    i.HAL_ADC_IRQHandler  stm32f1xx_hal_adc.o
    0x080007dc   0x080007dc   0x00000144   Code   RO          960    i.HAL_ADC_Init      stm32f1xx_hal_adc.o
    0x08000920   0x08000920   0x00000002   Code   RO          961    i.HAL_ADC_LevelOutOfWindowCallback  stm32f1xx_hal_adc.o
    0x08000922   0x08000922   0x00000002   PAD
    0x08000924   0x08000924   0x000000e4   Code   RO          628    i.HAL_ADC_MspInit   stm32f1xx_hal_msp.o
    0x08000a08   0x08000a08   0x000000b0   Code   RO         1606    i.HAL_DMA_Abort_IT  stm32f1xx_hal_dma.o
    0x08000ab8   0x08000ab8   0x0000019c   Code   RO         1610    i.HAL_DMA_IRQHandler  stm32f1xx_hal_dma.o
    0x08000c54   0x08000c54   0x00000068   Code   RO         1611    i.HAL_DMA_Init      stm32f1xx_hal_dma.o
    0x08000cbc   0x08000cbc   0x0000009c   Code   RO         1615    i.HAL_DMA_Start_IT  stm32f1xx_hal_dma.o
    0x08000d58   0x08000d58   0x000000b0   Code   RO         2059    i.HAL_FLASHEx_Erase  stm32f1xx_hal_flash_ex.o
    0x08000e08   0x08000e08   0x00000002   Code   RO         1949    i.HAL_FLASH_EndOfOperationCallback  stm32f1xx_hal_flash.o
    0x08000e0a   0x08000e0a   0x00000002   PAD
    0x08000e0c   0x08000e0c   0x0000000c   Code   RO         1950    i.HAL_FLASH_GetError  stm32f1xx_hal_flash.o
    0x08000e18   0x08000e18   0x00000180   Code   RO         1951    i.HAL_FLASH_IRQHandler  stm32f1xx_hal_flash.o
    0x08000f98   0x08000f98   0x00000014   Code   RO         1952    i.HAL_FLASH_Lock    stm32f1xx_hal_flash.o
    0x08000fac   0x08000fac   0x00000002   Code   RO         1956    i.HAL_FLASH_OperationErrorCallback  stm32f1xx_hal_flash.o
    0x08000fae   0x08000fae   0x00000002   PAD
    0x08000fb0   0x08000fb0   0x000000b0   Code   RO         1957    i.HAL_FLASH_Program  stm32f1xx_hal_flash.o
    0x08001060   0x08001060   0x00000030   Code   RO         1959    i.HAL_FLASH_Unlock  stm32f1xx_hal_flash.o
    0x08001090   0x08001090   0x00000002   Code   RO         1539    i.HAL_GPIO_EXTI_Callback  stm32f1xx_hal_gpio.o
    0x08001092   0x08001092   0x00000002   PAD
    0x08001094   0x08001094   0x0000001c   Code   RO         1540    i.HAL_GPIO_EXTI_IRQHandler  stm32f1xx_hal_gpio.o
    0x080010b0   0x080010b0   0x00000320   Code   RO         1541    i.HAL_GPIO_Init     stm32f1xx_hal_gpio.o
    0x080013d0   0x080013d0   0x0000000e   Code   RO         1544    i.HAL_GPIO_TogglePin  stm32f1xx_hal_gpio.o
    0x080013de   0x080013de   0x0000000c   Code   RO         1545    i.HAL_GPIO_WritePin  stm32f1xx_hal_gpio.o
    0x080013ea   0x080013ea   0x00000002   PAD
    0x080013ec   0x080013ec   0x0000000c   Code   RO         1232    i.HAL_GetTick       stm32f1xx_hal.o
    0x080013f8   0x080013f8   0x00000018   Code   RO         1238    i.HAL_IncTick       stm32f1xx_hal.o
    0x08001410   0x08001410   0x00000028   Code   RO         1239    i.HAL_Init          stm32f1xx_hal.o
    0x08001438   0x08001438   0x0000004c   Code   RO         1240    i.HAL_InitTick      stm32f1xx_hal.o
    0x08001484   0x08001484   0x0000008c   Code   RO          629    i.HAL_MspInit       stm32f1xx_hal_msp.o
    0x08001510   0x08001510   0x00000020   Code   RO         1701    i.HAL_NVIC_EnableIRQ  stm32f1xx_hal_cortex.o
    0x08001530   0x08001530   0x0000007c   Code   RO         1707    i.HAL_NVIC_SetPriority  stm32f1xx_hal_cortex.o
    0x080015ac   0x080015ac   0x00000028   Code   RO         1708    i.HAL_NVIC_SetPriorityGrouping  stm32f1xx_hal_cortex.o
    0x080015d4   0x080015d4   0x00000002   Code   RO         1836    i.HAL_PWR_PVDCallback  stm32f1xx_hal_pwr.o
    0x080015d6   0x080015d6   0x00000002   PAD
    0x080015d8   0x080015d8   0x00000020   Code   RO         1837    i.HAL_PWR_PVD_IRQHandler  stm32f1xx_hal_pwr.o
    0x080015f8   0x080015f8   0x00000130   Code   RO         1504    i.HAL_RCCEx_PeriphCLKConfig  stm32f1xx_hal_rcc_ex.o
    0x08001728   0x08001728   0x0000018c   Code   RO         1396    i.HAL_RCC_ClockConfig  stm32f1xx_hal_rcc.o
    0x080018b4   0x080018b4   0x0000000c   Code   RO         1401    i.HAL_RCC_GetHCLKFreq  stm32f1xx_hal_rcc.o
    0x080018c0   0x080018c0   0x00000020   Code   RO         1403    i.HAL_RCC_GetPCLK1Freq  stm32f1xx_hal_rcc.o
    0x080018e0   0x080018e0   0x00000020   Code   RO         1404    i.HAL_RCC_GetPCLK2Freq  stm32f1xx_hal_rcc.o
    0x08001900   0x08001900   0x00000094   Code   RO         1405    i.HAL_RCC_GetSysClockFreq  stm32f1xx_hal_rcc.o
    0x08001994   0x08001994   0x00000464   Code   RO         1408    i.HAL_RCC_OscConfig  stm32f1xx_hal_rcc.o
    0x08001df8   0x08001df8   0x00000034   Code   RO         1712    i.HAL_SYSTICK_Config  stm32f1xx_hal_cortex.o
    0x08001e2c   0x08001e2c   0x00000002   Code   RO         2915    i.HAL_TIMEx_BreakCallback  stm32f1xx_hal_tim_ex.o
    0x08001e2e   0x08001e2e   0x00000002   Code   RO         2916    i.HAL_TIMEx_CommutCallback  stm32f1xx_hal_tim_ex.o
    0x08001e30   0x08001e30   0x00000054   Code   RO         2933    i.HAL_TIMEx_MasterConfigSynchronization  stm32f1xx_hal_tim_ex.o
    0x08001e84   0x08001e84   0x00000034   Code   RO         2229    i.HAL_TIM_Base_Init  stm32f1xx_hal_tim.o
    0x08001eb8   0x08001eb8   0x000000d4   Code   RO          631    i.HAL_TIM_Base_MspInit  stm32f1xx_hal_msp.o
    0x08001f8c   0x08001f8c   0x00000108   Code   RO         2238    i.HAL_TIM_ConfigClockSource  stm32f1xx_hal_tim.o
    0x08002094   0x08002094   0x0000002a   Code   RO          297    i.HAL_TIM_IC_CaptureCallback  main.o
    0x080020be   0x080020be   0x000000e0   Code   RO         2260    i.HAL_TIM_IC_ConfigChannel  stm32f1xx_hal_tim.o
    0x0800219e   0x0800219e   0x00000034   Code   RO         2263    i.HAL_TIM_IC_Init   stm32f1xx_hal_tim.o
    0x080021d2   0x080021d2   0x00000002   Code   RO         2265    i.HAL_TIM_IC_MspInit  stm32f1xx_hal_tim.o
    0x080021d4   0x080021d4   0x00000078   Code   RO         2268    i.HAL_TIM_IC_Start_IT  stm32f1xx_hal_tim.o
    0x0800224c   0x0800224c   0x00000196   Code   RO         2272    i.HAL_TIM_IRQHandler  stm32f1xx_hal_tim.o
    0x080023e2   0x080023e2   0x00000074   Code   RO         2273    i.HAL_TIM_OC_ConfigChannel  stm32f1xx_hal_tim.o
    0x08002456   0x08002456   0x00000002   PAD
    0x08002458   0x08002458   0x0000005c   Code   RO          298    i.HAL_TIM_OC_DelayElapsedCallback  main.o
    0x080024b4   0x080024b4   0x00000034   Code   RO         2277    i.HAL_TIM_OC_Init   stm32f1xx_hal_tim.o
    0x080024e8   0x080024e8   0x00000002   Code   RO         2279    i.HAL_TIM_OC_MspInit  stm32f1xx_hal_tim.o
    0x080024ea   0x080024ea   0x00000002   PAD
    0x080024ec   0x080024ec   0x00000098   Code   RO         2282    i.HAL_TIM_OC_Start_IT  stm32f1xx_hal_tim.o
    0x08002584   0x08002584   0x000000c0   Code   RO         2285    i.HAL_TIM_OC_Stop_IT  stm32f1xx_hal_tim.o
    0x08002644   0x08002644   0x00000002   Code   RO         2302    i.HAL_TIM_PWM_PulseFinishedCallback  stm32f1xx_hal_tim.o
    0x08002646   0x08002646   0x00000002   PAD
    0x08002648   0x08002648   0x00000018   Code   RO          299    i.HAL_TIM_PeriodElapsedCallback  main.o
    0x08002660   0x08002660   0x00000032   Code   RO         2312    i.HAL_TIM_ReadCapturedValue  stm32f1xx_hal_tim.o
    0x08002692   0x08002692   0x00000002   Code   RO         2315    i.HAL_TIM_TriggerCallback  stm32f1xx_hal_tim.o
    0x08002694   0x08002694   0x00000014   Code   RO          300    i.HAL_UART_ErrorCallback  main.o
    0x080026a8   0x080026a8   0x0000014c   Code   RO         3190    i.HAL_UART_IRQHandler  stm32f1xx_hal_uart.o
    0x080027f4   0x080027f4   0x00000072   Code   RO         3191    i.HAL_UART_Init     stm32f1xx_hal_uart.o
    0x08002866   0x08002866   0x00000002   PAD
    0x08002868   0x08002868   0x000000d0   Code   RO          633    i.HAL_UART_MspInit  stm32f1xx_hal_msp.o
    0x08002938   0x08002938   0x000000c4   Code   RO         3195    i.HAL_UART_Receive_DMA  stm32f1xx_hal_uart.o
    0x080029fc   0x080029fc   0x00000024   Code   RO          301    i.HAL_UART_RxCpltCallback  main.o
    0x08002a20   0x08002a20   0x00000002   Code   RO         3198    i.HAL_UART_RxHalfCpltCallback  stm32f1xx_hal_uart.o
    0x08002a22   0x08002a22   0x00000002   PAD
    0x08002a24   0x08002a24   0x0000009c   Code   RO         3200    i.HAL_UART_Transmit_DMA  stm32f1xx_hal_uart.o
    0x08002ac0   0x08002ac0   0x0000000c   Code   RO          302    i.HAL_UART_TxCpltCallback  main.o
    0x08002acc   0x08002acc   0x00000002   Code   RO         3203    i.HAL_UART_TxHalfCpltCallback  stm32f1xx_hal_uart.o
    0x08002ace   0x08002ace   0x00000004   Code   RO          503    i.HardFault_Handler  stm32f1xx_it.o
    0x08002ad2   0x08002ad2   0x00000002   PAD
    0x08002ad4   0x08002ad4   0x0000006c   Code   RO          689    i.Hardware_Test     io_control.o
    0x08002b40   0x08002b40   0x00000024   Code   RO          303    i.Ignition_nTime    main.o
    0x08002b64   0x08002b64   0x0000005c   Code   RO          304    i.MX_ADC1_Init      main.o
    0x08002bc0   0x08002bc0   0x0000005c   Code   RO          305    i.MX_ADC2_Init      main.o
    0x08002c1c   0x08002c1c   0x00000034   Code   RO          306    i.MX_DMA_Init       main.o
    0x08002c50   0x08002c50   0x000001c0   Code   RO          307    i.MX_GPIO_Init      main.o
    0x08002e10   0x08002e10   0x000000b8   Code   RO          308    i.MX_TIM2_Init      main.o
    0x08002ec8   0x08002ec8   0x000000d8   Code   RO          309    i.MX_TIM4_Init      main.o
    0x08002fa0   0x08002fa0   0x00000038   Code   RO          310    i.MX_USART1_UART_Init  main.o
    0x08002fd8   0x08002fd8   0x00000004   Code   RO          504    i.MemManage_Handler  stm32f1xx_it.o
    0x08002fdc   0x08002fdc   0x00000002   Code   RO          505    i.NMI_Handler       stm32f1xx_it.o
    0x08002fde   0x08002fde   0x00000008   Code   RO          506    i.PVD_IRQHandler    stm32f1xx_it.o
    0x08002fe6   0x08002fe6   0x00000002   Code   RO          507    i.PendSV_Handler    stm32f1xx_it.o
    0x08002fe8   0x08002fe8   0x0000003c   Code   RO          153    i.Periodic_task     scheduller.o
    0x08003024   0x08003024   0x000000a4   Code   RO          311    i.Pulse_Generator_Scheduler  main.o
    0x080030c8   0x080030c8   0x00000028   Code   RO         1409    i.RCC_Delay         stm32f1xx_hal_rcc.o
    0x080030f0   0x080030f0   0x00000002   Code   RO          508    i.RCC_IRQHandler    stm32f1xx_it.o
    0x080030f2   0x080030f2   0x00000002   PAD
    0x080030f4   0x080030f4   0x0000005c   Code   RO          312    i.Rising_Edge_Event  main.o
    0x08003150   0x08003150   0x00000002   Code   RO          509    i.SVC_Handler       stm32f1xx_it.o
    0x08003152   0x08003152   0x00000002   PAD
    0x08003154   0x08003154   0x00000010   Code   RO          690    i.Set_Ouput_InterruptionTest  io_control.o
    0x08003164   0x08003164   0x00000024   Code   RO          691    i.Set_Ouput_Inversor  io_control.o
    0x08003188   0x08003188   0x00000024   Code   RO          692    i.Set_Ouput_Trigger  io_control.o
    0x080031ac   0x080031ac   0x00000188   Code   RO          313    i.Set_Pulse_Program  main.o
    0x08003334   0x08003334   0x00000040   Code   RO          845    i.Statistics        math_lib.o
    0x08003374   0x08003374   0x00000008   Code   RO          510    i.SysTick_Handler   stm32f1xx_it.o
    0x0800337c   0x0800337c   0x00000084   Code   RO          314    i.SystemClock_Config  main.o
    0x08003400   0x08003400   0x00000058   Code   RO         3498    i.SystemInit        system_stm32f1xx.o
    0x08003458   0x08003458   0x00000010   Code   RO          511    i.TIM2_IRQHandler   stm32f1xx_it.o
    0x08003468   0x08003468   0x00000010   Code   RO          512    i.TIM4_IRQHandler   stm32f1xx_it.o
    0x08003478   0x08003478   0x00000074   Code   RO         2317    i.TIM_Base_SetConfig  stm32f1xx_hal_tim.o
    0x080034ec   0x080034ec   0x00000022   Code   RO         2318    i.TIM_CCxChannelCmd  stm32f1xx_hal_tim.o
    0x0800350e   0x0800350e   0x00000016   Code   RO         2328    i.TIM_ETR_SetConfig  stm32f1xx_hal_tim.o
    0x08003524   0x08003524   0x00000012   Code   RO         2329    i.TIM_ITRx_SetConfig  stm32f1xx_hal_tim.o
    0x08003536   0x08003536   0x00000002   PAD
    0x08003538   0x08003538   0x00000060   Code   RO         2330    i.TIM_OC1_SetConfig  stm32f1xx_hal_tim.o
    0x08003598   0x08003598   0x00000068   Code   RO         2331    i.TIM_OC2_SetConfig  stm32f1xx_hal_tim.o
    0x08003600   0x08003600   0x00000068   Code   RO         2332    i.TIM_OC3_SetConfig  stm32f1xx_hal_tim.o
    0x08003668   0x08003668   0x00000048   Code   RO         2333    i.TIM_OC4_SetConfig  stm32f1xx_hal_tim.o
    0x080036b0   0x080036b0   0x00000026   Code   RO         2335    i.TIM_TI1_ConfigInputStage  stm32f1xx_hal_tim.o
    0x080036d6   0x080036d6   0x00000002   PAD
    0x080036d8   0x080036d8   0x00000068   Code   RO         2336    i.TIM_TI1_SetConfig  stm32f1xx_hal_tim.o
    0x08003740   0x08003740   0x00000028   Code   RO         2337    i.TIM_TI2_ConfigInputStage  stm32f1xx_hal_tim.o
    0x08003768   0x08003768   0x0000003a   Code   RO         2338    i.TIM_TI2_SetConfig  stm32f1xx_hal_tim.o
    0x080037a2   0x080037a2   0x00000038   Code   RO         2339    i.TIM_TI3_SetConfig  stm32f1xx_hal_tim.o
    0x080037da   0x080037da   0x0000003c   Code   RO         2340    i.TIM_TI4_SetConfig  stm32f1xx_hal_tim.o
    0x08003816   0x08003816   0x00000008   Code   RO          315    i.Task_Fast         main.o
    0x0800381e   0x0800381e   0x00000002   PAD
    0x08003820   0x08003820   0x00000020   Code   RO          316    i.Task_Medium       main.o
    0x08003840   0x08003840   0x00000008   Code   RO          317    i.Task_Slow         main.o
    0x08003848   0x08003848   0x00000014   Code   RO          697    i.Toggle_LED_Blue   io_control.o
    0x0800385c   0x0800385c   0x00000014   Code   RO          698    i.Toggle_LED_Green  io_control.o
    0x08003870   0x08003870   0x00000014   Code   RO          699    i.Toggle_LED_Red    io_control.o
    0x08003884   0x08003884   0x00000014   Code   RO          700    i.Toggle_LED_Yellow  io_control.o
    0x08003898   0x08003898   0x00000074   Code   RO          318    i.Treat_Int         main.o
    0x0800390c   0x0800390c   0x00000028   Code   RO          319    i.TurnOffAllPulseInt  main.o
    0x08003934   0x08003934   0x00000014   Code   RO         3204    i.UART_DMAAbortOnError  stm32f1xx_hal_uart.o
    0x08003948   0x08003948   0x00000050   Code   RO         3205    i.UART_DMAError     stm32f1xx_hal_uart.o
    0x08003998   0x08003998   0x00000046   Code   RO         3206    i.UART_DMAReceiveCplt  stm32f1xx_hal_uart.o
    0x080039de   0x080039de   0x0000000e   Code   RO         3208    i.UART_DMARxHalfCplt  stm32f1xx_hal_uart.o
    0x080039ec   0x080039ec   0x00000036   Code   RO         3210    i.UART_DMATransmitCplt  stm32f1xx_hal_uart.o
    0x08003a22   0x08003a22   0x0000000e   Code   RO         3212    i.UART_DMATxHalfCplt  stm32f1xx_hal_uart.o
    0x08003a30   0x08003a30   0x00000020   Code   RO         3214    i.UART_EndRxTransfer  stm32f1xx_hal_uart.o
    0x08003a50   0x08003a50   0x00000020   Code   RO         3215    i.UART_EndTransmit_IT  stm32f1xx_hal_uart.o
    0x08003a70   0x08003a70   0x00000014   Code   RO         3216    i.UART_EndTxTransfer  stm32f1xx_hal_uart.o
    0x08003a84   0x08003a84   0x000000a6   Code   RO         3217    i.UART_Receive_IT   stm32f1xx_hal_uart.o
    0x08003b2a   0x08003b2a   0x00000002   PAD
    0x08003b2c   0x08003b2c   0x000001a0   Code   RO         3218    i.UART_SetConfig    stm32f1xx_hal_uart.o
    0x08003ccc   0x08003ccc   0x00000068   Code   RO         3219    i.UART_Transmit_IT  stm32f1xx_hal_uart.o
    0x08003d34   0x08003d34   0x00000010   Code   RO          513    i.USART1_IRQHandler  stm32f1xx_it.o
    0x08003d44   0x08003d44   0x00000004   Code   RO          514    i.UsageFault_Handler  stm32f1xx_it.o
    0x08003d48   0x08003d48   0x00000010   Code   RO         1714    i.__NVIC_GetPriorityGrouping  stm32f1xx_hal_cortex.o
    0x08003d58   0x08003d58   0x00000028   Code   RO         1715    i.__NVIC_SetPriority  stm32f1xx_hal_cortex.o
    0x08003d80   0x08003d80   0x0000000e   Code   RO         3560    i.__scatterload_copy  mc_w.l(handlers.o)
    0x08003d8e   0x08003d8e   0x00000002   Code   RO         3561    i.__scatterload_null  mc_w.l(handlers.o)
    0x08003d90   0x08003d90   0x0000000e   Code   RO         3562    i.__scatterload_zeroinit  mc_w.l(handlers.o)
    0x08003d9e   0x08003d9e   0x00000040   Code   RO          846    i.binarySearch      math_lib.o
    0x08003dde   0x08003dde   0x00000002   PAD
    0x08003de0   0x08003de0   0x00000014   Code   RO          213    i.copyCalibFlashToRam  usart_comm.o
    0x08003df4   0x08003df4   0x00000020   Code   RO          215    i.copyCalibUartToRam  usart_comm.o
    0x08003e14   0x08003e14   0x0000001c   Code   RO          216    i.initializeCalibOnRAM  usart_comm.o
    0x08003e30   0x08003e30   0x0000007a   Code   RO          848    i.linearInterpolation  math_lib.o
    0x08003eaa   0x08003eaa   0x00000002   PAD
    0x08003eac   0x08003eac   0x000000b4   Code   RO          320    i.main              main.o
    0x08003f60   0x08003f60   0x000000a4   Code   RO          849    i.predictionCalc    math_lib.o
    0x08004004   0x08004004   0x00000084   Code   RO          217    i.receiveData       usart_comm.o
    0x08004088   0x08004088   0x00000018   Code   RO          218    i.saveCalibRamToFlash  usart_comm.o
    0x080040a0   0x080040a0   0x0000002c   Code   RO          219    i.systemInitialization  usart_comm.o
    0x080040cc   0x080040cc   0x0000005c   Code   RO          220    i.transmitCalibToUART  usart_comm.o
    0x08004128   0x08004128   0x00000100   Code   RO          221    i.transmitSystemInfo  usart_comm.o
    0x08004228   0x08004228   0x0000002c   Data   RO          188    .constdata          general_def.o
    0x08004254   0x08004254   0x00000018   Data   RO         3499    .constdata          system_stm32f1xx.o
    0x0800426c   0x0800426c   0x00000020   Data   RO         3558    Region$$Table       anon$$obj.o


    Execution Region RW_IRAM1 (Exec base: 0x20000000, Load base: 0x0800428c, Size: 0x00000718, Max: 0x00005000, ABSOLUTE)

    Exec Addr    Load Addr    Size         Type   Attr      Idx    E Section Name        Object

    0x20000000   0x0800428c   0x00000003   Data   RW          223    .data               usart_comm.o
    0x20000003   0x0800428f   0x00000001   PAD
    0x20000004   0x08004290   0x0000001d   Data   RW          322    .data               main.o
    0x20000021   0x080042ad   0x00000002   Data   RW          701    .data               io_control.o
    0x20000023   0x080042af   0x00000001   PAD
    0x20000024   0x080042b0   0x00000018   Data   RW          850    .data               math_lib.o
    0x2000003c   0x080042c8   0x00000009   Data   RW         1246    .data               stm32f1xx_hal.o
    0x20000045   0x080042d1   0x00000003   PAD
    0x20000048   0x080042d4   0x00000004   Data   RW         3500    .data               system_stm32f1xx.o
    0x2000004c        -       0x00000010   Zero   RW           17    .bss                flash_page.o
    0x2000005c        -       0x00000018   Zero   RW          154    .bss                scheduller.o
    0x20000074        -       0x000000b4   Zero   RW          187    .bss                general_def.o
    0x20000128        -       0x00000067   Zero   RW          222    .bss                usart_comm.o
    0x2000018f   0x080042d8   0x00000001   PAD
    0x20000190        -       0x00000164   Zero   RW          321    .bss                main.o
    0x200002f4   0x080042d8   0x00000004   PAD
    0x200002f8        -       0x00000020   Zero   RW         1960    .bss                stm32f1xx_hal_flash.o
    0x20000318        -       0x00000400   Zero   RW            1    STACK               startup_stm32f103xb.o


==============================================================================

Image component sizes


      Code (inc. data)   RO Data    RW Data    ZI Data      Debug   Object Name

       212         12          0          0         16     450961   flash_page.o
         0          0         44          0        180       2679   general_def.o
       276         46          0          2          0       3660   io_control.o
      2740        272          0         29        356      14542   main.o
       436         34          0         24          0       3362   math_lib.o
        60          0          0          0         24       1542   scheduller.o
        36          8        236          0       1024        784   startup_stm32f103xb.o
       152         32          0          9          0       5129   stm32f1xx_hal.o
      1052         24          0          0          0       4811   stm32f1xx_hal_adc.o
         2          0          0          0          0       1041   stm32f1xx_hal_adc_ex.o
       304         22          0          0          0      29267   stm32f1xx_hal_cortex.o
       892         12          0          0          0       4074   stm32f1xx_hal_dma.o
       920         62          0          0         32       6408   stm32f1xx_hal_flash.o
       256         26          0          0          0       2471   stm32f1xx_hal_flash_ex.o
       856         38          0          0          0       4281   stm32f1xx_hal_gpio.o
       788         66          0          0          0       3195   stm32f1xx_hal_msp.o
        34          6          0          0          0        995   stm32f1xx_hal_pwr.o
      1784        110          0          0          0       5840   stm32f1xx_hal_rcc.o
       304         14          0          0          0       1352   stm32f1xx_hal_rcc_ex.o
      2610         54          0          0          0      20065   stm32f1xx_hal_tim.o
        88          0          0          0          0       2269   stm32f1xx_hal_tim_ex.o
      1824         38          0          0          0      11665   stm32f1xx_hal_uart.o
       150         32          0          0          0       7515   stm32f1xx_it.o
        88         18         24          4          0       1099   system_stm32f1xx.o
       628         92          0          3        103       5612   usart_comm.o

    ----------------------------------------------------------------------
     16542       1018        336         76       1740     594619   Object Totals
         0          0         32          0          0          0   (incl. Generated)
        50          0          0          5          5          0   (incl. Padding)

    ----------------------------------------------------------------------

      Code (inc. data)   RO Data    RW Data    ZI Data      Debug   Library Member Name

         0          0          0          0          0          0   entry.o
         0          0          0          0          0          0   entry10a.o
         0          0          0          0          0          0   entry11a.o
         4          0          0          0          0          0   entry12b.o
         8          4          0          0          0          0   entry2.o
         4          0          0          0          0          0   entry5.o
         0          0          0          0          0          0   entry7b.o
         0          0          0          0          0          0   entry8b.o
         8          4          0          0          0          0   entry9a.o
        30          0          0          0          0          0   handlers.o
        36          8          0          0          0         68   init.o
        32          0          0          0          0         68   llushr.o
        36          0          0          0          0        108   memseta.o

    ----------------------------------------------------------------------
       158         16          0          0          0        244   Library Totals
         0          0          0          0          0          0   (incl. Padding)

    ----------------------------------------------------------------------

      Code (inc. data)   RO Data    RW Data    ZI Data      Debug   Library Name

       158         16          0          0          0        244   mc_w.l

    ----------------------------------------------------------------------
       158         16          0          0          0        244   Library Totals

    ----------------------------------------------------------------------

==============================================================================


      Code (inc. data)   RO Data    RW Data    ZI Data      Debug   

     16700       1034        336         76       1740     586071   Grand Totals
     16700       1034        336         76       1740     586071   ELF Image Totals
     16700       1034        336         76          0          0   ROM Totals

==============================================================================

    Total RO  Size (Code + RO Data)                17036 (  16.64kB)
    Total RW  Size (RW Data + ZI Data)              1816 (   1.77kB)
    Total ROM Size (Code + RO Data + RW Data)      17112 (  16.71kB)

==============================================================================

