Component: ARM Compiler 5.06 update 6 (build 750) Tool: armlink [4d35ed]

==============================================================================

Section Cross References

    startup_stm32f103xb.o(RESET) refers to startup_stm32f103xb.o(STACK) for __initial_sp
    startup_stm32f103xb.o(RESET) refers to startup_stm32f103xb.o(.text) for Reset_Handler
    startup_stm32f103xb.o(RESET) refers to stm32f1xx_it.o(i.NMI_Handler) for NMI_Handler
    startup_stm32f103xb.o(RESET) refers to stm32f1xx_it.o(i.HardFault_Handler) for HardFault_Handler
    startup_stm32f103xb.o(RESET) refers to stm32f1xx_it.o(i.MemManage_Handler) for MemManage_Handler
    startup_stm32f103xb.o(RESET) refers to stm32f1xx_it.o(i.BusFault_Handler) for BusFault_Handler
    startup_stm32f103xb.o(RESET) refers to stm32f1xx_it.o(i.UsageFault_Handler) for UsageFault_Handler
    startup_stm32f103xb.o(RESET) refers to stm32f1xx_it.o(i.SVC_Handler) for SVC_Handler
    startup_stm32f103xb.o(RESET) refers to stm32f1xx_it.o(i.DebugMon_Handler) for DebugMon_Handler
    startup_stm32f103xb.o(RESET) refers to stm32f1xx_it.o(i.PendSV_Handler) for PendSV_Handler
    startup_stm32f103xb.o(RESET) refers to stm32f1xx_it.o(i.SysTick_Handler) for SysTick_Handler
    startup_stm32f103xb.o(RESET) refers to stm32f1xx_it.o(i.PVD_IRQHandler) for PVD_IRQHandler
    startup_stm32f103xb.o(RESET) refers to stm32f1xx_it.o(i.FLASH_IRQHandler) for FLASH_IRQHandler
    startup_stm32f103xb.o(RESET) refers to stm32f1xx_it.o(i.RCC_IRQHandler) for RCC_IRQHandler
    startup_stm32f103xb.o(RESET) refers to stm32f1xx_it.o(i.DMA1_Channel3_IRQHandler) for DMA1_Channel3_IRQHandler
    startup_stm32f103xb.o(RESET) refers to stm32f1xx_it.o(i.ADC1_2_IRQHandler) for ADC1_2_IRQHandler
    startup_stm32f103xb.o(RESET) refers to stm32f1xx_it.o(i.EXTI9_5_IRQHandler) for EXTI9_5_IRQHandler
    startup_stm32f103xb.o(RESET) refers to stm32f1xx_it.o(i.TIM2_IRQHandler) for TIM2_IRQHandler
    startup_stm32f103xb.o(RESET) refers to stm32f1xx_it.o(i.TIM4_IRQHandler) for TIM4_IRQHandler
    startup_stm32f103xb.o(.text) refers to system_stm32f1xx.o(i.SystemInit) for SystemInit
    startup_stm32f103xb.o(.text) refers to entry.o(.ARM.Collect$$$$00000000) for __main
    flash_page.o(i.Convert_To_Str) refers to strlen.o(.text) for strlen
    flash_page.o(i.Flash_Write_Data) refers to stm32f1xx_hal_flash.o(i.HAL_FLASH_Unlock) for HAL_FLASH_Unlock
    flash_page.o(i.Flash_Write_Data) refers to flash_page.o(i.GetPage) for GetPage
    flash_page.o(i.Flash_Write_Data) refers to stm32f1xx_hal_flash_ex.o(i.HAL_FLASHEx_Erase) for HAL_FLASHEx_Erase
    flash_page.o(i.Flash_Write_Data) refers to stm32f1xx_hal_flash.o(i.HAL_FLASH_GetError) for HAL_FLASH_GetError
    flash_page.o(i.Flash_Write_Data) refers to stm32f1xx_hal_flash.o(i.HAL_FLASH_Program) for HAL_FLASH_Program
    flash_page.o(i.Flash_Write_Data) refers to stm32f1xx_hal_flash.o(i.HAL_FLASH_Lock) for HAL_FLASH_Lock
    flash_page.o(i.Flash_Write_Data) refers to flash_page.o(.bss) for EraseInitStruct
    main.o(i.Cut_Igntion) refers to main.o(.bss) for scenario
    main.o(i.Engine_STOP_test) refers to main.o(.data) for program
    main.o(i.Engine_STOP_test) refers to main.o(.bss) for scenario
    main.o(i.Falling_Edge_Event) refers to stm32f1xx_hal_tim.o(i.HAL_TIM_ReadCapturedValue) for HAL_TIM_ReadCapturedValue
    main.o(i.Falling_Edge_Event) refers to main.o(i.Pulse_Generator_Scheduler) for Pulse_Generator_Scheduler
    main.o(i.Falling_Edge_Event) refers to main.o(.bss) for htim2
    main.o(i.HAL_TIM_IC_CaptureCallback) refers to main.o(i.Rising_Edge_Event) for Rising_Edge_Event
    main.o(i.HAL_TIM_IC_CaptureCallback) refers to main.o(i.Falling_Edge_Event) for Falling_Edge_Event
    main.o(i.HAL_TIM_OC_DelayElapsedCallback) refers to main.o(i.Treat_Int) for Treat_Int
    main.o(i.HAL_TIM_PeriodElapsedCallback) refers to main.o(.bss) for scenario
    main.o(i.HAL_UART_ErrorCallback) refers to main.o(.data) for k
    main.o(i.HAL_UART_RxCpltCallback) refers to stm32f1xx_hal_uart.o(i.HAL_UART_Receive_DMA) for HAL_UART_Receive_DMA
    main.o(i.HAL_UART_RxCpltCallback) refers to main.o(.bss) for UART3_rxBuffer
    main.o(i.HAL_UART_RxCpltCallback) refers to main.o(.data) for receptstatus
    main.o(i.HAL_UART_TxCpltCallback) refers to main.o(.data) for transmstatus
    main.o(i.Ignition_nTime) refers to main.o(i.linearInterpolation) for linearInterpolation
    main.o(i.Ignition_nTime) refers to main.o(.bss) for calibFlashBlock
    main.o(i.Ignition_nTime) refers to main.o(.data) for advance
    main.o(i.MX_ADC1_Init) refers to stm32f1xx_hal_adc.o(i.HAL_ADC_Init) for HAL_ADC_Init
    main.o(i.MX_ADC1_Init) refers to main.o(i.Error_Handler) for Error_Handler
    main.o(i.MX_ADC1_Init) refers to stm32f1xx_hal_adc.o(i.HAL_ADC_ConfigChannel) for HAL_ADC_ConfigChannel
    main.o(i.MX_ADC1_Init) refers to main.o(.bss) for hadc1
    main.o(i.MX_ADC2_Init) refers to stm32f1xx_hal_adc.o(i.HAL_ADC_Init) for HAL_ADC_Init
[...]
    Removing stm32f1xx_hal_tim.o(i.TIM_DMACaptureHalfCplt), (70 bytes).
    Removing stm32f1xx_hal_tim.o(i.TIM_DMADelayPulseCplt), (70 bytes).
    Removing stm32f1xx_hal_tim.o(i.TIM_DMADelayPulseHalfCplt), (70 bytes).
    Removing stm32f1xx_hal_tim.o(i.TIM_DMAError), (20 bytes).
    Removing stm32f1xx_hal_tim.o(i.TIM_DMAPeriodElapsedCplt), (20 bytes).
    Removing stm32f1xx_hal_tim.o(i.TIM_DMAPeriodElapsedHalfCplt), (20 bytes).
    Removing stm32f1xx_hal_tim.o(i.TIM_DMATriggerCplt), (20 bytes).
    Removing stm32f1xx_hal_tim.o(i.TIM_DMATriggerHalfCplt), (20 bytes).
    Removing stm32f1xx_hal_tim.o(i.TIM_SlaveTimer_SetConfig), (170 bytes).
    Removing stm32f1xx_hal_tim_ex.o(.rev16_text), (4 bytes).
    Removing stm32f1xx_hal_tim_ex.o(.revsh_text), (4 bytes).
    Removing stm32f1xx_hal_tim_ex.o(.rrx_text), (6 bytes).
    Removing stm32f1xx_hal_tim_ex.o(i.HAL_TIMEx_CommutHalfCpltCallback), (2 bytes).
    Removing stm32f1xx_hal_tim_ex.o(i.HAL_TIMEx_ConfigBreakDeadTime), (116 bytes).
    Removing stm32f1xx_hal_tim_ex.o(i.HAL_TIMEx_ConfigCommutEvent), (134 bytes).
    Removing stm32f1xx_hal_tim_ex.o(i.HAL_TIMEx_ConfigCommutEvent_DMA), (164 bytes).
    Removing stm32f1xx_hal_tim_ex.o(i.HAL_TIMEx_ConfigCommutEvent_IT), (134 bytes).
    Removing stm32f1xx_hal_tim_ex.o(i.HAL_TIMEx_HallSensor_DeInit), (70 bytes).
    Removing stm32f1xx_hal_tim_ex.o(i.HAL_TIMEx_HallSensor_GetState), (8 bytes).
    Removing stm32f1xx_hal_tim_ex.o(i.HAL_TIMEx_HallSensor_Init), (208 bytes).
    Removing stm32f1xx_hal_tim_ex.o(i.HAL_TIMEx_HallSensor_MspDeInit), (2 bytes).
    Removing stm32f1xx_hal_tim_ex.o(i.HAL_TIMEx_HallSensor_MspInit), (2 bytes).
    Removing stm32f1xx_hal_tim_ex.o(i.HAL_TIMEx_HallSensor_Start), (42 bytes).
    Removing stm32f1xx_hal_tim_ex.o(i.HAL_TIMEx_HallSensor_Start_DMA), (144 bytes).
    Removing stm32f1xx_hal_tim_ex.o(i.HAL_TIMEx_HallSensor_Start_IT), (54 bytes).
    Removing stm32f1xx_hal_tim_ex.o(i.HAL_TIMEx_HallSensor_Stop), (56 bytes).
    Removing stm32f1xx_hal_tim_ex.o(i.HAL_TIMEx_HallSensor_Stop_DMA), (74 bytes).
    Removing stm32f1xx_hal_tim_ex.o(i.HAL_TIMEx_HallSensor_Stop_IT), (68 bytes).
    Removing stm32f1xx_hal_tim_ex.o(i.HAL_TIMEx_OCN_Start), (56 bytes).
    Removing stm32f1xx_hal_tim_ex.o(i.HAL_TIMEx_OCN_Start_DMA), (288 bytes).
    Removing stm32f1xx_hal_tim_ex.o(i.HAL_TIMEx_OCN_Start_IT), (126 bytes).
    Removing stm32f1xx_hal_tim_ex.o(i.HAL_TIMEx_OCN_Stop), (96 bytes).
    Removing stm32f1xx_hal_tim_ex.o(i.HAL_TIMEx_OCN_Stop_DMA), (178 bytes).
    Removing stm32f1xx_hal_tim_ex.o(i.HAL_TIMEx_OCN_Stop_IT), (178 bytes).
    Removing stm32f1xx_hal_tim_ex.o(i.HAL_TIMEx_OnePulseN_Start), (32 bytes).
    Removing stm32f1xx_hal_tim_ex.o(i.HAL_TIMEx_OnePulseN_Start_IT), (56 bytes).
    Removing stm32f1xx_hal_tim_ex.o(i.HAL_TIMEx_OnePulseN_Stop), (96 bytes).
    Removing stm32f1xx_hal_tim_ex.o(i.HAL_TIMEx_OnePulseN_Stop_IT), (120 bytes).
    Removing stm32f1xx_hal_tim_ex.o(i.HAL_TIMEx_PWMN_Start), (56 bytes).
    Removing stm32f1xx_hal_tim_ex.o(i.HAL_TIMEx_PWMN_Start_DMA), (288 bytes).
    Removing stm32f1xx_hal_tim_ex.o(i.HAL_TIMEx_PWMN_Start_IT), (126 bytes).
    Removing stm32f1xx_hal_tim_ex.o(i.HAL_TIMEx_PWMN_Stop), (96 bytes).
    Removing stm32f1xx_hal_tim_ex.o(i.HAL_TIMEx_PWMN_Stop_DMA), (178 bytes).
    Removing stm32f1xx_hal_tim_ex.o(i.HAL_TIMEx_PWMN_Stop_IT), (178 bytes).
    Removing stm32f1xx_hal_tim_ex.o(i.HAL_TIMEx_RemapConfig), (6 bytes).
    Removing stm32f1xx_hal_tim_ex.o(i.TIMEx_DMACommutationCplt), (20 bytes).
    Removing stm32f1xx_hal_tim_ex.o(i.TIMEx_DMACommutationHalfCplt), (20 bytes).
    Removing stm32f1xx_hal_tim_ex.o(i.TIM_CCxNChannelCmd), (34 bytes).
    Removing stm32f1xx_hal_uart.o(.rev16_text), (4 bytes).
    Removing stm32f1xx_hal_uart.o(.revsh_text), (4 bytes).
    Removing stm32f1xx_hal_uart.o(.rrx_text), (6 bytes).
    Removing stm32f1xx_hal_uart.o(i.HAL_HalfDuplex_EnableReceiver), (68 bytes).
    Removing stm32f1xx_hal_uart.o(i.HAL_HalfDuplex_EnableTransmitter), (68 bytes).
    Removing stm32f1xx_hal_uart.o(i.HAL_HalfDuplex_Init), (118 bytes).
    Removing stm32f1xx_hal_uart.o(i.HAL_LIN_Init), (142 bytes).
    Removing stm32f1xx_hal_uart.o(i.HAL_LIN_SendBreak), (62 bytes).
    Removing stm32f1xx_hal_uart.o(i.HAL_MultiProcessor_EnterMuteMode), (62 bytes).
    Removing stm32f1xx_hal_uart.o(i.HAL_MultiProcessor_ExitMuteMode), (62 bytes).
    Removing stm32f1xx_hal_uart.o(i.HAL_MultiProcessor_Init), (154 bytes).
    Removing stm32f1xx_hal_uart.o(i.HAL_UART_Abort), (166 bytes).
    Removing stm32f1xx_hal_uart.o(i.HAL_UART_AbortCpltCallback), (2 bytes).
    Removing stm32f1xx_hal_uart.o(i.HAL_UART_AbortReceive), (100 bytes).
    Removing stm32f1xx_hal_uart.o(i.HAL_UART_AbortReceiveCpltCallback), (2 bytes).
    Removing stm32f1xx_hal_uart.o(i.HAL_UART_AbortReceive_IT), (120 bytes).
    Removing stm32f1xx_hal_uart.o(i.HAL_UART_AbortTransmit), (88 bytes).
    Removing stm32f1xx_hal_uart.o(i.HAL_UART_AbortTransmitCpltCallback), (2 bytes).
    Removing stm32f1xx_hal_uart.o(i.HAL_UART_AbortTransmit_IT), (108 bytes).
    Removing stm32f1xx_hal_uart.o(i.HAL_UART_Abort_IT), (216 bytes).
    Removing stm32f1xx_hal_uart.o(i.HAL_UART_DMAPause), (124 bytes).
    Removing stm32f1xx_hal_uart.o(i.HAL_UART_DMAResume), (126 bytes).
    Removing stm32f1xx_hal_uart.o(i.HAL_UART_DMAStop), (102 bytes).
    Removing stm32f1xx_hal_uart.o(i.HAL_UART_DeInit), (58 bytes).
    Removing stm32f1xx_hal_uart.o(i.HAL_UART_ErrorCallback), (2 bytes).
    Removing stm32f1xx_hal_uart.o(i.HAL_UART_GetError), (6 bytes).
    Removing stm32f1xx_hal_uart.o(i.HAL_UART_GetState), (20 bytes).
    Removing stm32f1xx_hal_uart.o(i.HAL_UART_IRQHandler), (332 bytes).
    Removing stm32f1xx_hal_uart.o(i.HAL_UART_MspDeInit), (2 bytes).
    Removing stm32f1xx_hal_uart.o(i.HAL_UART_MspInit), (2 bytes).
    Removing stm32f1xx_hal_uart.o(i.HAL_UART_Receive), (222 bytes).
    Removing stm32f1xx_hal_uart.o(i.HAL_UART_Receive_IT), (112 bytes).
    Removing stm32f1xx_hal_uart.o(i.HAL_UART_RxCpltCallback), (2 bytes).
    Removing stm32f1xx_hal_uart.o(i.HAL_UART_Transmit), (214 bytes).
    Removing stm32f1xx_hal_uart.o(i.HAL_UART_Transmit_IT), (88 bytes).
    Removing stm32f1xx_hal_uart.o(i.HAL_UART_TxCpltCallback), (2 bytes).
    Removing stm32f1xx_hal_uart.o(i.UART_DMAAbortOnError), (20 bytes).
    Removing stm32f1xx_hal_uart.o(i.UART_DMARxAbortCallback), (52 bytes).
    Removing stm32f1xx_hal_uart.o(i.UART_DMARxOnlyAbortCallback), (24 bytes).
    Removing stm32f1xx_hal_uart.o(i.UART_DMATxAbortCallback), (52 bytes).
    Removing stm32f1xx_hal_uart.o(i.UART_DMATxOnlyAbortCallback), (24 bytes).
    Removing stm32f1xx_hal_uart.o(i.UART_EndTransmit_IT), (32 bytes).
    Removing stm32f1xx_hal_uart.o(i.UART_Receive_IT), (166 bytes).
    Removing stm32f1xx_hal_uart.o(i.UART_Transmit_IT), (104 bytes).
    Removing stm32f1xx_hal_uart.o(i.UART_WaitOnFlagUntilTimeout), (108 bytes).
    Removing system_stm32f1xx.o(.rev16_text), (4 bytes).
    Removing system_stm32f1xx.o(.revsh_text), (4 bytes).
    Removing system_stm32f1xx.o(.rrx_text), (6 bytes).
    Removing system_stm32f1xx.o(i.SystemCoreClockUpdate), (164 bytes).

369 unused section(s) (total 28108 bytes) removed from the image.

==============================================================================

Image Symbol Table

    Local Symbols

    Symbol Name                              Value     Ov Type        Size  Object(Section)

    ../Drivers/STM32F1xx_HAL_Driver/Src/stm32f1xx_hal.c 0x00000000   Number         0  stm32f1xx_hal.o ABSOLUTE
    ../Drivers/STM32F1xx_HAL_Driver/Src/stm32f1xx_hal_adc.c 0x00000000   Number         0  stm32f1xx_hal_adc.o ABSOLUTE
    ../Drivers/STM32F1xx_HAL_Driver/Src/stm32f1xx_hal_adc_ex.c 0x00000000   Number         0  stm32f1xx_hal_adc_ex.o ABSOLUTE
    ../Drivers/STM32F1xx_HAL_Driver/Src/stm32f1xx_hal_cortex.c 0x00000000   Number         0  stm32f1xx_hal_cortex.o ABSOLUTE
    ../Drivers/STM32F1xx_HAL_Driver/Src/stm32f1xx_hal_dma.c 0x00000000   Number         0  stm32f1xx_hal_dma.o ABSOLUTE
    ../Drivers/STM32F1xx_HAL_Driver/Src/stm32f1xx_hal_exti.c 0x00000000   Number         0  stm32f1xx_hal_exti.o ABSOLUTE
    ../Drivers/STM32F1xx_HAL_Driver/Src/stm32f1xx_hal_flash.c 0x00000000   Number         0  stm32f1xx_hal_flash.o ABSOLUTE
    ../Drivers/STM32F1xx_HAL_Driver/Src/stm32f1xx_hal_flash_ex.c 0x00000000   Number         0  stm32f1xx_hal_flash_ex.o ABSOLUTE
    ../Drivers/STM32F1xx_HAL_Driver/Src/stm32f1xx_hal_gpio.c 0x00000000   Number         0  stm32f1xx_hal_gpio.o ABSOLUTE
    ../Drivers/STM32F1xx_HAL_Driver/Src/stm32f1xx_hal_gpio_ex.c 0x00000000   Number         0  stm32f1xx_hal_gpio_ex.o ABSOLUTE
    ../Drivers/STM32F1xx_HAL_Driver/Src/stm32f1xx_hal_pwr.c 0x00000000   Number         0  stm32f1xx_hal_pwr.o ABSOLUTE
    ../Drivers/STM32F1xx_HAL_Driver/Src/stm32f1xx_hal_rcc.c 0x00000000   Number         0  stm32f1xx_hal_rcc.o ABSOLUTE
    ../Drivers/STM32F1xx_HAL_Driver/Src/stm32f1xx_hal_rcc_ex.c 0x00000000   Number         0  stm32f1xx_hal_rcc_ex.o ABSOLUTE
    ../Drivers/STM32F1xx_HAL_Driver/Src/stm32f1xx_hal_tim.c 0x00000000   Number         0  stm32f1xx_hal_tim.o ABSOLUTE
    ../Drivers/STM32F1xx_HAL_Driver/Src/stm32f1xx_hal_tim_ex.c 0x00000000   Number         0  stm32f1xx_hal_tim_ex.o ABSOLUTE
    ../Drivers/STM32F1xx_HAL_Driver/Src/stm32f1xx_hal_uart.c 0x00000000   Number         0  stm32f1xx_hal_uart.o ABSOLUTE
    ../Src/main.c                            0x00000000   Number         0  main.o ABSOLUTE
    ../Src/stm32f1xx_hal_msp.c               0x00000000   Number         0  stm32f1xx_hal_msp.o ABSOLUTE
    ../Src/stm32f1xx_it.c                    0x00000000   Number         0  stm32f1xx_it.o ABSOLUTE
    ../Src/system_stm32f1xx.c                0x00000000   Number         0  system_stm32f1xx.o ABSOLUTE
    ../clib/microlib/init/entry.s            0x00000000   Number         0  entry11a.o ABSOLUTE
    ../clib/microlib/init/entry.s            0x00000000   Number         0  entry10b.o ABSOLUTE
    ../clib/microlib/init/entry.s            0x00000000   Number         0  entry10a.o ABSOLUTE
    ../clib/microlib/init/entry.s            0x00000000   Number         0  entry9b.o ABSOLUTE
    ../clib/microlib/init/entry.s            0x00000000   Number         0  entry9a.o ABSOLUTE
    ../clib/microlib/init/entry.s            0x00000000   Number         0  entry8b.o ABSOLUTE
    ../clib/microlib/init/entry.s            0x00000000   Number         0  entry8a.o ABSOLUTE
    ../clib/microlib/init/entry.s            0x00000000   Number         0  entry7b.o ABSOLUTE
    ../clib/microlib/init/entry.s            0x00000000   Number         0  entry7a.o ABSOLUTE
    ../clib/microlib/init/entry.s            0x00000000   Number         0  entry5.o ABSOLUTE
    ../clib/microlib/init/entry.s            0x00000000   Number         0  entry.o ABSOLUTE
    ../clib/microlib/init/entry.s            0x00000000   Number         0  entry2.o ABSOLUTE
    ../clib/microlib/init/entry.s            0x00000000   Number         0  entry11b.o ABSOLUTE
    ../clib/microlib/longlong.c              0x00000000   Number         0  llushr.o ABSOLUTE
    ../clib/microlib/string/memset.c         0x00000000   Number         0  memseta.o ABSOLUTE
    ../clib/microlib/string/strlen.c         0x00000000   Number         0  strlen.o ABSOLUTE
    ..\Drivers\STM32F1xx_HAL_Driver\Src\stm32f1xx_hal.c 0x00000000   Number         0  stm32f1xx_hal.o ABSOLUTE
    ..\Drivers\STM32F1xx_HAL_Driver\Src\stm32f1xx_hal_adc.c 0x00000000   Number         0  stm32f1xx_hal_adc.o ABSOLUTE
    ..\Drivers\STM32F1xx_HAL_Driver\Src\stm32f1xx_hal_adc_ex.c 0x00000000   Number         0  stm32f1xx_hal_adc_ex.o ABSOLUTE
    ..\Drivers\STM32F1xx_HAL_Driver\Src\stm32f1xx_hal_cortex.c 0x00000000   Number         0  stm32f1xx_hal_cortex.o ABSOLUTE
    ..\Drivers\STM32F1xx_HAL_Driver\Src\stm32f1xx_hal_dma.c 0x00000000   Number         0  stm32f1xx_hal_dma.o ABSOLUTE
    ..\Drivers\STM32F1xx_HAL_Driver\Src\stm32f1xx_hal_exti.c 0x00000000   Number         0  stm32f1xx_hal_exti.o ABSOLUTE
    ..\Drivers\STM32F1xx_HAL_Driver\Src\stm32f1xx_hal_flash.c 0x00000000   Number         0  stm32f1xx_hal_flash.o ABSOLUTE
    ..\Drivers\STM32F1xx_HAL_Driver\Src\stm32f1xx_hal_flash_ex.c 0x00000000   Number         0  stm32f1xx_hal_flash_ex.o ABSOLUTE
    ..\Drivers\STM32F1xx_HAL_Driver\Src\stm32f1xx_hal_gpio.c 0x00000000   Number         0  stm32f1xx_hal_gpio.o ABSOLUTE
    ..\Drivers\STM32F1xx_HAL_Driver\Src\stm32f1xx_hal_gpio_ex.c 0x00000000   Number         0  stm32f1xx_hal_gpio_ex.o ABSOLUTE
    ..\Drivers\STM32F1xx_HAL_Driver\Src\stm32f1xx_hal_pwr.c 0x00000000   Number         0  stm32f1xx_hal_pwr.o ABSOLUTE
    ..\Drivers\STM32F1xx_HAL_Driver\Src\stm32f1xx_hal_rcc.c 0x00000000   Number         0  stm32f1xx_hal_rcc.o ABSOLUTE
    ..\Drivers\STM32F1xx_HAL_Driver\Src\stm32f1xx_hal_rcc_ex.c 0x00000000   Number         0  stm32f1xx_hal_rcc_ex.o ABSOLUTE
    ..\Drivers\STM32F1xx_HAL_Driver\Src\stm32f1xx_hal_tim.c 0x00000000   Number         0  stm32f1xx_hal_tim.o ABSOLUTE
    ..\Drivers\STM32F1xx_HAL_Driver\Src\stm32f1xx_hal_tim_ex.c 0x00000000   Number         0  stm32f1xx_hal_tim_ex.o ABSOLUTE
    ..\Drivers\STM32F1xx_HAL_Driver\Src\stm32f1xx_hal_uart.c 0x00000000   Number         0  stm32f1xx_hal_uart.o ABSOLUTE
    ..\Src\FlASH_PAGE.c                      0x00000000   Number         0  flash_page.o ABSOLUTE
    ..\Src\main.c                            0x00000000   Number         0  main.o ABSOLUTE
    ..\Src\stm32f1xx_hal_msp.c               0x00000000   Number         0  stm32f1xx_hal_msp.o ABSOLUTE
    ..\Src\stm32f1xx_it.c                    0x00000000   Number         0  stm32f1xx_it.o ABSOLUTE
    ..\Src\system_stm32f1xx.c                0x00000000   Number         0  system_stm32f1xx.o ABSOLUTE
    ..\\Src\\FlASH_PAGE.c                    0x00000000   Number         0  flash_page.o ABSOLUTE
    dc.s                                     0x00000000   Number         0  dc.o ABSOLUTE
    handlers.s                               0x00000000   Number         0  handlers.o ABSOLUTE
    init.s                                   0x00000000   Number         0  init.o ABSOLUTE
    startup_stm32f103xb.s                    0x00000000   Number         0  startup_stm32f103xb.o ABSOLUTE
    RESET                                    0x08000000   Section      236  startup_stm32f103xb.o(RESET)
    .ARM.Collect$$$$00000000                 0x080000ec   Section        0  entry.o(.ARM.Collect$$$$00000000)
    .ARM.Collect$$$$00000001                 0x080000ec   Section        4  entry2.o(.ARM.Collect$$$$00000001)
    .ARM.Collect$$$$00000004                 0x080000f0   Section        4  entry5.o(.ARM.Collect$$$$00000004)
    .ARM.Collect$$$$00000008                 0x080000f4   Section        0  entry7b.o(.ARM.Collect$$$$00000008)
    .ARM.Collect$$$$0000000A                 0x080000f4   Section        0  entry8b.o(.ARM.Collect$$$$0000000A)
    .ARM.Collect$$$$0000000B                 0x080000f4   Section        8  entry9a.o(.ARM.Collect$$$$0000000B)
    .ARM.Collect$$$$0000000D                 0x080000fc   Section        0  entry10a.o(.ARM.Collect$$$$0000000D)
    .ARM.Collect$$$$0000000F                 0x080000fc   Section        0  entry11a.o(.ARM.Collect$$$$0000000F)
    .ARM.Collect$$$$00002712                 0x080000fc   Section        4  entry2.o(.ARM.Collect$$$$00002712)
    __lit__00000000                          0x080000fc   Data           4  entry2.o(.ARM.Collect$$$$00002712)
    .text                                    0x08000100   Section       36  startup_stm32f103xb.o(.text)
    .text                                    0x08000124   Section        0  llushr.o(.text)
    .text                                    0x08000144   Section        0  memseta.o(.text)
    .text                                    0x08000168   Section       36  init.o(.text)
    i.ADC1_2_IRQHandler                      0x0800018c   Section        0  stm32f1xx_it.o(i.ADC1_2_IRQHandler)
    i.ADC_ConversionStop_Disable             0x080001a4   Section        0  stm32f1xx_hal_adc.o(i.ADC_ConversionStop_Disable)
    i.BusFault_Handler                       0x080001f6   Section        0  stm32f1xx_it.o(i.BusFault_Handler)
    i.Cut_Igntion                            0x080001fc   Section        0  main.o(i.Cut_Igntion)
    i.DMA1_Channel3_IRQHandler               0x08000224   Section        0  stm32f1xx_it.o(i.DMA1_Channel3_IRQHandler)
    i.DMA_SetConfig                          0x08000234   Section        0  stm32f1xx_hal_dma.o(i.DMA_SetConfig)
    DMA_SetConfig                            0x08000235   Thumb Code    44  stm32f1xx_hal_dma.o(i.DMA_SetConfig)
    i.DebugMon_Handler                       0x08000260   Section        0  stm32f1xx_it.o(i.DebugMon_Handler)
    i.EXTI9_5_IRQHandler                     0x08000262   Section        0  stm32f1xx_it.o(i.EXTI9_5_IRQHandler)
    i.Engine_STOP_test                       0x08000270   Section        0  main.o(i.Engine_STOP_test)
    i.Error_Handler                          0x080002ac   Section        0  main.o(i.Error_Handler)
    i.FLASH_IRQHandler                       0x080002ae   Section        0  stm32f1xx_it.o(i.FLASH_IRQHandler)
    i.FLASH_MassErase                        0x080002b8   Section        0  stm32f1xx_hal_flash_ex.o(i.FLASH_MassErase)
    FLASH_MassErase                          0x080002b9   Thumb Code    30  stm32f1xx_hal_flash_ex.o(i.FLASH_MassErase)
    i.FLASH_PageErase                        0x080002e0   Section        0  stm32f1xx_hal_flash_ex.o(i.FLASH_PageErase)
    i.FLASH_Program_HalfWord                 0x08000308   Section        0  stm32f1xx_hal_flash.o(i.FLASH_Program_HalfWord)
    FLASH_Program_HalfWord                   0x08000309   Thumb Code    22  stm32f1xx_hal_flash.o(i.FLASH_Program_HalfWord)
    i.FLASH_SetErrorCode                     0x08000328   Section        0  stm32f1xx_hal_flash.o(i.FLASH_SetErrorCode)
    FLASH_SetErrorCode                       0x08000329   Thumb Code   124  stm32f1xx_hal_flash.o(i.FLASH_SetErrorCode)
    i.FLASH_WaitForLastOperation             0x080003ac   Section        0  stm32f1xx_hal_flash.o(i.FLASH_WaitForLastOperation)
    i.Falling_Edge_Event                     0x0800041c   Section        0  main.o(i.Falling_Edge_Event)
    i.Flash_Read_Data                        0x08000464   Section        0  flash_page.o(i.Flash_Read_Data)
    i.Flash_Write_Data                       0x08000480   Section        0  flash_page.o(i.Flash_Write_Data)
    i.GetPage                                0x08000504   Section        0  flash_page.o(i.GetPage)
    GetPage                                  0x08000505   Thumb Code    48  flash_page.o(i.GetPage)
    i.HAL_ADCEx_InjectedConvCpltCallback     0x08000534   Section        0  stm32f1xx_hal_adc_ex.o(i.HAL_ADCEx_InjectedConvCpltCallback)
    i.HAL_ADC_ConfigChannel                  0x08000538   Section        0  stm32f1xx_hal_adc.o(i.HAL_ADC_ConfigChannel)
    i.HAL_ADC_ConvCpltCallback               0x08000698   Section        0  stm32f1xx_hal_adc.o(i.HAL_ADC_ConvCpltCallback)
    i.HAL_ADC_IRQHandler                     0x0800069a   Section        0  stm32f1xx_hal_adc.o(i.HAL_ADC_IRQHandler)
    i.HAL_ADC_Init                           0x080007bc   Section        0  stm32f1xx_hal_adc.o(i.HAL_ADC_Init)
    i.HAL_ADC_LevelOutOfWindowCallback       0x08000900   Section        0  stm32f1xx_hal_adc.o(i.HAL_ADC_LevelOutOfWindowCallback)
    i.HAL_ADC_MspInit                        0x08000904   Section        0  stm32f1xx_hal_msp.o(i.HAL_ADC_MspInit)
    i.HAL_DMA_IRQHandler                     0x080009e8   Section        0  stm32f1xx_hal_dma.o(i.HAL_DMA_IRQHandler)
    i.HAL_DMA_Init                           0x08000b84   Section        0  stm32f1xx_hal_dma.o(i.HAL_DMA_Init)
    i.HAL_DMA_Start_IT                       0x08000bec   Section        0  stm32f1xx_hal_dma.o(i.HAL_DMA_Start_IT)
    i.HAL_FLASHEx_Erase                      0x08000c88   Section        0  stm32f1xx_hal_flash_ex.o(i.HAL_FLASHEx_Erase)
    i.HAL_FLASH_EndOfOperationCallback       0x08000d38   Section        0  stm32f1xx_hal_flash.o(i.HAL_FLASH_EndOfOperationCallback)
    i.HAL_FLASH_GetError                     0x08000d3c   Section        0  stm32f1xx_hal_flash.o(i.HAL_FLASH_GetError)
    i.HAL_FLASH_IRQHandler                   0x08000d48   Section        0  stm32f1xx_hal_flash.o(i.HAL_FLASH_IRQHandler)
    i.HAL_FLASH_Lock                         0x08000ec8   Section        0  stm32f1xx_hal_flash.o(i.HAL_FLASH_Lock)
    i.HAL_FLASH_OperationErrorCallback       0x08000edc   Section        0  stm32f1xx_hal_flash.o(i.HAL_FLASH_OperationErrorCallback)
    i.HAL_FLASH_Program                      0x08000ee0   Section        0  stm32f1xx_hal_flash.o(i.HAL_FLASH_Program)
    i.HAL_FLASH_Unlock                       0x08000f90   Section        0  stm32f1xx_hal_flash.o(i.HAL_FLASH_Unlock)
    i.HAL_GPIO_EXTI_Callback                 0x08000fc0   Section        0  stm32f1xx_hal_gpio.o(i.HAL_GPIO_EXTI_Callback)
    i.HAL_GPIO_EXTI_IRQHandler               0x08000fc4   Section        0  stm32f1xx_hal_gpio.o(i.HAL_GPIO_EXTI_IRQHandler)
    i.HAL_GPIO_Init                          0x08000fe0   Section        0  stm32f1xx_hal_gpio.o(i.HAL_GPIO_Init)
    i.HAL_GPIO_TogglePin                     0x08001300   Section        0  stm32f1xx_hal_gpio.o(i.HAL_GPIO_TogglePin)
    i.HAL_GPIO_WritePin                      0x0800130e   Section        0  stm32f1xx_hal_gpio.o(i.HAL_GPIO_WritePin)
    i.HAL_GetTick                            0x0800131c   Section        0  stm32f1xx_hal.o(i.HAL_GetTick)
    i.HAL_IncTick                            0x08001328   Section        0  stm32f1xx_hal.o(i.HAL_IncTick)
    i.HAL_Init                               0x08001340   Section        0  stm32f1xx_hal.o(i.HAL_Init)
    i.HAL_InitTick                           0x08001368   Section        0  stm32f1xx_hal.o(i.HAL_InitTick)
    i.HAL_MspInit                            0x080013b4   Section        0  stm32f1xx_hal_msp.o(i.HAL_MspInit)
    i.HAL_NVIC_EnableIRQ                     0x08001440   Section        0  stm32f1xx_hal_cortex.o(i.HAL_NVIC_EnableIRQ)
    i.HAL_NVIC_SetPriority                   0x08001460   Section        0  stm32f1xx_hal_cortex.o(i.HAL_NVIC_SetPriority)
    i.HAL_NVIC_SetPriorityGrouping           0x080014dc   Section        0  stm32f1xx_hal_cortex.o(i.HAL_NVIC_SetPriorityGrouping)
    i.HAL_PWR_PVDCallback                    0x08001504   Section        0  stm32f1xx_hal_pwr.o(i.HAL_PWR_PVDCallback)
    i.HAL_PWR_PVD_IRQHandler                 0x08001508   Section        0  stm32f1xx_hal_pwr.o(i.HAL_PWR_PVD_IRQHandler)
    i.HAL_RCCEx_PeriphCLKConfig              0x08001528   Section        0  stm32f1xx_hal_rcc_ex.o(i.HAL_RCCEx_PeriphCLKConfig)
    i.HAL_RCC_ClockConfig                    0x08001658   Section        0  stm32f1xx_hal_rcc.o(i.HAL_RCC_ClockConfig)
    i.HAL_RCC_GetHCLKFreq                    0x080017e4   Section        0  stm32f1xx_hal_rcc.o(i.HAL_RCC_GetHCLKFreq)
    i.HAL_RCC_GetPCLK1Freq                   0x080017f0   Section        0  stm32f1xx_hal_rcc.o(i.HAL_RCC_GetPCLK1Freq)
    i.HAL_RCC_GetPCLK2Freq                   0x08001810   Section        0  stm32f1xx_hal_rcc.o(i.HAL_RCC_GetPCLK2Freq)
    i.HAL_RCC_GetSysClockFreq                0x08001830   Section        0  stm32f1xx_hal_rcc.o(i.HAL_RCC_GetSysClockFreq)
    i.HAL_RCC_OscConfig                      0x080018c4   Section        0  stm32f1xx_hal_rcc.o(i.HAL_RCC_OscConfig)
    i.HAL_SYSTICK_Config                     0x08001d28   Section        0  stm32f1xx_hal_cortex.o(i.HAL_SYSTICK_Config)
    i.HAL_TIMEx_BreakCallback                0x08001d5c   Section        0  stm32f1xx_hal_tim_ex.o(i.HAL_TIMEx_BreakCallback)
    i.HAL_TIMEx_CommutCallback               0x08001d5e   Section        0  stm32f1xx_hal_tim_ex.o(i.HAL_TIMEx_CommutCallback)
    i.HAL_TIMEx_MasterConfigSynchronization  0x08001d60   Section        0  stm32f1xx_hal_tim_ex.o(i.HAL_TIMEx_MasterConfigSynchronization)
    i.HAL_TIM_Base_Init                      0x08001db4   Section        0  stm32f1xx_hal_tim.o(i.HAL_TIM_Base_Init)
    i.HAL_TIM_Base_MspInit                   0x08001de8   Section        0  stm32f1xx_hal_msp.o(i.HAL_TIM_Base_MspInit)
    i.HAL_TIM_ConfigClockSource              0x08001ebc   Section        0  stm32f1xx_hal_tim.o(i.HAL_TIM_ConfigClockSource)
    i.HAL_TIM_IC_CaptureCallback             0x08001fc4   Section        0  main.o(i.HAL_TIM_IC_CaptureCallback)
    i.HAL_TIM_IC_ConfigChannel               0x08001fee   Section        0  stm32f1xx_hal_tim.o(i.HAL_TIM_IC_ConfigChannel)
    i.HAL_TIM_IC_Init                        0x080020ce   Section        0  stm32f1xx_hal_tim.o(i.HAL_TIM_IC_Init)
    i.HAL_TIM_IC_MspInit                     0x08002102   Section        0  stm32f1xx_hal_tim.o(i.HAL_TIM_IC_MspInit)
    i.HAL_TIM_IC_Start_IT                    0x08002104   Section        0  stm32f1xx_hal_tim.o(i.HAL_TIM_IC_Start_IT)
    i.HAL_TIM_IRQHandler                     0x0800217c   Section        0  stm32f1xx_hal_tim.o(i.HAL_TIM_IRQHandler)
    i.HAL_TIM_OC_ConfigChannel               0x08002312   Section        0  stm32f1xx_hal_tim.o(i.HAL_TIM_OC_ConfigChannel)
    i.HAL_TIM_OC_DelayElapsedCallback        0x08002388   Section        0  main.o(i.HAL_TIM_OC_DelayElapsedCallback)
    i.HAL_TIM_OC_Init                        0x080023e4   Section        0  stm32f1xx_hal_tim.o(i.HAL_TIM_OC_Init)
    i.HAL_TIM_OC_MspInit                     0x08002418   Section        0  stm32f1xx_hal_tim.o(i.HAL_TIM_OC_MspInit)
    i.HAL_TIM_OC_Start_IT                    0x0800241c   Section        0  stm32f1xx_hal_tim.o(i.HAL_TIM_OC_Start_IT)
    i.HAL_TIM_OC_Stop_IT                     0x080024b4   Section        0  stm32f1xx_hal_tim.o(i.HAL_TIM_OC_Stop_IT)
    i.HAL_TIM_PWM_PulseFinishedCallback      0x08002574   Section        0  stm32f1xx_hal_tim.o(i.HAL_TIM_PWM_PulseFinishedCallback)
    i.HAL_TIM_PeriodElapsedCallback          0x08002578   Section        0  main.o(i.HAL_TIM_PeriodElapsedCallback)
    i.HAL_TIM_ReadCapturedValue              0x08002590   Section        0  stm32f1xx_hal_tim.o(i.HAL_TIM_ReadCapturedValue)
    i.HAL_TIM_TriggerCallback                0x080025c2   Section        0  stm32f1xx_hal_tim.o(i.HAL_TIM_TriggerCallback)
    i.HAL_UART_ErrorCallback                 0x080025c4   Section        0  main.o(i.HAL_UART_ErrorCallback)
    i.HAL_UART_Init                          0x080025d8   Section        0  stm32f1xx_hal_uart.o(i.HAL_UART_Init)
    i.HAL_UART_MspInit                       0x0800264c   Section        0  stm32f1xx_hal_msp.o(i.HAL_UART_MspInit)
    i.HAL_UART_Receive_DMA                   0x0800270c   Section        0  stm32f1xx_hal_uart.o(i.HAL_UART_Receive_DMA)
    i.HAL_UART_RxCpltCallback                0x080027d0   Section        0  main.o(i.HAL_UART_RxCpltCallback)
    i.HAL_UART_RxHalfCpltCallback            0x080027f4   Section        0  stm32f1xx_hal_uart.o(i.HAL_UART_RxHalfCpltCallback)
    i.HAL_UART_Transmit_DMA                  0x080027f8   Section        0  stm32f1xx_hal_uart.o(i.HAL_UART_Transmit_DMA)
    i.HAL_UART_TxCpltCallback                0x08002894   Section        0  main.o(i.HAL_UART_TxCpltCallback)
    i.HAL_UART_TxHalfCpltCallback            0x080028a0   Section        0  stm32f1xx_hal_uart.o(i.HAL_UART_TxHalfCpltCallback)
    i.HardFault_Handler                      0x080028a2   Section        0  stm32f1xx_it.o(i.HardFault_Handler)
    i.Ignition_nTime                         0x080028a8   Section        0  main.o(i.Ignition_nTime)
    i.MX_ADC1_Init                           0x080028cc   Section        0  main.o(i.MX_ADC1_Init)
    MX_ADC1_Init                             0x080028cd   Thumb Code    82  main.o(i.MX_ADC1_Init)
    i.MX_ADC2_Init                           0x08002928   Section        0  main.o(i.MX_ADC2_Init)
    MX_ADC2_Init                             0x08002929   Thumb Code    82  main.o(i.MX_ADC2_Init)
    i.MX_DMA_Init                            0x08002984   Section        0  main.o(i.MX_DMA_Init)
    MX_DMA_Init                              0x08002985   Thumb Code    48  main.o(i.MX_DMA_Init)
    i.MX_GPIO_Init                           0x080029b8   Section        0  main.o(i.MX_GPIO_Init)
    MX_GPIO_Init                             0x080029b9   Thumb Code   428  main.o(i.MX_GPIO_Init)
    i.MX_TIM2_Init                           0x08002b78   Section        0  main.o(i.MX_TIM2_Init)
    MX_TIM2_Init                             0x08002b79   Thumb Code   180  main.o(i.MX_TIM2_Init)
    i.MX_TIM4_Init                           0x08002c30   Section        0  main.o(i.MX_TIM4_Init)
    MX_TIM4_Init                             0x08002c31   Thumb Code   206  main.o(i.MX_TIM4_Init)
    i.MX_USART3_UART_Init                    0x08002d08   Section        0  main.o(i.MX_USART3_UART_Init)
    MX_USART3_UART_Init                      0x08002d09   Thumb Code    46  main.o(i.MX_USART3_UART_Init)
    i.MemManage_Handler                      0x08002d40   Section        0  stm32f1xx_it.o(i.MemManage_Handler)
    i.NMI_Handler                            0x08002d44   Section        0  stm32f1xx_it.o(i.NMI_Handler)
    i.PVD_IRQHandler                         0x08002d46   Section        0  stm32f1xx_it.o(i.PVD_IRQHandler)
    i.PendSV_Handler                         0x08002d4e   Section        0  stm32f1xx_it.o(i.PendSV_Handler)
    i.Periodic_task                          0x08002d50   Section        0  main.o(i.Periodic_task)
    i.Pulse_Generator_Scheduler              0x08002d8c   Section        0  main.o(i.Pulse_Generator_Scheduler)
    i.RCC_Delay                              0x08002e30   Section        0  stm32f1xx_hal_rcc.o(i.RCC_Delay)
    RCC_Delay                                0x08002e31   Thumb Code    36  stm32f1xx_hal_rcc.o(i.RCC_Delay)
    i.RCC_IRQHandler                         0x08002e58   Section        0  stm32f1xx_it.o(i.RCC_IRQHandler)
    i.Rising_Edge_Event                      0x08002e5c   Section        0  main.o(i.Rising_Edge_Event)
    i.SVC_Handler                            0x08002eb8   Section        0  stm32f1xx_it.o(i.SVC_Handler)
    i.Set_Ouput_InterruptionTest             0x08002ebc   Section        0  main.o(i.Set_Ouput_InterruptionTest)
    i.Set_Ouput_Inversor                     0x08002ecc   Section        0  main.o(i.Set_Ouput_Inversor)
    i.Set_Ouput_LED                          0x08002ef0   Section        0  main.o(i.Set_Ouput_LED)
    i.Set_Ouput_LED_Blue                     0x08002f04   Section        0  main.o(i.Set_Ouput_LED_Blue)
    i.Set_Ouput_LED_Red                      0x08002f18   Section        0  main.o(i.Set_Ouput_LED_Red)
    i.Set_Ouput_LED_Yellow                   0x08002f2c   Section        0  main.o(i.Set_Ouput_LED_Yellow)
    i.Set_Ouput_Trigger                      0x08002f40   Section        0  main.o(i.Set_Ouput_Trigger)
    i.Set_Pulse_Program                      0x08002f64   Section        0  main.o(i.Set_Pulse_Program)
    i.Statistics                             0x080030ec   Section        0  main.o(i.Statistics)
    i.SysTick_Handler                        0x08003128   Section        0  stm32f1xx_it.o(i.SysTick_Handler)
    i.SystemClock_Config                     0x08003130   Section        0  main.o(i.SystemClock_Config)
    i.SystemInit                             0x080031b4   Section        0  system_stm32f1xx.o(i.SystemInit)
    i.TIM2_IRQHandler                        0x0800320c   Section        0  stm32f1xx_it.o(i.TIM2_IRQHandler)
    i.TIM4_IRQHandler                        0x0800321c   Section        0  stm32f1xx_it.o(i.TIM4_IRQHandler)
    i.TIM_Base_SetConfig                     0x0800322c   Section        0  stm32f1xx_hal_tim.o(i.TIM_Base_SetConfig)
    i.TIM_CCxChannelCmd                      0x080032a0   Section        0  stm32f1xx_hal_tim.o(i.TIM_CCxChannelCmd)
    i.TIM_ETR_SetConfig                      0x080032c2   Section        0  stm32f1xx_hal_tim.o(i.TIM_ETR_SetConfig)
    i.TIM_ITRx_SetConfig                     0x080032d8   Section        0  stm32f1xx_hal_tim.o(i.TIM_ITRx_SetConfig)
    TIM_ITRx_SetConfig                       0x080032d9   Thumb Code    18  stm32f1xx_hal_tim.o(i.TIM_ITRx_SetConfig)
    i.TIM_OC1_SetConfig                      0x080032ec   Section        0  stm32f1xx_hal_tim.o(i.TIM_OC1_SetConfig)
    TIM_OC1_SetConfig                        0x080032ed   Thumb Code    90  stm32f1xx_hal_tim.o(i.TIM_OC1_SetConfig)
    i.TIM_OC2_SetConfig                      0x0800334c   Section        0  stm32f1xx_hal_tim.o(i.TIM_OC2_SetConfig)
    i.TIM_OC3_SetConfig                      0x080033b4   Section        0  stm32f1xx_hal_tim.o(i.TIM_OC3_SetConfig)
    TIM_OC3_SetConfig                        0x080033b5   Thumb Code    98  stm32f1xx_hal_tim.o(i.TIM_OC3_SetConfig)
    i.TIM_OC4_SetConfig                      0x0800341c   Section        0  stm32f1xx_hal_tim.o(i.TIM_OC4_SetConfig)
    TIM_OC4_SetConfig                        0x0800341d   Thumb Code    68  stm32f1xx_hal_tim.o(i.TIM_OC4_SetConfig)
    i.TIM_TI1_ConfigInputStage               0x08003464   Section        0  stm32f1xx_hal_tim.o(i.TIM_TI1_ConfigInputStage)
    TIM_TI1_ConfigInputStage                 0x08003465   Thumb Code    38  stm32f1xx_hal_tim.o(i.TIM_TI1_ConfigInputStage)
    i.TIM_TI1_SetConfig                      0x0800348c   Section        0  stm32f1xx_hal_tim.o(i.TIM_TI1_SetConfig)
    i.TIM_TI2_ConfigInputStage               0x080034f4   Section        0  stm32f1xx_hal_tim.o(i.TIM_TI2_ConfigInputStage)
    TIM_TI2_ConfigInputStage                 0x080034f5   Thumb Code    40  stm32f1xx_hal_tim.o(i.TIM_TI2_ConfigInputStage)
    i.TIM_TI2_SetConfig                      0x0800351c   Section        0  stm32f1xx_hal_tim.o(i.TIM_TI2_SetConfig)
    TIM_TI2_SetConfig                        0x0800351d   Thumb Code    58  stm32f1xx_hal_tim.o(i.TIM_TI2_SetConfig)
    i.TIM_TI3_SetConfig                      0x08003556   Section        0  stm32f1xx_hal_tim.o(i.TIM_TI3_SetConfig)
    TIM_TI3_SetConfig                        0x08003557   Thumb Code    56  stm32f1xx_hal_tim.o(i.TIM_TI3_SetConfig)
    i.TIM_TI4_SetConfig                      0x0800358e   Section        0  stm32f1xx_hal_tim.o(i.TIM_TI4_SetConfig)
    TIM_TI4_SetConfig                        0x0800358f   Thumb Code    60  stm32f1xx_hal_tim.o(i.TIM_TI4_SetConfig)
    i.Task_Fast                              0x080035ca   Section        0  main.o(i.Task_Fast)
    i.Task_Medium                            0x080035d4   Section        0  main.o(i.Task_Medium)
    i.Task_Slow                              0x080035f8   Section        0  main.o(i.Task_Slow)
    i.Treat_Int                              0x08003608   Section        0  main.o(i.Treat_Int)
    i.TurnOffAllPulseInt                     0x0800367c   Section        0  main.o(i.TurnOffAllPulseInt)
    i.UART_DMAError                          0x080036a4   Section        0  stm32f1xx_hal_uart.o(i.UART_DMAError)
    UART_DMAError                            0x080036a5   Thumb Code    80  stm32f1xx_hal_uart.o(i.UART_DMAError)
    i.UART_DMAReceiveCplt                    0x080036f4   Section        0  stm32f1xx_hal_uart.o(i.UART_DMAReceiveCplt)
    UART_DMAReceiveCplt                      0x080036f5   Thumb Code    70  stm32f1xx_hal_uart.o(i.UART_DMAReceiveCplt)
    i.UART_DMARxHalfCplt                     0x0800373a   Section        0  stm32f1xx_hal_uart.o(i.UART_DMARxHalfCplt)
    UART_DMARxHalfCplt                       0x0800373b   Thumb Code    14  stm32f1xx_hal_uart.o(i.UART_DMARxHalfCplt)
    i.UART_DMATransmitCplt                   0x08003748   Section        0  stm32f1xx_hal_uart.o(i.UART_DMATransmitCplt)
    UART_DMATransmitCplt                     0x08003749   Thumb Code    54  stm32f1xx_hal_uart.o(i.UART_DMATransmitCplt)
    i.UART_DMATxHalfCplt                     0x0800377e   Section        0  stm32f1xx_hal_uart.o(i.UART_DMATxHalfCplt)
    UART_DMATxHalfCplt                       0x0800377f   Thumb Code    14  stm32f1xx_hal_uart.o(i.UART_DMATxHalfCplt)
    i.UART_EndRxTransfer                     0x0800378c   Section        0  stm32f1xx_hal_uart.o(i.UART_EndRxTransfer)
    UART_EndRxTransfer                       0x0800378d   Thumb Code    32  stm32f1xx_hal_uart.o(i.UART_EndRxTransfer)
    i.UART_EndTxTransfer                     0x080037ac   Section        0  stm32f1xx_hal_uart.o(i.UART_EndTxTransfer)
    UART_EndTxTransfer                       0x080037ad   Thumb Code    20  stm32f1xx_hal_uart.o(i.UART_EndTxTransfer)
    i.UART_SetConfig                         0x080037c0   Section        0  stm32f1xx_hal_uart.o(i.UART_SetConfig)
    UART_SetConfig                           0x080037c1   Thumb Code   412  stm32f1xx_hal_uart.o(i.UART_SetConfig)
    i.UsageFault_Handler                     0x08003960   Section        0  stm32f1xx_it.o(i.UsageFault_Handler)
    i.__NVIC_GetPriorityGrouping             0x08003964   Section        0  stm32f1xx_hal_cortex.o(i.__NVIC_GetPriorityGrouping)
    __NVIC_GetPriorityGrouping               0x08003965   Thumb Code    10  stm32f1xx_hal_cortex.o(i.__NVIC_GetPriorityGrouping)
    i.__NVIC_SetPriority                     0x08003974   Section        0  stm32f1xx_hal_cortex.o(i.__NVIC_SetPriority)
    __NVIC_SetPriority                       0x08003975   Thumb Code    32  stm32f1xx_hal_cortex.o(i.__NVIC_SetPriority)
    i.__scatterload_copy                     0x0800399c   Section       14  handlers.o(i.__scatterload_copy)
    i.__scatterload_null                     0x080039aa   Section        2  handlers.o(i.__scatterload_null)
    i.__scatterload_zeroinit                 0x080039ac   Section       14  handlers.o(i.__scatterload_zeroinit)
    i.binarySearch                           0x080039ba   Section        0  main.o(i.binarySearch)
    i.copyCalibFlashToRam                    0x080039fc   Section        0  main.o(i.copyCalibFlashToRam)
    i.copyCalibUartToRam                     0x08003a10   Section        0  main.o(i.copyCalibUartToRam)
    i.digitalFilter16bits                    0x08003a30   Section        0  main.o(i.digitalFilter16bits)
    i.initializeCalibOnRAM                   0x08003a50   Section        0  main.o(i.initializeCalibOnRAM)
    i.linearInterpolation                    0x08003a6c   Section        0  main.o(i.linearInterpolation)
    i.main                                   0x08003ae8   Section        0  main.o(i.main)
    i.predictionCalc                         0x08003b9c   Section        0  main.o(i.predictionCalc)
    i.receiveData                            0x08003c40   Section        0  main.o(i.receiveData)
    i.saveCalibRamToFlash                    0x08003cb8   Section        0  main.o(i.saveCalibRamToFlash)
    i.systemInitialization                   0x08003cd0   Section        0  main.o(i.systemInitialization)
    i.transmitCalibToUART                    0x08003cfc   Section        0  main.o(i.transmitCalibToUART)
    i.transmitSystemInfo                     0x08003d58   Section        0  main.o(i.transmitSystemInfo)
    .constdata                               0x08003e5c   Section       44  main.o(.constdata)
    Initial_Calibration                      0x08003e5c   Data          44  main.o(.constdata)
    .constdata                               0x08003e88   Section       24  system_stm32f1xx.o(.constdata)
    .data                                    0x20000000   Section       61  main.o(.data)
    program                                  0x20000007   Data           1  main.o(.data)
    initial_value                            0x20000008   Data           4  main.o(.data)
    varOld                                   0x2000000c   Data           1  main.o(.data)
    varOld                                   0x2000000e   Data           2  main.o(.data)
    errt                                     0x20000010   Data           4  main.o(.data)
    dts                                      0x20000014   Data           4  main.o(.data)
    dtpred                                   0x20000018   Data           4  main.o(.data)
    tddts                                    0x2000001c   Data           4  main.o(.data)
    tddtpred                                 0x20000020   Data           4  main.o(.data)
    t2dddts                                  0x20000024   Data           4  main.o(.data)
    advance                                  0x20000028   Data           1  main.o(.data)
    Event1                                   0x2000002c   Data           4  main.o(.data)
    Event2                                   0x20000030   Data           4  main.o(.data)
    Event3                                   0x20000034   Data           4  main.o(.data)
    Event4                                   0x20000038   Data           4  main.o(.data)
    k                                        0x2000003c   Data           1  main.o(.data)
    .data                                    0x20000040   Section        9  stm32f1xx_hal.o(.data)
    .data                                    0x2000004c   Section        4  system_stm32f1xx.o(.data)
    .bss                                     0x20000050   Section       16  flash_page.o(.bss)
    EraseInitStruct                          0x20000050   Data          16  flash_page.o(.bss)
    .bss                                     0x20000060   Section      663  main.o(.bss)
    .bss                                     0x200002f8   Section       32  stm32f1xx_hal_flash.o(.bss)
    STACK                                    0x20000318   Section     1024  startup_stm32f103xb.o(STACK)

    Global Symbols

    Symbol Name                              Value     Ov Type        Size  Object(Section)

    BuildAttributes$$THM_ISAv4$P$D$K$B$S$PE$A:L22UL41UL21$X:L11$S22US41US21$IEEE1$IW$USESV6$~STKCKD$USESV7$~SHL$OSPACE$EBA8$MICROLIB$REQ8$PRES8$EABIv2 0x00000000   Number         0  anon$$obj.o ABSOLUTE
    __ARM_use_no_argv                        0x00000000   Number         0  main.o ABSOLUTE
    __cpp_initialize__aeabi_                  - Undefined Weak Reference
    __cxa_finalize                            - Undefined Weak Reference
    __decompress                              - Undefined Weak Reference
    _clock_init                               - Undefined Weak Reference
    _microlib_exit                            - Undefined Weak Reference
    __Vectors_Size                           0x000000ec   Number         0  startup_stm32f103xb.o ABSOLUTE
    __Vectors                                0x08000000   Data           4  startup_stm32f103xb.o(RESET)
    __Vectors_End                            0x080000ec   Data           0  startup_stm32f103xb.o(RESET)
    __main                                   0x080000ed   Thumb Code     0  entry.o(.ARM.Collect$$$$00000000)
    _main_stk                                0x080000ed   Thumb Code     0  entry2.o(.ARM.Collect$$$$00000001)
    _main_scatterload                        0x080000f1   Thumb Code     0  entry5.o(.ARM.Collect$$$$00000004)
    __main_after_scatterload                 0x080000f5   Thumb Code     0  entry5.o(.ARM.Collect$$$$00000004)
    _main_clock                              0x080000f5   Thumb Code     0  entry7b.o(.ARM.Collect$$$$00000008)
    _main_cpp_init                           0x080000f5   Thumb Code     0  entry8b.o(.ARM.Collect$$$$0000000A)
    _main_init                               0x080000f5   Thumb Code     0  entry9a.o(.ARM.Collect$$$$0000000B)
    __rt_final_cpp                           0x080000fd   Thumb Code     0  entry10a.o(.ARM.Collect$$$$0000000D)
    __rt_final_exit                          0x080000fd   Thumb Code     0  entry11a.o(.ARM.Collect$$$$0000000F)
    Reset_Handler                            0x08000101   Thumb Code     8  startup_stm32f103xb.o(.text)
    CAN1_RX1_IRQHandler                      0x0800011b   Thumb Code     0  startup_stm32f103xb.o(.text)
    CAN1_SCE_IRQHandler                      0x0800011b   Thumb Code     0  startup_stm32f103xb.o(.text)
    DMA1_Channel1_IRQHandler                 0x0800011b   Thumb Code     0  startup_stm32f103xb.o(.text)
    DMA1_Channel2_IRQHandler                 0x0800011b   Thumb Code     0  startup_stm32f103xb.o(.text)
    DMA1_Channel4_IRQHandler                 0x0800011b   Thumb Code     0  startup_stm32f103xb.o(.text)
    DMA1_Channel5_IRQHandler                 0x0800011b   Thumb Code     0  startup_stm32f103xb.o(.text)
    DMA1_Channel6_IRQHandler                 0x0800011b   Thumb Code     0  startup_stm32f103xb.o(.text)
    DMA1_Channel7_IRQHandler                 0x0800011b   Thumb Code     0  startup_stm32f103xb.o(.text)
    EXTI0_IRQHandler                         0x0800011b   Thumb Code     0  startup_stm32f103xb.o(.text)
    EXTI15_10_IRQHandler                     0x0800011b   Thumb Code     0  startup_stm32f103xb.o(.text)
    EXTI1_IRQHandler                         0x0800011b   Thumb Code     0  startup_stm32f103xb.o(.text)
    EXTI2_IRQHandler                         0x0800011b   Thumb Code     0  startup_stm32f103xb.o(.text)
    EXTI3_IRQHandler                         0x0800011b   Thumb Code     0  startup_stm32f103xb.o(.text)
    EXTI4_IRQHandler                         0x0800011b   Thumb Code     0  startup_stm32f103xb.o(.text)
    I2C1_ER_IRQHandler                       0x0800011b   Thumb Code     0  startup_stm32f103xb.o(.text)
    I2C1_EV_IRQHandler                       0x0800011b   Thumb Code     0  startup_stm32f103xb.o(.text)
    I2C2_ER_IRQHandler                       0x0800011b   Thumb Code     0  startup_stm32f103xb.o(.text)
    I2C2_EV_IRQHandler                       0x0800011b   Thumb Code     0  startup_stm32f103xb.o(.text)
    RTC_Alarm_IRQHandler                     0x0800011b   Thumb Code     0  startup_stm32f103xb.o(.text)
    RTC_IRQHandler                           0x0800011b   Thumb Code     0  startup_stm32f103xb.o(.text)
    SPI1_IRQHandler                          0x0800011b   Thumb Code     0  startup_stm32f103xb.o(.text)
    SPI2_IRQHandler                          0x0800011b   Thumb Code     0  startup_stm32f103xb.o(.text)
    TAMPER_IRQHandler                        0x0800011b   Thumb Code     0  startup_stm32f103xb.o(.text)
    TIM1_BRK_IRQHandler                      0x0800011b   Thumb Code     0  startup_stm32f103xb.o(.text)
    TIM1_CC_IRQHandler                       0x0800011b   Thumb Code     0  startup_stm32f103xb.o(.text)
    TIM1_TRG_COM_IRQHandler                  0x0800011b   Thumb Code     0  startup_stm32f103xb.o(.text)
    TIM1_UP_IRQHandler                       0x0800011b   Thumb Code     0  startup_stm32f103xb.o(.text)
    TIM3_IRQHandler                          0x0800011b   Thumb Code     0  startup_stm32f103xb.o(.text)
    USART1_IRQHandler                        0x0800011b   Thumb Code     0  startup_stm32f103xb.o(.text)
    USART2_IRQHandler                        0x0800011b   Thumb Code     0  startup_stm32f103xb.o(.text)
    USART3_IRQHandler                        0x0800011b   Thumb Code     0  startup_stm32f103xb.o(.text)
    USBWakeUp_IRQHandler                     0x0800011b   Thumb Code     0  startup_stm32f103xb.o(.text)
    USB_HP_CAN1_TX_IRQHandler                0x0800011b   Thumb Code     0  startup_stm32f103xb.o(.text)
    USB_LP_CAN1_RX0_IRQHandler               0x0800011b   Thumb Code     0  startup_stm32f103xb.o(.text)
    WWDG_IRQHandler                          0x0800011b   Thumb Code     0  startup_stm32f103xb.o(.text)
    __aeabi_llsr                             0x08000125   Thumb Code    32  llushr.o(.text)
    _ll_ushift_r                             0x08000125   Thumb Code     0  llushr.o(.text)
    __aeabi_memset                           0x08000145   Thumb Code    14  memseta.o(.text)
    __aeabi_memset4                          0x08000145   Thumb Code     0  memseta.o(.text)
    __aeabi_memset8                          0x08000145   Thumb Code     0  memseta.o(.text)
    __aeabi_memclr                           0x08000153   Thumb Code     4  memseta.o(.text)
    __aeabi_memclr4                          0x08000153   Thumb Code     0  memseta.o(.text)
    __aeabi_memclr8                          0x08000153   Thumb Code     0  memseta.o(.text)
    _memset$wrapper                          0x08000157   Thumb Code    18  memseta.o(.text)
    __scatterload                            0x08000169   Thumb Code    28  init.o(.text)
    __scatterload_rt2                        0x08000169   Thumb Code     0  init.o(.text)
    ADC1_2_IRQHandler                        0x0800018d   Thumb Code    16  stm32f1xx_it.o(i.ADC1_2_IRQHandler)
    ADC_ConversionStop_Disable               0x080001a5   Thumb Code    82  stm32f1xx_hal_adc.o(i.ADC_ConversionStop_Disable)
    BusFault_Handler                         0x080001f7   Thumb Code     4  stm32f1xx_it.o(i.BusFault_Handler)
    Cut_Igntion                              0x080001fd   Thumb Code    32  main.o(i.Cut_Igntion)
    DMA1_Channel3_IRQHandler                 0x08000225   Thumb Code    10  stm32f1xx_it.o(i.DMA1_Channel3_IRQHandler)
    DebugMon_Handler                         0x08000261   Thumb Code     2  stm32f1xx_it.o(i.DebugMon_Handler)
    EXTI9_5_IRQHandler                       0x08000263   Thumb Code    12  stm32f1xx_it.o(i.EXTI9_5_IRQHandler)
    Engine_STOP_test                         0x08000271   Thumb Code    48  main.o(i.Engine_STOP_test)
    Error_Handler                            0x080002ad   Thumb Code     2  main.o(i.Error_Handler)
    FLASH_IRQHandler                         0x080002af   Thumb Code     8  stm32f1xx_it.o(i.FLASH_IRQHandler)
    FLASH_PageErase                          0x080002e1   Thumb Code    32  stm32f1xx_hal_flash_ex.o(i.FLASH_PageErase)
    FLASH_WaitForLastOperation               0x080003ad   Thumb Code   106  stm32f1xx_hal_flash.o(i.FLASH_WaitForLastOperation)
    Falling_Edge_Event                       0x0800041d   Thumb Code    58  main.o(i.Falling_Edge_Event)
    Flash_Read_Data                          0x08000465   Thumb Code    28  flash_page.o(i.Flash_Read_Data)
    Flash_Write_Data                         0x08000481   Thumb Code   126  flash_page.o(i.Flash_Write_Data)
    HAL_ADCEx_InjectedConvCpltCallback       0x08000535   Thumb Code     2  stm32f1xx_hal_adc_ex.o(i.HAL_ADCEx_InjectedConvCpltCallback)
    HAL_ADC_ConfigChannel                    0x08000539   Thumb Code   338  stm32f1xx_hal_adc.o(i.HAL_ADC_ConfigChannel)
    HAL_ADC_ConvCpltCallback                 0x08000699   Thumb Code     2  stm32f1xx_hal_adc.o(i.HAL_ADC_ConvCpltCallback)
    HAL_ADC_IRQHandler                       0x0800069b   Thumb Code   290  stm32f1xx_hal_adc.o(i.HAL_ADC_IRQHandler)
    HAL_ADC_Init                             0x080007bd   Thumb Code   314  stm32f1xx_hal_adc.o(i.HAL_ADC_Init)
    HAL_ADC_LevelOutOfWindowCallback         0x08000901   Thumb Code     2  stm32f1xx_hal_adc.o(i.HAL_ADC_LevelOutOfWindowCallback)
    HAL_ADC_MspInit                          0x08000905   Thumb Code   210  stm32f1xx_hal_msp.o(i.HAL_ADC_MspInit)
    HAL_DMA_IRQHandler                       0x080009e9   Thumb Code   408  stm32f1xx_hal_dma.o(i.HAL_DMA_IRQHandler)
    HAL_DMA_Init                             0x08000b85   Thumb Code   100  stm32f1xx_hal_dma.o(i.HAL_DMA_Init)
    HAL_DMA_Start_IT                         0x08000bed   Thumb Code   156  stm32f1xx_hal_dma.o(i.HAL_DMA_Start_IT)
    HAL_FLASHEx_Erase                        0x08000c89   Thumb Code   168  stm32f1xx_hal_flash_ex.o(i.HAL_FLASHEx_Erase)
    HAL_FLASH_EndOfOperationCallback         0x08000d39   Thumb Code     2  stm32f1xx_hal_flash.o(i.HAL_FLASH_EndOfOperationCallback)
    HAL_FLASH_GetError                       0x08000d3d   Thumb Code     6  stm32f1xx_hal_flash.o(i.HAL_FLASH_GetError)
    HAL_FLASH_IRQHandler                     0x08000d49   Thumb Code   376  stm32f1xx_hal_flash.o(i.HAL_FLASH_IRQHandler)
    HAL_FLASH_Lock                           0x08000ec9   Thumb Code    16  stm32f1xx_hal_flash.o(i.HAL_FLASH_Lock)
    HAL_FLASH_OperationErrorCallback         0x08000edd   Thumb Code     2  stm32f1xx_hal_flash.o(i.HAL_FLASH_OperationErrorCallback)
    HAL_FLASH_Program                        0x08000ee1   Thumb Code   168  stm32f1xx_hal_flash.o(i.HAL_FLASH_Program)
    HAL_FLASH_Unlock                         0x08000f91   Thumb Code    36  stm32f1xx_hal_flash.o(i.HAL_FLASH_Unlock)
    HAL_GPIO_EXTI_Callback                   0x08000fc1   Thumb Code     2  stm32f1xx_hal_gpio.o(i.HAL_GPIO_EXTI_Callback)
    HAL_GPIO_EXTI_IRQHandler                 0x08000fc5   Thumb Code    24  stm32f1xx_hal_gpio.o(i.HAL_GPIO_EXTI_IRQHandler)
    HAL_GPIO_Init                            0x08000fe1   Thumb Code   766  stm32f1xx_hal_gpio.o(i.HAL_GPIO_Init)
    HAL_GPIO_TogglePin                       0x08001301   Thumb Code    14  stm32f1xx_hal_gpio.o(i.HAL_GPIO_TogglePin)
    HAL_GPIO_WritePin                        0x0800130f   Thumb Code    12  stm32f1xx_hal_gpio.o(i.HAL_GPIO_WritePin)
    HAL_GetTick                              0x0800131d   Thumb Code     6  stm32f1xx_hal.o(i.HAL_GetTick)
    HAL_IncTick                              0x08001329   Thumb Code    16  stm32f1xx_hal.o(i.HAL_IncTick)
    HAL_Init                                 0x08001341   Thumb Code    34  stm32f1xx_hal.o(i.HAL_Init)
    HAL_InitTick                             0x08001369   Thumb Code    64  stm32f1xx_hal.o(i.HAL_InitTick)
    HAL_MspInit                              0x080013b5   Thumb Code   130  stm32f1xx_hal_msp.o(i.HAL_MspInit)
    HAL_NVIC_EnableIRQ                       0x08001441   Thumb Code    32  stm32f1xx_hal_cortex.o(i.HAL_NVIC_EnableIRQ)
    HAL_NVIC_SetPriority                     0x08001461   Thumb Code   124  stm32f1xx_hal_cortex.o(i.HAL_NVIC_SetPriority)
    HAL_NVIC_SetPriorityGrouping             0x080014dd   Thumb Code    32  stm32f1xx_hal_cortex.o(i.HAL_NVIC_SetPriorityGrouping)
    HAL_PWR_PVDCallback                      0x08001505   Thumb Code     2  stm32f1xx_hal_pwr.o(i.HAL_PWR_PVDCallback)
    HAL_PWR_PVD_IRQHandler                   0x08001509   Thumb Code    26  stm32f1xx_hal_pwr.o(i.HAL_PWR_PVD_IRQHandler)
    HAL_RCCEx_PeriphCLKConfig                0x08001529   Thumb Code   290  stm32f1xx_hal_rcc_ex.o(i.HAL_RCCEx_PeriphCLKConfig)
    HAL_RCC_ClockConfig                      0x08001659   Thumb Code   376  stm32f1xx_hal_rcc.o(i.HAL_RCC_ClockConfig)
    HAL_RCC_GetHCLKFreq                      0x080017e5   Thumb Code     6  stm32f1xx_hal_rcc.o(i.HAL_RCC_GetHCLKFreq)
    HAL_RCC_GetPCLK1Freq                     0x080017f1   Thumb Code    22  stm32f1xx_hal_rcc.o(i.HAL_RCC_GetPCLK1Freq)
    HAL_RCC_GetPCLK2Freq                     0x08001811   Thumb Code    22  stm32f1xx_hal_rcc.o(i.HAL_RCC_GetPCLK2Freq)
    HAL_RCC_GetSysClockFreq                  0x08001831   Thumb Code   116  stm32f1xx_hal_rcc.o(i.HAL_RCC_GetSysClockFreq)
    HAL_RCC_OscConfig                        0x080018c5   Thumb Code  1114  stm32f1xx_hal_rcc.o(i.HAL_RCC_OscConfig)
    HAL_SYSTICK_Config                       0x08001d29   Thumb Code    52  stm32f1xx_hal_cortex.o(i.HAL_SYSTICK_Config)
    HAL_TIMEx_BreakCallback                  0x08001d5d   Thumb Code     2  stm32f1xx_hal_tim_ex.o(i.HAL_TIMEx_BreakCallback)
    HAL_TIMEx_CommutCallback                 0x08001d5f   Thumb Code     2  stm32f1xx_hal_tim_ex.o(i.HAL_TIMEx_CommutCallback)
    HAL_TIMEx_MasterConfigSynchronization    0x08001d61   Thumb Code    84  stm32f1xx_hal_tim_ex.o(i.HAL_TIMEx_MasterConfigSynchronization)
    HAL_TIM_Base_Init                        0x08001db5   Thumb Code    52  stm32f1xx_hal_tim.o(i.HAL_TIM_Base_Init)
    HAL_TIM_Base_MspInit                     0x08001de9   Thumb Code   194  stm32f1xx_hal_msp.o(i.HAL_TIM_Base_MspInit)
    HAL_TIM_ConfigClockSource                0x08001ebd   Thumb Code   264  stm32f1xx_hal_tim.o(i.HAL_TIM_ConfigClockSource)
    HAL_TIM_IC_CaptureCallback               0x08001fc5   Thumb Code    42  main.o(i.HAL_TIM_IC_CaptureCallback)
    HAL_TIM_IC_ConfigChannel                 0x08001fef   Thumb Code   224  stm32f1xx_hal_tim.o(i.HAL_TIM_IC_ConfigChannel)
    HAL_TIM_IC_Init                          0x080020cf   Thumb Code    52  stm32f1xx_hal_tim.o(i.HAL_TIM_IC_Init)
    HAL_TIM_IC_MspInit                       0x08002103   Thumb Code     2  stm32f1xx_hal_tim.o(i.HAL_TIM_IC_MspInit)
    HAL_TIM_IC_Start_IT                      0x08002105   Thumb Code   120  stm32f1xx_hal_tim.o(i.HAL_TIM_IC_Start_IT)
    HAL_TIM_IRQHandler                       0x0800217d   Thumb Code   406  stm32f1xx_hal_tim.o(i.HAL_TIM_IRQHandler)
    HAL_TIM_OC_ConfigChannel                 0x08002313   Thumb Code   116  stm32f1xx_hal_tim.o(i.HAL_TIM_OC_ConfigChannel)
    HAL_TIM_OC_DelayElapsedCallback          0x08002389   Thumb Code    86  main.o(i.HAL_TIM_OC_DelayElapsedCallback)
    HAL_TIM_OC_Init                          0x080023e5   Thumb Code    52  stm32f1xx_hal_tim.o(i.HAL_TIM_OC_Init)
    HAL_TIM_OC_MspInit                       0x08002419   Thumb Code     2  stm32f1xx_hal_tim.o(i.HAL_TIM_OC_MspInit)
    HAL_TIM_OC_Start_IT                      0x0800241d   Thumb Code   148  stm32f1xx_hal_tim.o(i.HAL_TIM_OC_Start_IT)
    HAL_TIM_OC_Stop_IT                       0x080024b5   Thumb Code   188  stm32f1xx_hal_tim.o(i.HAL_TIM_OC_Stop_IT)
    HAL_TIM_PWM_PulseFinishedCallback        0x08002575   Thumb Code     2  stm32f1xx_hal_tim.o(i.HAL_TIM_PWM_PulseFinishedCallback)
    HAL_TIM_PeriodElapsedCallback            0x08002579   Thumb Code    20  main.o(i.HAL_TIM_PeriodElapsedCallback)
    HAL_TIM_ReadCapturedValue                0x08002591   Thumb Code    50  stm32f1xx_hal_tim.o(i.HAL_TIM_ReadCapturedValue)
    HAL_TIM_TriggerCallback                  0x080025c3   Thumb Code     2  stm32f1xx_hal_tim.o(i.HAL_TIM_TriggerCallback)
    HAL_UART_ErrorCallback                   0x080025c5   Thumb Code    14  main.o(i.HAL_UART_ErrorCallback)
    HAL_UART_Init                            0x080025d9   Thumb Code   114  stm32f1xx_hal_uart.o(i.HAL_UART_Init)
    HAL_UART_MspInit                         0x0800264d   Thumb Code   172  stm32f1xx_hal_msp.o(i.HAL_UART_MspInit)
    HAL_UART_Receive_DMA                     0x0800270d   Thumb Code   182  stm32f1xx_hal_uart.o(i.HAL_UART_Receive_DMA)
    HAL_UART_RxCpltCallback                  0x080027d1   Thumb Code    22  main.o(i.HAL_UART_RxCpltCallback)
    HAL_UART_RxHalfCpltCallback              0x080027f5   Thumb Code     2  stm32f1xx_hal_uart.o(i.HAL_UART_RxHalfCpltCallback)
    HAL_UART_Transmit_DMA                    0x080027f9   Thumb Code   142  stm32f1xx_hal_uart.o(i.HAL_UART_Transmit_DMA)
    HAL_UART_TxCpltCallback                  0x08002895   Thumb Code     8  main.o(i.HAL_UART_TxCpltCallback)
    HAL_UART_TxHalfCpltCallback              0x080028a1   Thumb Code     2  stm32f1xx_hal_uart.o(i.HAL_UART_TxHalfCpltCallback)
    HardFault_Handler                        0x080028a3   Thumb Code     4  stm32f1xx_it.o(i.HardFault_Handler)
    Ignition_nTime                           0x080028a9   Thumb Code    26  main.o(i.Ignition_nTime)
    MemManage_Handler                        0x08002d41   Thumb Code     4  stm32f1xx_it.o(i.MemManage_Handler)
    NMI_Handler                              0x08002d45   Thumb Code     2  stm32f1xx_it.o(i.NMI_Handler)
    PVD_IRQHandler                           0x08002d47   Thumb Code     8  stm32f1xx_it.o(i.PVD_IRQHandler)
    PendSV_Handler                           0x08002d4f   Thumb Code     2  stm32f1xx_it.o(i.PendSV_Handler)
    Periodic_task                            0x08002d51   Thumb Code    60  main.o(i.Periodic_task)
    Pulse_Generator_Scheduler                0x08002d8d   Thumb Code   150  main.o(i.Pulse_Generator_Scheduler)
    RCC_IRQHandler                           0x08002e59   Thumb Code     2  stm32f1xx_it.o(i.RCC_IRQHandler)
    Rising_Edge_Event                        0x08002e5d   Thumb Code    74  main.o(i.Rising_Edge_Event)
    SVC_Handler                              0x08002eb9   Thumb Code     2  stm32f1xx_it.o(i.SVC_Handler)
    Set_Ouput_InterruptionTest               0x08002ebd   Thumb Code    12  main.o(i.Set_Ouput_InterruptionTest)
    Set_Ouput_Inversor                       0x08002ecd   Thumb Code    32  main.o(i.Set_Ouput_Inversor)
    Set_Ouput_LED                            0x08002ef1   Thumb Code    14  main.o(i.Set_Ouput_LED)
    Set_Ouput_LED_Blue                       0x08002f05   Thumb Code    14  main.o(i.Set_Ouput_LED_Blue)
    Set_Ouput_LED_Red                        0x08002f19   Thumb Code    14  main.o(i.Set_Ouput_LED_Red)
    Set_Ouput_LED_Yellow                     0x08002f2d   Thumb Code    14  main.o(i.Set_Ouput_LED_Yellow)
    Set_Ouput_Trigger                        0x08002f41   Thumb Code    32  main.o(i.Set_Ouput_Trigger)
    Set_Pulse_Program                        0x08002f65   Thumb Code   350  main.o(i.Set_Pulse_Program)
    Statistics                               0x080030ed   Thumb Code    56  main.o(i.Statistics)
    SysTick_Handler                          0x08003129   Thumb Code     8  stm32f1xx_it.o(i.SysTick_Handler)
    SystemClock_Config                       0x08003131   Thumb Code   132  main.o(i.SystemClock_Config)
    SystemInit                               0x080031b5   Thumb Code    70  system_stm32f1xx.o(i.SystemInit)
    TIM2_IRQHandler                          0x0800320d   Thumb Code    10  stm32f1xx_it.o(i.TIM2_IRQHandler)
    TIM4_IRQHandler                          0x0800321d   Thumb Code    10  stm32f1xx_it.o(i.TIM4_IRQHandler)
    TIM_Base_SetConfig                       0x0800322d   Thumb Code   104  stm32f1xx_hal_tim.o(i.TIM_Base_SetConfig)
    TIM_CCxChannelCmd                        0x080032a1   Thumb Code    34  stm32f1xx_hal_tim.o(i.TIM_CCxChannelCmd)
    TIM_ETR_SetConfig                        0x080032c3   Thumb Code    22  stm32f1xx_hal_tim.o(i.TIM_ETR_SetConfig)
    TIM_OC2_SetConfig                        0x0800334d   Thumb Code   100  stm32f1xx_hal_tim.o(i.TIM_OC2_SetConfig)
    TIM_TI1_SetConfig                        0x0800348d   Thumb Code    90  stm32f1xx_hal_tim.o(i.TIM_TI1_SetConfig)
    Task_Fast                                0x080035cb   Thumb Code     8  main.o(i.Task_Fast)
    Task_Medium                              0x080035d5   Thumb Code    30  main.o(i.Task_Medium)
    Task_Slow                                0x080035f9   Thumb Code    16  main.o(i.Task_Slow)
    Treat_Int                                0x08003609   Thumb Code   108  main.o(i.Treat_Int)
    TurnOffAllPulseInt                       0x0800367d   Thumb Code    36  main.o(i.TurnOffAllPulseInt)
    UsageFault_Handler                       0x08003961   Thumb Code     4  stm32f1xx_it.o(i.UsageFault_Handler)
    __scatterload_copy                       0x0800399d   Thumb Code    14  handlers.o(i.__scatterload_copy)
    __scatterload_null                       0x080039ab   Thumb Code     2  handlers.o(i.__scatterload_null)
    __scatterload_zeroinit                   0x080039ad   Thumb Code    14  handlers.o(i.__scatterload_zeroinit)
    binarySearch                             0x080039bb   Thumb Code    64  main.o(i.binarySearch)
    copyCalibFlashToRam                      0x080039fd   Thumb Code    12  main.o(i.copyCalibFlashToRam)
    copyCalibUartToRam                       0x08003a11   Thumb Code    22  main.o(i.copyCalibUartToRam)
    digitalFilter16bits                      0x08003a31   Thumb Code    28  main.o(i.digitalFilter16bits)
    initializeCalibOnRAM                     0x08003a51   Thumb Code    20  main.o(i.initializeCalibOnRAM)
    linearInterpolation                      0x08003a6d   Thumb Code   122  main.o(i.linearInterpolation)
    main                                     0x08003ae9   Thumb Code   146  main.o(i.main)
    predictionCalc                           0x08003b9d   Thumb Code   136  main.o(i.predictionCalc)
    receiveData                              0x08003c41   Thumb Code   108  main.o(i.receiveData)
    saveCalibRamToFlash                      0x08003cb9   Thumb Code    14  main.o(i.saveCalibRamToFlash)
    systemInitialization                     0x08003cd1   Thumb Code    32  main.o(i.systemInitialization)
    transmitCalibToUART                      0x08003cfd   Thumb Code    76  main.o(i.transmitCalibToUART)
    transmitSystemInfo                       0x08003d59   Thumb Code   242  main.o(i.transmitSystemInfo)
    AHBPrescTable                            0x08003e88   Data          16  system_stm32f1xx.o(.constdata)
    APBPrescTable                            0x08003e98   Data           8  system_stm32f1xx.o(.constdata)
    Region$$Table$$Base                      0x08003ea0   Number         0  anon$$obj.o(Region$$Table)
    Region$$Table$$Limit                     0x08003ec0   Number         0  anon$$obj.o(Region$$Table)
    int_types                                0x20000000   Data           1  main.o(.data)
    status                                   0x20000001   Data           1  main.o(.data)
    engstates                                0x20000002   Data           1  main.o(.data)
    transmstatus                             0x20000003   Data           1  main.o(.data)
    receptstatus                             0x20000004   Data           1  main.o(.data)
    pulseMngmt                               0x20000005   Data           1  main.o(.data)
    flgTransmition                           0x20000006   Data           1  main.o(.data)
    uwTick                                   0x20000040   Data           4  stm32f1xx_hal.o(.data)
    uwTickPrio                               0x20000044   Data           4  stm32f1xx_hal.o(.data)
    uwTickFreq                               0x20000048   Data           1  stm32f1xx_hal.o(.data)
    SystemCoreClock                          0x2000004c   Data           4  system_stm32f1xx.o(.data)
    hadc1                                    0x20000060   Data          48  main.o(.bss)
    hadc2                                    0x20000090   Data          48  main.o(.bss)
    htim2                                    0x200000c0   Data          64  main.o(.bss)
    htim4                                    0x20000100   Data          64  main.o(.bss)
    huart3                                   0x20000140   Data          64  main.o(.bss)
    hdma_usart3_rx                           0x20000180   Data          68  main.o(.bss)
    calibFlashBlock                          0x200001c4   Data          44  main.o(.bss)
    scenario                                 0x200001f0   Data          64  main.o(.bss)
    request                                  0x20000230   Data          36  main.o(.bss)
    Pulse_Program                            0x20000254   Data          36  main.o(.bss)
    array_sched_var                          0x20000278   Data          24  main.o(.bss)
    UART3_txBuffer                           0x20000290   Data          46  main.o(.bss)
    UART3_rxBuffer                           0x200002be   Data          46  main.o(.bss)
    UART3_rxBufferAlt                        0x200002ec   Data          11  main.o(.bss)
    pFlash                                   0x200002f8   Data          32  stm32f1xx_hal_flash.o(.bss)
    __initial_sp                             0x20000718   Data           0  startup_stm32f103xb.o(STACK)



==============================================================================

Memory Map of the image

  Image Entry point : 0x080000ed

  Load Region LR_IROM1 (Base: 0x08000000, Size: 0x00003f10, Max: 0x00010000, ABSOLUTE)

    Execution Region ER_IROM1 (Exec base: 0x08000000, Load base: 0x08000000, Size: 0x00003ec0, Max: 0x00010000, ABSOLUTE)

    Exec Addr    Load Addr    Size         Type   Attr      Idx    E Section Name        Object

    0x08000000   0x08000000   0x000000ec   Data   RO            3    RESET               startup_stm32f103xb.o
    0x080000ec   0x080000ec   0x00000000   Code   RO         3303  * .ARM.Collect$$$$00000000  mc_w.l(entry.o)
    0x080000ec   0x080000ec   0x00000004   Code   RO         3312    .ARM.Collect$$$$00000001  mc_w.l(entry2.o)
    0x080000f0   0x080000f0   0x00000004   Code   RO         3315    .ARM.Collect$$$$00000004  mc_w.l(entry5.o)
    0x080000f4   0x080000f4   0x00000000   Code   RO         3317    .ARM.Collect$$$$00000008  mc_w.l(entry7b.o)
    0x080000f4   0x080000f4   0x00000000   Code   RO         3319    .ARM.Collect$$$$0000000A  mc_w.l(entry8b.o)
    0x080000f4   0x080000f4   0x00000008   Code   RO         3320    .ARM.Collect$$$$0000000B  mc_w.l(entry9a.o)
    0x080000fc   0x080000fc   0x00000000   Code   RO         3322    .ARM.Collect$$$$0000000D  mc_w.l(entry10a.o)
    0x080000fc   0x080000fc   0x00000000   Code   RO         3324    .ARM.Collect$$$$0000000F  mc_w.l(entry11a.o)
    0x080000fc   0x080000fc   0x00000004   Code   RO         3313    .ARM.Collect$$$$00002712  mc_w.l(entry2.o)
    0x08000100   0x08000100   0x00000024   Code   RO            4    .text               startup_stm32f103xb.o
    0x08000124   0x08000124   0x00000020   Code   RO         3306    .text               mc_w.l(llushr.o)
    0x08000144   0x08000144   0x00000024   Code   RO         3308    .text               mc_w.l(memseta.o)
    0x08000168   0x08000168   0x00000024   Code   RO         3326    .text               mc_w.l(init.o)
    0x0800018c   0x0800018c   0x00000018   Code   RO          496    i.ADC1_2_IRQHandler  stm32f1xx_it.o
    0x080001a4   0x080001a4   0x00000052   Code   RO          717    i.ADC_ConversionStop_Disable  stm32f1xx_hal_adc.o
    0x080001f6   0x080001f6   0x00000004   Code   RO          497    i.BusFault_Handler  stm32f1xx_it.o
    0x080001fa   0x080001fa   0x00000002   PAD
    0x080001fc   0x080001fc   0x00000028   Code   RO          153    i.Cut_Igntion       main.o
    0x08000224   0x08000224   0x00000010   Code   RO          498    i.DMA1_Channel3_IRQHandler  stm32f1xx_it.o
    0x08000234   0x08000234   0x0000002c   Code   RO         1376    i.DMA_SetConfig     stm32f1xx_hal_dma.o
    0x08000260   0x08000260   0x00000002   Code   RO          499    i.DebugMon_Handler  stm32f1xx_it.o
    0x08000262   0x08000262   0x0000000c   Code   RO          500    i.EXTI9_5_IRQHandler  stm32f1xx_it.o
    0x0800026e   0x0800026e   0x00000002   PAD
    0x08000270   0x08000270   0x0000003c   Code   RO          154    i.Engine_STOP_test  main.o
    0x080002ac   0x080002ac   0x00000002   Code   RO          155    i.Error_Handler     main.o
    0x080002ae   0x080002ae   0x00000008   Code   RO          501    i.FLASH_IRQHandler  stm32f1xx_it.o
    0x080002b6   0x080002b6   0x00000002   PAD
    0x080002b8   0x080002b8   0x00000028   Code   RO         1821    i.FLASH_MassErase   stm32f1xx_hal_flash_ex.o
    0x080002e0   0x080002e0   0x00000028   Code   RO         1830    i.FLASH_PageErase   stm32f1xx_hal_flash_ex.o
    0x08000308   0x08000308   0x00000020   Code   RO         1718    i.FLASH_Program_HalfWord  stm32f1xx_hal_flash.o
    0x08000328   0x08000328   0x00000084   Code   RO         1719    i.FLASH_SetErrorCode  stm32f1xx_hal_flash.o
    0x080003ac   0x080003ac   0x00000070   Code   RO         1720    i.FLASH_WaitForLastOperation  stm32f1xx_hal_flash.o
    0x0800041c   0x0800041c   0x00000048   Code   RO          156    i.Falling_Edge_Event  main.o
    0x08000464   0x08000464   0x0000001c   Code   RO           14    i.Flash_Read_Data   flash_page.o
    0x08000480   0x08000480   0x00000084   Code   RO           15    i.Flash_Write_Data  flash_page.o
    0x08000504   0x08000504   0x00000030   Code   RO           16    i.GetPage           flash_page.o
    0x08000534   0x08000534   0x00000002   Code   RO          899    i.HAL_ADCEx_InjectedConvCpltCallback  stm32f1xx_hal_adc_ex.o
    0x08000536   0x08000536   0x00000002   PAD
    0x08000538   0x08000538   0x00000160   Code   RO          723    i.HAL_ADC_ConfigChannel  stm32f1xx_hal_adc.o
    0x08000698   0x08000698   0x00000002   Code   RO          724    i.HAL_ADC_ConvCpltCallback  stm32f1xx_hal_adc.o
    0x0800069a   0x0800069a   0x00000122   Code   RO          731    i.HAL_ADC_IRQHandler  stm32f1xx_hal_adc.o
    0x080007bc   0x080007bc   0x00000144   Code   RO          732    i.HAL_ADC_Init      stm32f1xx_hal_adc.o
    0x08000900   0x08000900   0x00000002   Code   RO          733    i.HAL_ADC_LevelOutOfWindowCallback  stm32f1xx_hal_adc.o
    0x08000902   0x08000902   0x00000002   PAD
    0x08000904   0x08000904   0x000000e4   Code   RO          621    i.HAL_ADC_MspInit   stm32f1xx_hal_msp.o
    0x080009e8   0x080009e8   0x0000019c   Code   RO         1382    i.HAL_DMA_IRQHandler  stm32f1xx_hal_dma.o
    0x08000b84   0x08000b84   0x00000068   Code   RO         1383    i.HAL_DMA_Init      stm32f1xx_hal_dma.o
    0x08000bec   0x08000bec   0x0000009c   Code   RO         1387    i.HAL_DMA_Start_IT  stm32f1xx_hal_dma.o
    0x08000c88   0x08000c88   0x000000b0   Code   RO         1831    i.HAL_FLASHEx_Erase  stm32f1xx_hal_flash_ex.o
    0x08000d38   0x08000d38   0x00000002   Code   RO         1721    i.HAL_FLASH_EndOfOperationCallback  stm32f1xx_hal_flash.o
    0x08000d3a   0x08000d3a   0x00000002   PAD
    0x08000d3c   0x08000d3c   0x0000000c   Code   RO         1722    i.HAL_FLASH_GetError  stm32f1xx_hal_flash.o
    0x08000d48   0x08000d48   0x00000180   Code   RO         1723    i.HAL_FLASH_IRQHandler  stm32f1xx_hal_flash.o
    0x08000ec8   0x08000ec8   0x00000014   Code   RO         1724    i.HAL_FLASH_Lock    stm32f1xx_hal_flash.o
    0x08000edc   0x08000edc   0x00000002   Code   RO         1728    i.HAL_FLASH_OperationErrorCallback  stm32f1xx_hal_flash.o
    0x08000ede   0x08000ede   0x00000002   PAD
    0x08000ee0   0x08000ee0   0x000000b0   Code   RO         1729    i.HAL_FLASH_Program  stm32f1xx_hal_flash.o
    0x08000f90   0x08000f90   0x00000030   Code   RO         1731    i.HAL_FLASH_Unlock  stm32f1xx_hal_flash.o
    0x08000fc0   0x08000fc0   0x00000002   Code   RO         1311    i.HAL_GPIO_EXTI_Callback  stm32f1xx_hal_gpio.o
    0x08000fc2   0x08000fc2   0x00000002   PAD
    0x08000fc4   0x08000fc4   0x0000001c   Code   RO         1312    i.HAL_GPIO_EXTI_IRQHandler  stm32f1xx_hal_gpio.o
    0x08000fe0   0x08000fe0   0x00000320   Code   RO         1313    i.HAL_GPIO_Init     stm32f1xx_hal_gpio.o
    0x08001300   0x08001300   0x0000000e   Code   RO         1316    i.HAL_GPIO_TogglePin  stm32f1xx_hal_gpio.o
    0x0800130e   0x0800130e   0x0000000c   Code   RO         1317    i.HAL_GPIO_WritePin  stm32f1xx_hal_gpio.o
    0x0800131a   0x0800131a   0x00000002   PAD
    0x0800131c   0x0800131c   0x0000000c   Code   RO         1004    i.HAL_GetTick       stm32f1xx_hal.o
    0x08001328   0x08001328   0x00000018   Code   RO         1010    i.HAL_IncTick       stm32f1xx_hal.o
    0x08001340   0x08001340   0x00000028   Code   RO         1011    i.HAL_Init          stm32f1xx_hal.o
    0x08001368   0x08001368   0x0000004c   Code   RO         1012    i.HAL_InitTick      stm32f1xx_hal.o
    0x080013b4   0x080013b4   0x0000008c   Code   RO          622    i.HAL_MspInit       stm32f1xx_hal_msp.o
    0x08001440   0x08001440   0x00000020   Code   RO         1473    i.HAL_NVIC_EnableIRQ  stm32f1xx_hal_cortex.o
    0x08001460   0x08001460   0x0000007c   Code   RO         1479    i.HAL_NVIC_SetPriority  stm32f1xx_hal_cortex.o
    0x080014dc   0x080014dc   0x00000028   Code   RO         1480    i.HAL_NVIC_SetPriorityGrouping  stm32f1xx_hal_cortex.o
    0x08001504   0x08001504   0x00000002   Code   RO         1608    i.HAL_PWR_PVDCallback  stm32f1xx_hal_pwr.o
    0x08001506   0x08001506   0x00000002   PAD
    0x08001508   0x08001508   0x00000020   Code   RO         1609    i.HAL_PWR_PVD_IRQHandler  stm32f1xx_hal_pwr.o
    0x08001528   0x08001528   0x00000130   Code   RO         1276    i.HAL_RCCEx_PeriphCLKConfig  stm32f1xx_hal_rcc_ex.o
    0x08001658   0x08001658   0x0000018c   Code   RO         1168    i.HAL_RCC_ClockConfig  stm32f1xx_hal_rcc.o
    0x080017e4   0x080017e4   0x0000000c   Code   RO         1173    i.HAL_RCC_GetHCLKFreq  stm32f1xx_hal_rcc.o
    0x080017f0   0x080017f0   0x00000020   Code   RO         1175    i.HAL_RCC_GetPCLK1Freq  stm32f1xx_hal_rcc.o
    0x08001810   0x08001810   0x00000020   Code   RO         1176    i.HAL_RCC_GetPCLK2Freq  stm32f1xx_hal_rcc.o
    0x08001830   0x08001830   0x00000094   Code   RO         1177    i.HAL_RCC_GetSysClockFreq  stm32f1xx_hal_rcc.o
    0x080018c4   0x080018c4   0x00000464   Code   RO         1180    i.HAL_RCC_OscConfig  stm32f1xx_hal_rcc.o
    0x08001d28   0x08001d28   0x00000034   Code   RO         1484    i.HAL_SYSTICK_Config  stm32f1xx_hal_cortex.o
    0x08001d5c   0x08001d5c   0x00000002   Code   RO         2687    i.HAL_TIMEx_BreakCallback  stm32f1xx_hal_tim_ex.o
    0x08001d5e   0x08001d5e   0x00000002   Code   RO         2688    i.HAL_TIMEx_CommutCallback  stm32f1xx_hal_tim_ex.o
    0x08001d60   0x08001d60   0x00000054   Code   RO         2705    i.HAL_TIMEx_MasterConfigSynchronization  stm32f1xx_hal_tim_ex.o
    0x08001db4   0x08001db4   0x00000034   Code   RO         2001    i.HAL_TIM_Base_Init  stm32f1xx_hal_tim.o
    0x08001de8   0x08001de8   0x000000d4   Code   RO          624    i.HAL_TIM_Base_MspInit  stm32f1xx_hal_msp.o
    0x08001ebc   0x08001ebc   0x00000108   Code   RO         2010    i.HAL_TIM_ConfigClockSource  stm32f1xx_hal_tim.o
    0x08001fc4   0x08001fc4   0x0000002a   Code   RO          157    i.HAL_TIM_IC_CaptureCallback  main.o
    0x08001fee   0x08001fee   0x000000e0   Code   RO         2032    i.HAL_TIM_IC_ConfigChannel  stm32f1xx_hal_tim.o
    0x080020ce   0x080020ce   0x00000034   Code   RO         2035    i.HAL_TIM_IC_Init   stm32f1xx_hal_tim.o
    0x08002102   0x08002102   0x00000002   Code   RO         2037    i.HAL_TIM_IC_MspInit  stm32f1xx_hal_tim.o
    0x08002104   0x08002104   0x00000078   Code   RO         2040    i.HAL_TIM_IC_Start_IT  stm32f1xx_hal_tim.o
    0x0800217c   0x0800217c   0x00000196   Code   RO         2044    i.HAL_TIM_IRQHandler  stm32f1xx_hal_tim.o
    0x08002312   0x08002312   0x00000074   Code   RO         2045    i.HAL_TIM_OC_ConfigChannel  stm32f1xx_hal_tim.o
    0x08002386   0x08002386   0x00000002   PAD
    0x08002388   0x08002388   0x0000005c   Code   RO          158    i.HAL_TIM_OC_DelayElapsedCallback  main.o
    0x080023e4   0x080023e4   0x00000034   Code   RO         2049    i.HAL_TIM_OC_Init   stm32f1xx_hal_tim.o
    0x08002418   0x08002418   0x00000002   Code   RO         2051    i.HAL_TIM_OC_MspInit  stm32f1xx_hal_tim.o
    0x0800241a   0x0800241a   0x00000002   PAD
    0x0800241c   0x0800241c   0x00000098   Code   RO         2054    i.HAL_TIM_OC_Start_IT  stm32f1xx_hal_tim.o
    0x080024b4   0x080024b4   0x000000c0   Code   RO         2057    i.HAL_TIM_OC_Stop_IT  stm32f1xx_hal_tim.o
    0x08002574   0x08002574   0x00000002   Code   RO         2074    i.HAL_TIM_PWM_PulseFinishedCallback  stm32f1xx_hal_tim.o
    0x08002576   0x08002576   0x00000002   PAD
    0x08002578   0x08002578   0x00000018   Code   RO          159    i.HAL_TIM_PeriodElapsedCallback  main.o
    0x08002590   0x08002590   0x00000032   Code   RO         2084    i.HAL_TIM_ReadCapturedValue  stm32f1xx_hal_tim.o
    0x080025c2   0x080025c2   0x00000002   Code   RO         2087    i.HAL_TIM_TriggerCallback  stm32f1xx_hal_tim.o
    0x080025c4   0x080025c4   0x00000014   Code   RO          160    i.HAL_UART_ErrorCallback  main.o
    0x080025d8   0x080025d8   0x00000072   Code   RO         2963    i.HAL_UART_Init     stm32f1xx_hal_uart.o
    0x0800264a   0x0800264a   0x00000002   PAD
    0x0800264c   0x0800264c   0x000000c0   Code   RO          626    i.HAL_UART_MspInit  stm32f1xx_hal_msp.o
    0x0800270c   0x0800270c   0x000000c4   Code   RO         2967    i.HAL_UART_Receive_DMA  stm32f1xx_hal_uart.o
    0x080027d0   0x080027d0   0x00000024   Code   RO          161    i.HAL_UART_RxCpltCallback  main.o
    0x080027f4   0x080027f4   0x00000002   Code   RO         2970    i.HAL_UART_RxHalfCpltCallback  stm32f1xx_hal_uart.o
    0x080027f6   0x080027f6   0x00000002   PAD
    0x080027f8   0x080027f8   0x0000009c   Code   RO         2972    i.HAL_UART_Transmit_DMA  stm32f1xx_hal_uart.o
    0x08002894   0x08002894   0x0000000c   Code   RO          162    i.HAL_UART_TxCpltCallback  main.o
    0x080028a0   0x080028a0   0x00000002   Code   RO         2975    i.HAL_UART_TxHalfCpltCallback  stm32f1xx_hal_uart.o
    0x080028a2   0x080028a2   0x00000004   Code   RO          502    i.HardFault_Handler  stm32f1xx_it.o
    0x080028a6   0x080028a6   0x00000002   PAD
    0x080028a8   0x080028a8   0x00000024   Code   RO          163    i.Ignition_nTime    main.o
    0x080028cc   0x080028cc   0x0000005c   Code   RO          164    i.MX_ADC1_Init      main.o
    0x08002928   0x08002928   0x0000005c   Code   RO          165    i.MX_ADC2_Init      main.o
    0x08002984   0x08002984   0x00000034   Code   RO          166    i.MX_DMA_Init       main.o
    0x080029b8   0x080029b8   0x000001c0   Code   RO          167    i.MX_GPIO_Init      main.o
    0x08002b78   0x08002b78   0x000000b8   Code   RO          168    i.MX_TIM2_Init      main.o
    0x08002c30   0x08002c30   0x000000d8   Code   RO          169    i.MX_TIM4_Init      main.o
    0x08002d08   0x08002d08   0x00000038   Code   RO          170    i.MX_USART3_UART_Init  main.o
    0x08002d40   0x08002d40   0x00000004   Code   RO          503    i.MemManage_Handler  stm32f1xx_it.o
    0x08002d44   0x08002d44   0x00000002   Code   RO          504    i.NMI_Handler       stm32f1xx_it.o
    0x08002d46   0x08002d46   0x00000008   Code   RO          505    i.PVD_IRQHandler    stm32f1xx_it.o
    0x08002d4e   0x08002d4e   0x00000002   Code   RO          506    i.PendSV_Handler    stm32f1xx_it.o
    0x08002d50   0x08002d50   0x0000003c   Code   RO          171    i.Periodic_task     main.o
    0x08002d8c   0x08002d8c   0x000000a4   Code   RO          172    i.Pulse_Generator_Scheduler  main.o
    0x08002e30   0x08002e30   0x00000028   Code   RO         1181    i.RCC_Delay         stm32f1xx_hal_rcc.o
    0x08002e58   0x08002e58   0x00000002   Code   RO          507    i.RCC_IRQHandler    stm32f1xx_it.o
    0x08002e5a   0x08002e5a   0x00000002   PAD
    0x08002e5c   0x08002e5c   0x0000005c   Code   RO          173    i.Rising_Edge_Event  main.o
    0x08002eb8   0x08002eb8   0x00000002   Code   RO          508    i.SVC_Handler       stm32f1xx_it.o
    0x08002eba   0x08002eba   0x00000002   PAD
    0x08002ebc   0x08002ebc   0x00000010   Code   RO          174    i.Set_Ouput_InterruptionTest  main.o
    0x08002ecc   0x08002ecc   0x00000024   Code   RO          175    i.Set_Ouput_Inversor  main.o
    0x08002ef0   0x08002ef0   0x00000014   Code   RO          176    i.Set_Ouput_LED     main.o
    0x08002f04   0x08002f04   0x00000014   Code   RO          177    i.Set_Ouput_LED_Blue  main.o
    0x08002f18   0x08002f18   0x00000014   Code   RO          178    i.Set_Ouput_LED_Red  main.o
    0x08002f2c   0x08002f2c   0x00000014   Code   RO          179    i.Set_Ouput_LED_Yellow  main.o
    0x08002f40   0x08002f40   0x00000024   Code   RO          180    i.Set_Ouput_Trigger  main.o
    0x08002f64   0x08002f64   0x00000188   Code   RO          181    i.Set_Pulse_Program  main.o
    0x080030ec   0x080030ec   0x0000003c   Code   RO          182    i.Statistics        main.o
    0x08003128   0x08003128   0x00000008   Code   RO          509    i.SysTick_Handler   stm32f1xx_it.o
    0x08003130   0x08003130   0x00000084   Code   RO          183    i.SystemClock_Config  main.o
    0x080031b4   0x080031b4   0x00000058   Code   RO         3270    i.SystemInit        system_stm32f1xx.o
    0x0800320c   0x0800320c   0x00000010   Code   RO          510    i.TIM2_IRQHandler   stm32f1xx_it.o
    0x0800321c   0x0800321c   0x00000010   Code   RO          511    i.TIM4_IRQHandler   stm32f1xx_it.o
    0x0800322c   0x0800322c   0x00000074   Code   RO         2089    i.TIM_Base_SetConfig  stm32f1xx_hal_tim.o
    0x080032a0   0x080032a0   0x00000022   Code   RO         2090    i.TIM_CCxChannelCmd  stm32f1xx_hal_tim.o
    0x080032c2   0x080032c2   0x00000016   Code   RO         2100    i.TIM_ETR_SetConfig  stm32f1xx_hal_tim.o
    0x080032d8   0x080032d8   0x00000012   Code   RO         2101    i.TIM_ITRx_SetConfig  stm32f1xx_hal_tim.o
    0x080032ea   0x080032ea   0x00000002   PAD
    0x080032ec   0x080032ec   0x00000060   Code   RO         2102    i.TIM_OC1_SetConfig  stm32f1xx_hal_tim.o
    0x0800334c   0x0800334c   0x00000068   Code   RO         2103    i.TIM_OC2_SetConfig  stm32f1xx_hal_tim.o
    0x080033b4   0x080033b4   0x00000068   Code   RO         2104    i.TIM_OC3_SetConfig  stm32f1xx_hal_tim.o
    0x0800341c   0x0800341c   0x00000048   Code   RO         2105    i.TIM_OC4_SetConfig  stm32f1xx_hal_tim.o
    0x08003464   0x08003464   0x00000026   Code   RO         2107    i.TIM_TI1_ConfigInputStage  stm32f1xx_hal_tim.o
    0x0800348a   0x0800348a   0x00000002   PAD
    0x0800348c   0x0800348c   0x00000068   Code   RO         2108    i.TIM_TI1_SetConfig  stm32f1xx_hal_tim.o
    0x080034f4   0x080034f4   0x00000028   Code   RO         2109    i.TIM_TI2_ConfigInputStage  stm32f1xx_hal_tim.o
    0x0800351c   0x0800351c   0x0000003a   Code   RO         2110    i.TIM_TI2_SetConfig  stm32f1xx_hal_tim.o
    0x08003556   0x08003556   0x00000038   Code   RO         2111    i.TIM_TI3_SetConfig  stm32f1xx_hal_tim.o
    0x0800358e   0x0800358e   0x0000003c   Code   RO         2112    i.TIM_TI4_SetConfig  stm32f1xx_hal_tim.o
    0x080035ca   0x080035ca   0x00000008   Code   RO          184    i.Task_Fast         main.o
    0x080035d2   0x080035d2   0x00000002   PAD
    0x080035d4   0x080035d4   0x00000024   Code   RO          185    i.Task_Medium       main.o
    0x080035f8   0x080035f8   0x00000010   Code   RO          186    i.Task_Slow         main.o
    0x08003608   0x08003608   0x00000074   Code   RO          188    i.Treat_Int         main.o
    0x0800367c   0x0800367c   0x00000028   Code   RO          189    i.TurnOffAllPulseInt  main.o
    0x080036a4   0x080036a4   0x00000050   Code   RO         2977    i.UART_DMAError     stm32f1xx_hal_uart.o
    0x080036f4   0x080036f4   0x00000046   Code   RO         2978    i.UART_DMAReceiveCplt  stm32f1xx_hal_uart.o
    0x0800373a   0x0800373a   0x0000000e   Code   RO         2980    i.UART_DMARxHalfCplt  stm32f1xx_hal_uart.o
    0x08003748   0x08003748   0x00000036   Code   RO         2982    i.UART_DMATransmitCplt  stm32f1xx_hal_uart.o
    0x0800377e   0x0800377e   0x0000000e   Code   RO         2984    i.UART_DMATxHalfCplt  stm32f1xx_hal_uart.o
    0x0800378c   0x0800378c   0x00000020   Code   RO         2986    i.UART_EndRxTransfer  stm32f1xx_hal_uart.o
    0x080037ac   0x080037ac   0x00000014   Code   RO         2988    i.UART_EndTxTransfer  stm32f1xx_hal_uart.o
    0x080037c0   0x080037c0   0x000001a0   Code   RO         2990    i.UART_SetConfig    stm32f1xx_hal_uart.o
    0x08003960   0x08003960   0x00000004   Code   RO          512    i.UsageFault_Handler  stm32f1xx_it.o
    0x08003964   0x08003964   0x00000010   Code   RO         1486    i.__NVIC_GetPriorityGrouping  stm32f1xx_hal_cortex.o
    0x08003974   0x08003974   0x00000028   Code   RO         1487    i.__NVIC_SetPriority  stm32f1xx_hal_cortex.o
    0x0800399c   0x0800399c   0x0000000e   Code   RO         3330    i.__scatterload_copy  mc_w.l(handlers.o)
    0x080039aa   0x080039aa   0x00000002   Code   RO         3331    i.__scatterload_null  mc_w.l(handlers.o)
    0x080039ac   0x080039ac   0x0000000e   Code   RO         3332    i.__scatterload_zeroinit  mc_w.l(handlers.o)
    0x080039ba   0x080039ba   0x00000040   Code   RO          192    i.binarySearch      main.o
    0x080039fa   0x080039fa   0x00000002   PAD
    0x080039fc   0x080039fc   0x00000014   Code   RO          193    i.copyCalibFlashToRam  main.o
    0x08003a10   0x08003a10   0x00000020   Code   RO          195    i.copyCalibUartToRam  main.o
    0x08003a30   0x08003a30   0x00000020   Code   RO          196    i.digitalFilter16bits  main.o
    0x08003a50   0x08003a50   0x0000001c   Code   RO          198    i.initializeCalibOnRAM  main.o
    0x08003a6c   0x08003a6c   0x0000007a   Code   RO          199    i.linearInterpolation  main.o
    0x08003ae6   0x08003ae6   0x00000002   PAD
    0x08003ae8   0x08003ae8   0x000000b4   Code   RO          200    i.main              main.o
    0x08003b9c   0x08003b9c   0x000000a4   Code   RO          201    i.predictionCalc    main.o
    0x08003c40   0x08003c40   0x00000078   Code   RO          202    i.receiveData       main.o
    0x08003cb8   0x08003cb8   0x00000018   Code   RO          203    i.saveCalibRamToFlash  main.o
    0x08003cd0   0x08003cd0   0x0000002c   Code   RO          204    i.systemInitialization  main.o
    0x08003cfc   0x08003cfc   0x0000005c   Code   RO          205    i.transmitCalibToUART  main.o
    0x08003d58   0x08003d58   0x00000104   Code   RO          206    i.transmitSystemInfo  main.o
    0x08003e5c   0x08003e5c   0x0000002c   Data   RO          208    .constdata          main.o
    0x08003e88   0x08003e88   0x00000018   Data   RO         3271    .constdata          system_stm32f1xx.o
    0x08003ea0   0x08003ea0   0x00000020   Data   RO         3328    Region$$Table       anon$$obj.o


    Execution Region RW_IRAM1 (Exec base: 0x20000000, Load base: 0x08003ec0, Size: 0x00000718, Max: 0x00005000, ABSOLUTE)

    Exec Addr    Load Addr    Size         Type   Attr      Idx    E Section Name        Object

    0x20000000   0x08003ec0   0x0000003d   Data   RW          209    .data               main.o
    0x2000003d   0x08003efd   0x00000003   PAD
    0x20000040   0x08003f00   0x00000009   Data   RW         1018    .data               stm32f1xx_hal.o
    0x20000049   0x08003f09   0x00000003   PAD
    0x2000004c   0x08003f0c   0x00000004   Data   RW         3272    .data               system_stm32f1xx.o
    0x20000050        -       0x00000010   Zero   RW           17    .bss                flash_page.o
    0x20000060        -       0x00000297   Zero   RW          207    .bss                main.o
    0x200002f7   0x08003f10   0x00000001   PAD
    0x200002f8        -       0x00000020   Zero   RW         1732    .bss                stm32f1xx_hal_flash.o
    0x20000318        -       0x00000400   Zero   RW            1    STACK               startup_stm32f103xb.o


==============================================================================

Image component sizes


      Code (inc. data)   RO Data    RW Data    ZI Data      Debug   Object Name

       208          6          0          0         16     451409   flash_page.o
      4042        438         44         61        663      29816   main.o
        36          8        236          0       1024        808   startup_stm32f103xb.o
       152         32          0          9          0       5305   stm32f1xx_hal.o
      1052         24          0          0          0       4987   stm32f1xx_hal_adc.o
         2          0          0          0          0       1093   stm32f1xx_hal_adc_ex.o
       304         22          0          0          0      29443   stm32f1xx_hal_cortex.o
       716          8          0          0          0       3511   stm32f1xx_hal_dma.o
       920         62          0          0         32       6688   stm32f1xx_hal_flash.o
       256         26          0          0          0       2571   stm32f1xx_hal_flash_ex.o
       856         38          0          0          0       4429   stm32f1xx_hal_gpio.o
       772         66          0          0          0       3307   stm32f1xx_hal_msp.o
        34          6          0          0          0       1047   stm32f1xx_hal_pwr.o
      1784        110          0          0          0       6048   stm32f1xx_hal_rcc.o
       304         14          0          0          0       1408   stm32f1xx_hal_rcc_ex.o
      2610         54          0          0          0      20821   stm32f1xx_hal_tim.o
        88          0          0          0          0       2373   stm32f1xx_hal_tim_ex.o
      1170         32          0          0          0       8571   stm32f1xx_hal_uart.o
       134         26          0          0          0       7495   stm32f1xx_it.o
        88         18         24          4          0       1175   system_stm32f1xx.o

    ----------------------------------------------------------------------
     15574        990        336         80       1736     592305   Object Totals
         0          0         32          0          0          0   (incl. Generated)
        46          0          0          6          1          0   (incl. Padding)

    ----------------------------------------------------------------------

      Code (inc. data)   RO Data    RW Data    ZI Data      Debug   Library Member Name

         0          0          0          0          0          0   entry.o
         0          0          0          0          0          0   entry10a.o
         0          0          0          0          0          0   entry11a.o
         8          4          0          0          0          0   entry2.o
         4          0          0          0          0          0   entry5.o
         0          0          0          0          0          0   entry7b.o
         0          0          0          0          0          0   entry8b.o
         8          4          0          0          0          0   entry9a.o
        30          0          0          0          0          0   handlers.o
        36          8          0          0          0         68   init.o
        32          0          0          0          0         68   llushr.o
        36          0          0          0          0        108   memseta.o

    ----------------------------------------------------------------------
       154         16          0          0          0        244   Library Totals
         0          0          0          0          0          0   (incl. Padding)

    ----------------------------------------------------------------------

      Code (inc. data)   RO Data    RW Data    ZI Data      Debug   Library Name

       154         16          0          0          0        244   mc_w.l

    ----------------------------------------------------------------------
       154         16          0          0          0        244   Library Totals

    ----------------------------------------------------------------------

==============================================================================


      Code (inc. data)   RO Data    RW Data    ZI Data      Debug   

     15728       1006        336         80       1736     584173   Grand Totals
     15728       1006        336         80       1736     584173   ELF Image Totals
     15728       1006        336         80          0          0   ROM Totals

==============================================================================

    Total RO  Size (Code + RO Data)                16064 (  15.69kB)
    Total RW  Size (RW Data + ZI Data)              1816 (   1.77kB)
    Total ROM Size (Code + RO Data + RW Data)      16144 (  15.77kB)

==============================================================================

